Archive member included to satisfy reference by file (symbol)

c:/nxp/mcuxpressoide_10.2.1_795/ide/tools/bin/../lib/gcc/arm-none-eabi/7.2.1/../../../../arm-none-eabi/lib/thumb/v7e-m/fpv4-sp/hard\libcr_nohost_nf.a(_cr__main.o)
                              ./startup/startup_mk64f12.o (__main)
c:/nxp/mcuxpressoide_10.2.1_795/ide/tools/bin/../lib/gcc/arm-none-eabi/7.2.1/../../../../arm-none-eabi/lib/thumb/v7e-m/fpv4-sp/hard\libcr_nohost_nf.a(_cr_assert.o)
                              ./utilities/fsl_debug_console.o (__assertion_failed)
c:/nxp/mcuxpressoide_10.2.1_795/ide/tools/bin/../lib/gcc/arm-none-eabi/7.2.1/../../../../arm-none-eabi/lib/thumb/v7e-m/fpv4-sp/hard\libcr_nohost_nf.a(__ciob.o)
                              c:/nxp/mcuxpressoide_10.2.1_795/ide/tools/bin/../lib/gcc/arm-none-eabi/7.2.1/../../../../arm-none-eabi/lib/thumb/v7e-m/fpv4-sp/hard\libcr_nohost_nf.a(_cr_assert.o) (__Ciob)
c:/nxp/mcuxpressoide_10.2.1_795/ide/tools/bin/../lib/gcc/arm-none-eabi/7.2.1/../../../../arm-none-eabi/lib/thumb/v7e-m/fpv4-sp/hard\libcr_nohost_nf.a(__sys_appexit.o)
                              c:/nxp/mcuxpressoide_10.2.1_795/ide/tools/bin/../lib/gcc/arm-none-eabi/7.2.1/../../../../arm-none-eabi/lib/thumb/v7e-m/fpv4-sp/hard\libcr_nohost_nf.a(_cr_assert.o) (__sys_appexit)
c:/nxp/mcuxpressoide_10.2.1_795/ide/tools/bin/../lib/gcc/arm-none-eabi/7.2.1/../../../../arm-none-eabi/lib/thumb/v7e-m/fpv4-sp/hard\libcr_c.a(memcpy.o)
                              ./drivers/fsl_ftfx_cache.o (memcpy)
c:/nxp/mcuxpressoide_10.2.1_795/ide/tools/bin/../lib/gcc/arm-none-eabi/7.2.1/../../../../arm-none-eabi/lib/thumb/v7e-m/fpv4-sp/hard\libcr_c.a(memset.o)
                              ./utilities/fsl_debug_console.o (memset)
c:/nxp/mcuxpressoide_10.2.1_795/ide/tools/bin/../lib/gcc/arm-none-eabi/7.2.1/../../../../arm-none-eabi/lib/thumb/v7e-m/fpv4-sp/hard\libcr_c.a(_deferredlazyseek.o)
                              c:/nxp/mcuxpressoide_10.2.1_795/ide/tools/bin/../lib/gcc/arm-none-eabi/7.2.1/../../../../arm-none-eabi/lib/thumb/v7e-m/fpv4-sp/hard\libcr_nohost_nf.a(_cr_assert.o) (__flsbuf)
c:/nxp/mcuxpressoide_10.2.1_795/ide/tools/bin/../lib/gcc/arm-none-eabi/7.2.1/../../../../arm-none-eabi/lib/thumb/v7e-m/fpv4-sp/hard\libcr_c.a(_fflush.o)
                              c:/nxp/mcuxpressoide_10.2.1_795/ide/tools/bin/../lib/gcc/arm-none-eabi/7.2.1/../../../../arm-none-eabi/lib/thumb/v7e-m/fpv4-sp/hard\libcr_c.a(_deferredlazyseek.o) (_fflush)
c:/nxp/mcuxpressoide_10.2.1_795/ide/tools/bin/../lib/gcc/arm-none-eabi/7.2.1/../../../../arm-none-eabi/lib/thumb/v7e-m/fpv4-sp/hard\libcr_c.a(_writebuf.o)
                              c:/nxp/mcuxpressoide_10.2.1_795/ide/tools/bin/../lib/gcc/arm-none-eabi/7.2.1/../../../../arm-none-eabi/lib/thumb/v7e-m/fpv4-sp/hard\libcr_c.a(_deferredlazyseek.o) (_Cwritebuf)
c:/nxp/mcuxpressoide_10.2.1_795/ide/tools/bin/../lib/gcc/arm-none-eabi/7.2.1/../../../../arm-none-eabi/lib/thumb/v7e-m/fpv4-sp/hard\libcr_c.a(alloc.o)
                              ./drivers/fsl_common.o (malloc)
c:/nxp/mcuxpressoide_10.2.1_795/ide/tools/bin/../lib/gcc/arm-none-eabi/7.2.1/../../../../arm-none-eabi/lib/thumb/v7e-m/fpv4-sp/hard\libcr_c.a(fputs.o)
                              c:/nxp/mcuxpressoide_10.2.1_795/ide/tools/bin/../lib/gcc/arm-none-eabi/7.2.1/../../../../arm-none-eabi/lib/thumb/v7e-m/fpv4-sp/hard\libcr_nohost_nf.a(_cr_assert.o) (fputs)
c:/nxp/mcuxpressoide_10.2.1_795/ide/tools/bin/../lib/gcc/arm-none-eabi/7.2.1/../../../../arm-none-eabi/lib/thumb/v7e-m/fpv4-sp/hard\libcr_c.a(fseek.o)
                              c:/nxp/mcuxpressoide_10.2.1_795/ide/tools/bin/../lib/gcc/arm-none-eabi/7.2.1/../../../../arm-none-eabi/lib/thumb/v7e-m/fpv4-sp/hard\libcr_c.a(_deferredlazyseek.o) (fseek)
c:/nxp/mcuxpressoide_10.2.1_795/ide/tools/bin/../lib/gcc/arm-none-eabi/7.2.1/../../../../arm-none-eabi/lib/thumb/v7e-m/fpv4-sp/hard\libcr_c.a(ftell.o)
                              c:/nxp/mcuxpressoide_10.2.1_795/ide/tools/bin/../lib/gcc/arm-none-eabi/7.2.1/../../../../arm-none-eabi/lib/thumb/v7e-m/fpv4-sp/hard\libcr_c.a(fseek.o) (ftell)
c:/nxp/mcuxpressoide_10.2.1_795/ide/tools/bin/../lib/gcc/arm-none-eabi/7.2.1/../../../../arm-none-eabi/lib/thumb/v7e-m/fpv4-sp/hard\libcr_c.a(initio.o)
                              c:/nxp/mcuxpressoide_10.2.1_795/ide/tools/bin/../lib/gcc/arm-none-eabi/7.2.1/../../../../arm-none-eabi/lib/thumb/v7e-m/fpv4-sp/hard\libcr_nohost_nf.a(_cr__main.o) (_initio)
c:/nxp/mcuxpressoide_10.2.1_795/ide/tools/bin/../lib/gcc/arm-none-eabi/7.2.1/../../../../arm-none-eabi/lib/thumb/v7e-m/fpv4-sp/hard\libcr_c.a(setvbuf.o)
                              c:/nxp/mcuxpressoide_10.2.1_795/ide/tools/bin/../lib/gcc/arm-none-eabi/7.2.1/../../../../arm-none-eabi/lib/thumb/v7e-m/fpv4-sp/hard\libcr_c.a(initio.o) (setvbuf)
c:/nxp/mcuxpressoide_10.2.1_795/ide/tools/bin/../lib/gcc/arm-none-eabi/7.2.1/../../../../arm-none-eabi/lib/thumb/v7e-m/fpv4-sp/hard\libcr_c.a(strlen.o)
                              ./utilities/fsl_str.o (strlen)
[...]
Memory Configuration

Name             Origin             Length             Attributes
PROGRAM_FLASH    0x00000000         0x00100000         xr
SRAM_UPPER       0x20000000         0x00030000         xrw
SRAM_LOWER       0x1fff0000         0x00010000         xrw
FLEX_RAM         0x14000000         0x00001000         xrw
*default*        0x00000000         0xffffffff

Linker script and memory map

LOAD ./utilities/fsl_assert.o
LOAD ./utilities/fsl_debug_console.o
LOAD ./utilities/fsl_str.o
LOAD ./startup/startup_mk64f12.o
LOAD ./source/can_example.o
LOAD ./source/leds.o
LOAD ./source/semihost_hardfault.o
LOAD ./drivers/fsl_adc16.o
LOAD ./drivers/fsl_clock.o
LOAD ./drivers/fsl_common.o
LOAD ./drivers/fsl_flexcan.o
LOAD ./drivers/fsl_ftfx_cache.o
LOAD ./drivers/fsl_ftfx_controller.o
LOAD ./drivers/fsl_ftfx_flash.o
LOAD ./drivers/fsl_ftfx_flexnvm.o
LOAD ./drivers/fsl_gpio.o
LOAD ./drivers/fsl_smc.o
LOAD ./drivers/fsl_uart.o
LOAD ./device/system_MK64F12.o
LOAD ./component/uart/uart_adapter.o
LOAD ./component/serial_manager/serial_manager.o
LOAD ./component/serial_manager/serial_port_uart.o
LOAD ./component/lists/generic_list.o
LOAD ./board/board.o
LOAD ./board/clock_config.o
LOAD ./board/pin_mux.o
LOAD ./amazon-freertos/FreeRTOS/portable/fsl_tickless_systick.o
LOAD ./amazon-freertos/FreeRTOS/portable/heap_4.o
LOAD ./amazon-freertos/FreeRTOS/portable/port.o
LOAD ./amazon-freertos/FreeRTOS/event_groups.o
LOAD ./amazon-freertos/FreeRTOS/list.o
LOAD ./amazon-freertos/FreeRTOS/queue.o
LOAD ./amazon-freertos/FreeRTOS/stream_buffer.o
LOAD ./amazon-freertos/FreeRTOS/tasks.o
LOAD ./amazon-freertos/FreeRTOS/timers.o
START GROUP
LOAD c:/nxp/mcuxpressoide_10.2.1_795/ide/tools/bin/../lib/gcc/arm-none-eabi/7.2.1/../../../../arm-none-eabi/lib/thumb/v7e-m/fpv4-sp/hard\libcr_nohost_nf.a
LOAD c:/nxp/mcuxpressoide_10.2.1_795/ide/tools/bin/../lib/gcc/arm-none-eabi/7.2.1/../../../../arm-none-eabi/lib/thumb/v7e-m/fpv4-sp/hard\libcr_c.a
LOAD c:/nxp/mcuxpressoide_10.2.1_795/ide/tools/bin/../lib/gcc/arm-none-eabi/7.2.1/thumb/v7e-m/fpv4-sp/hard\libcr_eabihelpers.a
END GROUP
                0x00000000                __base_PROGRAM_FLASH = 0x0
                0x00000000                __base_Flash = 0x0
                0x00100000                __top_PROGRAM_FLASH = 0x100000
                0x00100000                __top_Flash = 0x100000
                0x20000000                __base_SRAM_UPPER = 0x20000000
                0x20000000                __base_RAM = 0x20000000
                0x20030000                __top_SRAM_UPPER = 0x20030000
                0x20030000                __top_RAM = 0x20030000
                0x1fff0000                __base_SRAM_LOWER = 0x1fff0000
                0x1fff0000                __base_RAM2 = 0x1fff0000
                0x20000000                __top_SRAM_LOWER = 0x20000000
                0x20000000                __top_RAM2 = 0x20000000
                0x14000000                __base_FLEX_RAM = 0x14000000
                0x14000000                __base_RAM3 = 0x14000000
                0x14001000                __top_FLEX_RAM = 0x14001000
                0x14001000                __top_RAM3 = 0x14001000

.text           0x00000000     0x8d68
 FILL mask 0xff
                0x00000000                __vectors_start__ = ABSOLUTE (.)
 *(SORT_BY_ALIGNMENT(.isr_vector))
 .isr_vector    0x00000000      0x198 ./startup/startup_mk64f12.o
                0x00000000                g_pfnVectors
                0x00000000                __Vectors
                0x00000198                . = ALIGN (0x4)
                0x00000198                __section_table_start = .
                0x00000198                __data_section_table = .
                0x00000198        0x4 LONG 0x8d68 LOADADDR (.data)
                0x0000019c        0x4 LONG 0x20000000 ADDR (.data)
                0x000001a0        0x4 LONG 0x14 SIZEOF (.data)
                0x000001a4        0x4 LONG 0x8d68 LOADADDR (.data_RAM2)
                0x000001a8        0x4 LONG 0x1fff0000 ADDR (.data_RAM2)
                0x000001ac        0x4 LONG 0x0 SIZEOF (.data_RAM2)
                0x000001b0        0x4 LONG 0x8d68 LOADADDR (.data_RAM3)
                0x000001b4        0x4 LONG 0x14000000 ADDR (.data_RAM3)
                0x000001b8        0x4 LONG 0x0 SIZEOF (.data_RAM3)
                0x000001bc                __data_section_table_end = .
                0x000001bc                __bss_section_table = .
                0x000001bc        0x4 LONG 0x20000014 ADDR (.bss)
                0x000001c0        0x4 LONG 0x2b78 SIZEOF (.bss)
                0x000001c4        0x4 LONG 0x1fff0000 ADDR (.bss_RAM2)
                0x000001c8        0x4 LONG 0x0 SIZEOF (.bss_RAM2)
                0x000001cc        0x4 LONG 0x14000000 ADDR (.bss_RAM3)
                0x000001d0        0x4 LONG 0x0 SIZEOF (.bss_RAM3)
                0x000001d4                __bss_section_table_end = .
                0x000001d4                __section_table_end = .
 *(SORT_BY_ALIGNMENT(.after_vectors*))
 .after_vectors.reset
                0x000001d4       0x4c ./startup/startup_mk64f12.o
                0x000001d4                ResetISR
 .after_vectors.init_data
                0x00000220       0x1e ./startup/startup_mk64f12.o
                0x00000220                data_init
 .after_vectors.init_bss
                0x0000023e       0x12 ./startup/startup_mk64f12.o
                0x0000023e                bss_init
 .after_vectors
                0x00000250       0x14 ./startup/startup_mk64f12.o
                0x00000250                NMI_Handler
                0x00000254                MemManage_Handler
                0x00000256                BusFault_Handler
                0x00000258                UsageFault_Handler
                0x0000025c                DebugMon_Handler
                0x00000262                LPTMR0_DriverIRQHandler
                0x00000262                DMA_Error_DriverIRQHandler
                0x00000262                SPI1_DriverIRQHandler
                0x00000262                FTM1_DriverIRQHandler
                0x00000262                FTM2_DriverIRQHandler
                0x00000262                PIT2_DriverIRQHandler
                0x00000262                SDHC_DriverIRQHandler
                0x00000262                I2S0_Tx_DriverIRQHandler
                0x00000262                RTC_Seconds_DriverIRQHandler
                0x00000262                DMA6_DriverIRQHandler
                0x00000262                LLWU_DriverIRQHandler
                0x00000262                MCM_DriverIRQHandler
                0x00000262                MCG_DriverIRQHandler
                0x00000262                ENET_1588_Timer_DriverIRQHandler
                0x00000262                I2C2_DriverIRQHandler
                0x00000262                DAC1_DriverIRQHandler
                0x00000262                DMA12_DriverIRQHandler
                0x00000262                CMP1_DriverIRQHandler
                0x00000262                FTM0_DriverIRQHandler
                0x00000262                IntDefaultHandler
                0x00000262                USB0_DriverIRQHandler
                0x00000262                UART5_ERR_DriverIRQHandler
                0x00000262                PORTC_DriverIRQHandler
                0x00000262                DMA11_DriverIRQHandler
                0x00000262                DAC0_DriverIRQHandler
                0x00000262                DMA10_DriverIRQHandler
                0x00000262                CMP2_DriverIRQHandler
                0x00000262                UART2_ERR_DriverIRQHandler
                0x00000262                SPI2_DriverIRQHandler
                0x00000262                LVD_LVW_DriverIRQHandler
                0x00000262                PIT0_DriverIRQHandler
                0x00000262                PORTB_DriverIRQHandler
                0x00000262                DMA5_DriverIRQHandler
                0x00000262                DMA4_DriverIRQHandler
                0x00000262                USBDCD_DriverIRQHandler
                0x00000262                UART3_ERR_DriverIRQHandler
                0x00000262                DMA3_DriverIRQHandler
                0x00000262                DMA8_DriverIRQHandler
                0x00000262                DMA9_DriverIRQHandler
                0x00000262                UART0_ERR_DriverIRQHandler
                0x00000262                CMT_DriverIRQHandler
                0x00000262                Reserved71_DriverIRQHandler
                0x00000262                ADC1_DriverIRQHandler
                0x00000262                PORTA_DriverIRQHandler
                0x00000262                DMA14_DriverIRQHandler
                0x00000262                PIT3_DriverIRQHandler
                0x00000262                PIT1_DriverIRQHandler
                0x00000262                WDOG_EWM_DriverIRQHandler
                0x00000262                PDB0_DriverIRQHandler
                0x00000262                RTC_DriverIRQHandler
                0x00000262                I2S0_Rx_DriverIRQHandler
                0x00000262                Read_Collision_DriverIRQHandler
                0x00000262                SWI_DriverIRQHandler
                0x00000262                UART4_ERR_DriverIRQHandler
                0x00000262                DMA0_DriverIRQHandler
                0x00000262                UART0_LON_DriverIRQHandler
                0x00000262                DMA1_DriverIRQHandler
                0x00000262                I2C1_DriverIRQHandler
                0x00000262                ENET_Receive_DriverIRQHandler
                0x00000262                DMA13_DriverIRQHandler
                0x00000262                ENET_Error_DriverIRQHandler
                0x00000262                DMA15_DriverIRQHandler
                0x00000262                SPI0_DriverIRQHandler
                0x00000262                ADC0_DriverIRQHandler
                0x00000262                CMP0_DriverIRQHandler
                0x00000262                FTM3_DriverIRQHandler
                0x00000262                RNG_DriverIRQHandler
                0x00000262                UART1_ERR_DriverIRQHandler
                0x00000262                DMA2_DriverIRQHandler
                0x00000262                ENET_Transmit_DriverIRQHandler
                0x00000262                PORTD_DriverIRQHandler
                0x00000262                PORTE_DriverIRQHandler
                0x00000262                FTFE_DriverIRQHandler
                0x00000262                I2C0_DriverIRQHandler
                0x00000262                DMA7_DriverIRQHandler
                0x00000400                . = 0x400
 *fill*         0x00000264      0x19c ff
                0x00000400                PROVIDE (__FLASH_CONFIG_START__, .)
 *(SORT_BY_ALIGNMENT(.FlashConfig))
 .FlashConfig   0x00000400       0x10 ./startup/startup_mk64f12.o
                0x00000400                Flash_Config
                0x00000410                PROVIDE (__FLASH_CONFIG_END__, .)
                0x00000001                ASSERT (! ((__FLASH_CONFIG_START__ == __FLASH_CONFIG_END__)), Linker Flash Config Support Enabled, but no .FlashConfig section provided within application)
 *(SORT_BY_ALIGNMENT(.text*))
 .text.SVC_Handler
                0x00000410       0x28 ./amazon-freertos/FreeRTOS/portable/port.o
                0x00000410                SVC_Handler
 *fill*         0x00000438        0x8 ff
 .text.PendSV_Handler
                0x00000440       0x68 ./amazon-freertos/FreeRTOS/portable/port.o
                0x00000440                PendSV_Handler
 .text.DbgConsole_SendData
                0x000004a8       0x58 ./utilities/fsl_debug_console.o
                0x000004a8                DbgConsole_SendData
 .text.DbgConsole_Init
                0x00000500       0xf8 ./utilities/fsl_debug_console.o
                0x00000500                DbgConsole_Init
 .text.DbgConsole_Printf
                0x000005f8       0x64 ./utilities/fsl_debug_console.o
                0x000005f8                DbgConsole_Printf
 .text.__NVIC_EnableIRQ
                0x0000065c       0x3c ./source/can_example.o
 .text.ADC16_GetChannelConversionValue
                0x00000698       0x2c ./source/can_example.o
 .text.flexcan_callback
                0x000006c4       0x64 ./source/can_example.o
 .text.CAN_Init
                0x00000728       0x88 ./source/can_example.o
                0x00000728                CAN_Init
 .text.ADC0_IRQHandler
                0x000007b0       0x3c ./source/can_example.o
                0x000007b0                ADC0_IRQHandler
 .text.read_adc
                0x000007ec       0x74 ./source/can_example.o
                0x000007ec                read_adc
 .text.main     0x00000860       0xcc ./source/can_example.o
                0x00000860                main
 .text.task_presence
                0x0000092c       0x9c ./source/can_example.o
 .text.task_adc
                0x000009c8       0xa0 ./source/can_example.o
 .text.task_rx  0x00000a68       0xdc ./source/can_example.o
 .text.PORT_SetPinConfig
                0x00000b44       0x38 ./source/leds.o
 .text.init_leds
                0x00000b7c       0x9c ./source/leds.o
                0x00000b7c                init_leds
 .text.red_led  0x00000c18       0x30 ./source/leds.o
                0x00000c18                red_led
 .text.turnLedsOff
                0x00000c48       0x30 ./source/leds.o
                0x00000c48                turnLedsOff
 .text.ADC16_GetInstance
                0x00000c78       0x4c ./drivers/fsl_adc16.o
 .text.ADC16_Init
                0x00000cc4      0x10c ./drivers/fsl_adc16.o
                0x00000cc4                ADC16_Init
 .text.ADC16_GetDefaultConfig
                0x00000dd0       0x58 ./drivers/fsl_adc16.o
                0x00000dd0                ADC16_GetDefaultConfig
 .text.ADC16_SetChannelConfig
                0x00000e28       0x68 ./drivers/fsl_adc16.o
                0x00000e28                ADC16_SetChannelConfig
 .text.CLOCK_SetEr32kClock
                0x00000e90       0x30 ./drivers/fsl_clock.o
 .text.CLOCK_SetPllFllSelClock
                0x00000ec0       0x3c ./drivers/fsl_clock.o
 .text.CLOCK_GetMcgExtClkFreq
                0x00000efc       0x78 ./drivers/fsl_clock.o
 .text.CLOCK_GetFllExtRefClkFreq
                0x00000f74       0xd0 ./drivers/fsl_clock.o
 .text.CLOCK_GetInternalRefClkSelectFreq
                0x00001044       0x44 ./drivers/fsl_clock.o
 .text.CLOCK_GetFllRefClkFreq
                0x00001088       0x2c ./drivers/fsl_clock.o
 .text.CLOCK_GetOscRangeFromFreq
                0x000010b4       0x3c ./drivers/fsl_clock.o
 .text.CLOCK_GetOsc0ErClkFreq
                0x000010f0       0x38 ./drivers/fsl_clock.o
                0x000010f0                CLOCK_GetOsc0ErClkFreq
 .text.CLOCK_GetEr32kClkFreq
                0x00001128       0x70 ./drivers/fsl_clock.o
                0x00001128                CLOCK_GetEr32kClkFreq
 .text.CLOCK_GetPllFllSelClkFreq
                0x00001198       0x54 ./drivers/fsl_clock.o
                0x00001198                CLOCK_GetPllFllSelClkFreq
 .text.CLOCK_GetCoreSysClkFreq
                0x000011ec       0x28 ./drivers/fsl_clock.o
                0x000011ec                CLOCK_GetCoreSysClkFreq
 .text.CLOCK_GetFreq
                0x00001214      0x148 ./drivers/fsl_clock.o
                0x00001214                CLOCK_GetFreq
 .text.CLOCK_SetSimConfig
                0x0000135c       0x38 ./drivers/fsl_clock.o
                0x0000135c                CLOCK_SetSimConfig
 .text.CLOCK_GetOutClkFreq
                0x00001394       0x64 ./drivers/fsl_clock.o
                0x00001394                CLOCK_GetOutClkFreq
 .text.CLOCK_GetFllFreq
                0x000013f8       0x7c ./drivers/fsl_clock.o
                0x000013f8                CLOCK_GetFllFreq
 .text.CLOCK_GetInternalRefClkFreq
                0x00001474       0x24 ./drivers/fsl_clock.o
                0x00001474                CLOCK_GetInternalRefClkFreq
 .text.CLOCK_GetPll0Freq
                0x00001498       0x68 ./drivers/fsl_clock.o
                0x00001498                CLOCK_GetPll0Freq
 .text.CLOCK_SetExternalRefClkConfig
                0x00001500       0x6c ./drivers/fsl_clock.o
                0x00001500                CLOCK_SetExternalRefClkConfig
 .text.CLOCK_SetInternalRefClkConfig
                0x0000156c      0x104 ./drivers/fsl_clock.o
                0x0000156c                CLOCK_SetInternalRefClkConfig
 .text.CLOCK_EnablePll0
                0x00001670       0x84 ./drivers/fsl_clock.o
                0x00001670                CLOCK_EnablePll0
 .text.CLOCK_InitOsc0
                0x000016f4       0x8c ./drivers/fsl_clock.o
                0x000016f4                CLOCK_InitOsc0
 .text.CLOCK_SetPbeMode
                0x00001780       0xa8 ./drivers/fsl_clock.o
                0x00001780                CLOCK_SetPbeMode
 .text.CLOCK_BootToPeeMode
                0x00001828       0x64 ./drivers/fsl_clock.o
                0x00001828                CLOCK_BootToPeeMode
 .text.__NVIC_EnableIRQ
                0x0000188c       0x3c ./drivers/fsl_flexcan.o
 .text.FLEXCAN_GetInstance
                0x000018c8       0x44 ./drivers/fsl_flexcan.o
                0x000018c8                FLEXCAN_GetInstance
 .text.FLEXCAN_IsMbIntEnabled
                0x0000190c       0x3c ./drivers/fsl_flexcan.o
 .text.FLEXCAN_Reset
                0x00001948       0xcc ./drivers/fsl_flexcan.o
 .text.FLEXCAN_SetBaudRate
                0x00001a14       0x8c ./drivers/fsl_flexcan.o
 .text.FLEXCAN_Init
                0x00001aa0      0x104 ./drivers/fsl_flexcan.o
                0x00001aa0                FLEXCAN_Init
 .text.FLEXCAN_GetDefaultConfig
                0x00001ba4       0x48 ./drivers/fsl_flexcan.o
                0x00001ba4                FLEXCAN_GetDefaultConfig
 .text.FLEXCAN_SetTimingConfig
                0x00001bec       0x7c ./drivers/fsl_flexcan.o
                0x00001bec                FLEXCAN_SetTimingConfig
 .text.FLEXCAN_SetTxMbConfig
                0x00001c68       0xa4 ./drivers/fsl_flexcan.o
                0x00001c68                FLEXCAN_SetTxMbConfig
 .text.FLEXCAN_SetRxMbConfig
                0x00001d0c       0xf8 ./drivers/fsl_flexcan.o
                0x00001d0c                FLEXCAN_SetRxMbConfig
 .text.FLEXCAN_WriteTxMb
                0x00001e04      0x144 ./drivers/fsl_flexcan.o
                0x00001e04                FLEXCAN_WriteTxMb
 .text.FLEXCAN_ReadRxMb
                0x00001f48      0x118 ./drivers/fsl_flexcan.o
                0x00001f48                FLEXCAN_ReadRxMb
 .text.FLEXCAN_ReadRxFifo
                0x00002060       0xbc ./drivers/fsl_flexcan.o
                0x00002060                FLEXCAN_ReadRxFifo
 .text.FLEXCAN_TransferCreateHandle
                0x0000211c       0xb0 ./drivers/fsl_flexcan.o
                0x0000211c                FLEXCAN_TransferCreateHandle
 .text.FLEXCAN_TransferSendNonBlocking
                0x000021cc      0x110 ./drivers/fsl_flexcan.o
                0x000021cc                FLEXCAN_TransferSendNonBlocking
 .text.FLEXCAN_TransferReceiveNonBlocking
                0x000022dc       0xc4 ./drivers/fsl_flexcan.o
                0x000022dc                FLEXCAN_TransferReceiveNonBlocking
 .text.FLEXCAN_TransferAbortSend
                0x000023a0       0x94 ./drivers/fsl_flexcan.o
                0x000023a0                FLEXCAN_TransferAbortSend
 .text.FLEXCAN_TransferAbortReceive
                0x00002434       0x88 ./drivers/fsl_flexcan.o
                0x00002434                FLEXCAN_TransferAbortReceive
 .text.FLEXCAN_TransferAbortReceiveFifo
                0x000024bc       0x44 ./drivers/fsl_flexcan.o
                0x000024bc                FLEXCAN_TransferAbortReceiveFifo
 .text.FLEXCAN_TransferHandleIRQ
                0x00002500      0x21c ./drivers/fsl_flexcan.o
                0x00002500                FLEXCAN_TransferHandleIRQ
 .text.CAN0_DriverIRQHandler
                0x0000271c       0x34 ./drivers/fsl_flexcan.o
                0x0000271c                CAN0_DriverIRQHandler
 .text.GPIO_PinInit
                0x00002750       0x64 ./drivers/fsl_gpio.o
                0x00002750                GPIO_PinInit
 .text.UART_GetInstance
                0x000027b4       0x54 ./drivers/fsl_uart.o
                0x000027b4                UART_GetInstance
 .text.UART_Init
                0x00002808      0x2d8 ./drivers/fsl_uart.o
                0x00002808                UART_Init
 .text.UART_GetDefaultConfig
                0x00002ae0       0x68 ./drivers/fsl_uart.o
                0x00002ae0                UART_GetDefaultConfig
 .text.UART0_DriverIRQHandler
                0x00002b48       0x28 ./drivers/fsl_uart.o
                0x00002b48                UART0_DriverIRQHandler
 .text.UART1_DriverIRQHandler
                0x00002b70       0x28 ./drivers/fsl_uart.o
                0x00002b70                UART1_DriverIRQHandler
 .text.UART2_DriverIRQHandler
                0x00002b98       0x28 ./drivers/fsl_uart.o
                0x00002b98                UART2_DriverIRQHandler
 .text.UART3_DriverIRQHandler
                0x00002bc0       0x28 ./drivers/fsl_uart.o
                0x00002bc0                UART3_DriverIRQHandler
 .text.UART4_DriverIRQHandler
                0x00002be8       0x28 ./drivers/fsl_uart.o
                0x00002be8                UART4_DriverIRQHandler
 .text.UART5_DriverIRQHandler
                0x00002c10       0x28 ./drivers/fsl_uart.o
                0x00002c10                UART5_DriverIRQHandler
 .text.SystemInit
                0x00002c38       0x3c ./device/system_MK64F12.o
                0x00002c38                SystemInit
 .text.HAL_UartInit
                0x00002c74      0x108 ./component/uart/uart_adapter.o
                0x00002c74                HAL_UartInit
 .text.HAL_UartSendBlocking
                0x00002d7c       0x64 ./component/uart/uart_adapter.o
                0x00002d7c                HAL_UartSendBlocking
 .text.SerialManager_Write
                0x00002de0       0x6c ./component/serial_manager/serial_manager.o
 .text.SerialManager_Init
                0x00002e4c       0x74 ./component/serial_manager/serial_manager.o
                0x00002e4c                SerialManager_Init
 .text.SerialManager_OpenWriteHandle
                0x00002ec0       0x58 ./component/serial_manager/serial_manager.o
                0x00002ec0                SerialManager_OpenWriteHandle
 .text.SerialManager_OpenReadHandle
                0x00002f18       0x60 ./component/serial_manager/serial_manager.o
                0x00002f18                SerialManager_OpenReadHandle
 .text.Serial_UartInit
                0x00002f78       0x80 ./component/serial_manager/serial_port_uart.o
                0x00002f78                Serial_UartInit
 .text.Serial_UartWrite
                0x00002ff8       0x58 ./component/serial_manager/serial_port_uart.o
                0x00002ff8                Serial_UartWrite
 .text.CLOCK_SetSimSafeDivs
                0x00003050       0x20 ./board/clock_config.o
 .text.CLOCK_SetXtal0Freq
                0x00003070       0x20 ./board/clock_config.o
 .text.CLOCK_CONFIG_SetFllExtRefDiv
                0x00003090       0x3c ./board/clock_config.o
 .text.BOARD_BootClockRUN
                0x000030cc       0x60 ./board/clock_config.o
                0x000030cc                BOARD_BootClockRUN
 .text.BOARD_InitPins
                0x0000312c       0x64 ./board/pin_mux.o
                0x0000312c                BOARD_InitPins
 .text.vPortSetupTimerInterrupt
                0x00003190       0x48 ./amazon-freertos/FreeRTOS/portable/fsl_tickless_systick.o
                0x00003190                vPortSetupTimerInterrupt
 .text.pvPortMalloc
                0x000031d8      0x184 ./amazon-freertos/FreeRTOS/portable/heap_4.o
                0x000031d8                pvPortMalloc
 .text.vPortFree
                0x0000335c       0xb0 ./amazon-freertos/FreeRTOS/portable/heap_4.o
                0x0000335c                vPortFree
 .text.prvHeapInit
                0x0000340c       0xc4 ./amazon-freertos/FreeRTOS/portable/heap_4.o
 .text.prvInsertBlockIntoFreeList
                0x000034d0       0xb4 ./amazon-freertos/FreeRTOS/portable/heap_4.o
 .text.pxPortInitialiseStack
                0x00003584       0x68 ./amazon-freertos/FreeRTOS/portable/port.o
                0x00003584                pxPortInitialiseStack
 .text.prvTaskExitError
                0x000035ec       0x54 ./amazon-freertos/FreeRTOS/portable/port.o
 .text.prvPortStartFirstTask
                0x00003640       0x28 ./amazon-freertos/FreeRTOS/portable/port.o
 .text.xPortStartScheduler
                0x00003668      0x13c ./amazon-freertos/FreeRTOS/portable/port.o
                0x00003668                xPortStartScheduler
 .text.vPortEnterCritical
                0x000037a4       0x5c ./amazon-freertos/FreeRTOS/portable/port.o
                0x000037a4                vPortEnterCritical
 .text.vPortExitCritical
                0x00003800       0x50 ./amazon-freertos/FreeRTOS/portable/port.o
                0x00003800                vPortExitCritical
 .text.SysTick_Handler
                0x00003850       0x40 ./amazon-freertos/FreeRTOS/portable/port.o
                0x00003850                SysTick_Handler
 .text.vPortEnableVFP
                0x00003890       0x14 ./amazon-freertos/FreeRTOS/portable/port.o
 .text.vPortValidateInterruptPriority
                0x000038a4       0x7c ./amazon-freertos/FreeRTOS/portable/port.o
                0x000038a4                vPortValidateInterruptPriority
 .text.xQueueGenericReset
                0x00003920       0xd0 ./amazon-freertos/FreeRTOS/queue.o
                0x00003920                xQueueGenericReset
 .text.xQueueGenericSend
                0x000039f0      0x1f4 ./amazon-freertos/FreeRTOS/queue.o
                0x000039f0                xQueueGenericSend
 .text.xQueueReceive
                0x00003be4      0x1b8 ./amazon-freertos/FreeRTOS/queue.o
                0x00003be4                xQueueReceive
 .text.vQueueAddToRegistry
                0x00003d9c       0x50 ./amazon-freertos/FreeRTOS/queue.o
                0x00003d9c                vQueueAddToRegistry
 .text.prvAddNewTaskToReadyList
                0x00003dec       0xdc ./amazon-freertos/FreeRTOS/tasks.o
 .text.vTaskDelayUntil
                0x00003ec8       0xf4 ./amazon-freertos/FreeRTOS/tasks.o
                0x00003ec8                vTaskDelayUntil
 .text.vTaskDelay
                0x00003fbc       0x68 ./amazon-freertos/FreeRTOS/tasks.o
                0x00003fbc                vTaskDelay
 .text.vTaskStartScheduler
                0x00004024       0x98 ./amazon-freertos/FreeRTOS/tasks.o
                0x00004024                vTaskStartScheduler
 .text.vTaskSuspendAll
                0x000040bc       0x1c ./amazon-freertos/FreeRTOS/tasks.o
                0x000040bc                vTaskSuspendAll
 .text.xTaskResumeAll
                0x000040d8      0x138 ./amazon-freertos/FreeRTOS/tasks.o
                0x000040d8                xTaskResumeAll
 .text.xTaskGetTickCount
                0x00004210       0x20 ./amazon-freertos/FreeRTOS/tasks.o
                0x00004210                xTaskGetTickCount
 .text.xTaskIncrementTick
                0x00004230      0x158 ./amazon-freertos/FreeRTOS/tasks.o
                0x00004230                xTaskIncrementTick
 .text.vTaskSwitchContext
                0x00004388       0xb4 ./amazon-freertos/FreeRTOS/tasks.o
                0x00004388                vTaskSwitchContext
 .text.vTaskPlaceOnEventList
                0x0000443c       0x48 ./amazon-freertos/FreeRTOS/tasks.o
                0x0000443c                vTaskPlaceOnEventList
 .text.vTaskPlaceOnEventListRestricted
                0x00004484       0x54 ./amazon-freertos/FreeRTOS/tasks.o
                0x00004484                vTaskPlaceOnEventListRestricted
 .text.xTaskRemoveFromEventList
                0x000044d8       0xc4 ./amazon-freertos/FreeRTOS/tasks.o
                0x000044d8                xTaskRemoveFromEventList
 .text.vTaskInternalSetTimeOutState
                0x0000459c       0x2c ./amazon-freertos/FreeRTOS/tasks.o
                0x0000459c                vTaskInternalSetTimeOutState
 .text.xTaskCheckForTimeOut
                0x000045c8       0xc0 ./amazon-freertos/FreeRTOS/tasks.o
                0x000045c8                xTaskCheckForTimeOut
 .text.vTaskMissedYield
                0x00004688       0x18 ./amazon-freertos/FreeRTOS/tasks.o
                0x00004688                vTaskMissedYield
 .text.prvIdleTask
                0x000046a0       0x30 ./amazon-freertos/FreeRTOS/tasks.o
 .text.prvInitialiseTaskLists
                0x000046d0       0x80 ./amazon-freertos/FreeRTOS/tasks.o
 .text.prvCheckTasksWaitingTermination
                0x00004750       0x58 ./amazon-freertos/FreeRTOS/tasks.o
 .text.prvResetNextTaskUnblockTime
                0x000047a8       0x4c ./amazon-freertos/FreeRTOS/tasks.o
 .text.xTaskGetSchedulerState
                0x000047f4       0x3c ./amazon-freertos/FreeRTOS/tasks.o
                0x000047f4                xTaskGetSchedulerState
 .text.xTaskPriorityDisinherit
                0x00004830      0x108 ./amazon-freertos/FreeRTOS/tasks.o
                0x00004830                xTaskPriorityDisinherit
 .text.prvAddCurrentTaskToDelayedList
                0x00004938       0xcc ./amazon-freertos/FreeRTOS/tasks.o
 .text.xTimerCreateTimerTask
                0x00004a04       0x60 ./amazon-freertos/FreeRTOS/timers.o
                0x00004a04                xTimerCreateTimerTask
 .text.xTimerGenericCommand
                0x00004a64       0x98 ./amazon-freertos/FreeRTOS/timers.o
                0x00004a64                xTimerGenericCommand
 .text.prvProcessExpiredTimer
                0x00004afc       0x80 ./amazon-freertos/FreeRTOS/timers.o
 .text.prvProcessTimerOrBlockTask
                0x00004b7c       0x9c ./amazon-freertos/FreeRTOS/timers.o
 .text.prvGetNextExpireTime
                0x00004c18       0x48 ./amazon-freertos/FreeRTOS/timers.o
 .text.prvSampleTimeNow
                0x00004c60       0x40 ./amazon-freertos/FreeRTOS/timers.o
 .text.prvInsertTimerInActiveList
                0x00004ca0       0x84 ./amazon-freertos/FreeRTOS/timers.o
 .text.prvProcessReceivedCommands
                0x00004d24      0x154 ./amazon-freertos/FreeRTOS/timers.o
 .text.prvSwitchTimerLists
                0x00004e78       0xc0 ./amazon-freertos/FreeRTOS/timers.o
 .text.prvCheckForValidListAndQueue
                0x00004f38       0x6c ./amazon-freertos/FreeRTOS/timers.o
 .text.__assertion_failed
                0x00004fa4       0x4c c:/nxp/mcuxpressoide_10.2.1_795/ide/tools/bin/../lib/gcc/arm-none-eabi/7.2.1/../../../../arm-none-eabi/lib/thumb/v7e-m/fpv4-sp/hard\libcr_nohost_nf.a(_cr_assert.o)
                0x00004fa4                __assertion_failed
 .text._Cwritebuf
                0x00004ff0       0x6c c:/nxp/mcuxpressoide_10.2.1_795/ide/tools/bin/../lib/gcc/arm-none-eabi/7.2.1/../../../../arm-none-eabi/lib/thumb/v7e-m/fpv4-sp/hard\libcr_c.a(_writebuf.o)
                0x00004ff0                _Cwritebuf
 .text.malloc   0x0000505c       0xc8 c:/nxp/mcuxpressoide_10.2.1_795/ide/tools/bin/../lib/gcc/arm-none-eabi/7.2.1/../../../../arm-none-eabi/lib/thumb/v7e-m/fpv4-sp/hard\libcr_c.a(alloc.o)
                0x0000505c                malloc
 .text._Csys_alloc
                0x00005124       0x20 c:/nxp/mcuxpressoide_10.2.1_795/ide/tools/bin/../lib/gcc/arm-none-eabi/7.2.1/../../../../arm-none-eabi/lib/thumb/v7e-m/fpv4-sp/hard\libcr_c.a(alloc.o)
                0x00005124                _Csys_alloc
 .text.fseek    0x00005144      0x100 c:/nxp/mcuxpressoide_10.2.1_795/ide/tools/bin/../lib/gcc/arm-none-eabi/7.2.1/../../../../arm-none-eabi/lib/thumb/v7e-m/fpv4-sp/hard\libcr_c.a(fseek.o)
                0x00005144                fseek
 .text.ftell    0x00005244       0x44 c:/nxp/mcuxpressoide_10.2.1_795/ide/tools/bin/../lib/gcc/arm-none-eabi/7.2.1/../../../../arm-none-eabi/lib/thumb/v7e-m/fpv4-sp/hard\libcr_c.a(ftell.o)
                0x00005244                ftell
 .text._initio  0x00005288       0x78 c:/nxp/mcuxpressoide_10.2.1_795/ide/tools/bin/../lib/gcc/arm-none-eabi/7.2.1/../../../../arm-none-eabi/lib/thumb/v7e-m/fpv4-sp/hard\libcr_c.a(initio.o)
                0x00005288                _initio
 .text.setvbuf  0x00005300       0x40 c:/nxp/mcuxpressoide_10.2.1_795/ide/tools/bin/../lib/gcc/arm-none-eabi/7.2.1/../../../../arm-none-eabi/lib/thumb/v7e-m/fpv4-sp/hard\libcr_c.a(setvbuf.o)
                0x00005300                setvbuf
 .text._sbrk    0x00005340       0x3c c:/nxp/mcuxpressoide_10.2.1_795/ide/tools/bin/../lib/gcc/arm-none-eabi/7.2.1/../../../../arm-none-eabi/lib/thumb/v7e-m/fpv4-sp/hard\libcr_c.a(_cr_sbrk.o)
                0x00005340                _sbrk
 .text.fflush   0x0000537c       0x44 c:/nxp/mcuxpressoide_10.2.1_795/ide/tools/bin/../lib/gcc/arm-none-eabi/7.2.1/../../../../arm-none-eabi/lib/thumb/v7e-m/fpv4-sp/hard\libcr_c.a(fflush.o)
                0x0000537c                fflush
 .text.__check_heap_overflow
                0x000053c0       0x18 c:/nxp/mcuxpressoide_10.2.1_795/ide/tools/bin/../lib/gcc/arm-none-eabi/7.2.1/../../../../arm-none-eabi/lib/thumb/v7e-m/fpv4-sp/hard\libcr_c.a(_cr_check_heap.o)
                0x000053c0                __check_heap_overflow
 .text.DbgConsole_PrintCallback
                0x000053d8       0x64 ./utilities/fsl_debug_console.o
 .text.ConvertRadixNumToString
                0x0000543c      0x114 ./utilities/fsl_str.o
 .text.StrFormatPrintf
                0x00005550      0x30c ./utilities/fsl_str.o
                0x00005550                StrFormatPrintf
 .text.DMA0_IRQHandler
                0x0000585c        0x8 ./startup/startup_mk64f12.o
                0x0000585c                DMA0_IRQHandler
 .text.DMA1_IRQHandler
                0x00005864        0x8 ./startup/startup_mk64f12.o
                0x00005864                DMA1_IRQHandler
 .text.DMA2_IRQHandler
                0x0000586c        0x8 ./startup/startup_mk64f12.o
                0x0000586c                DMA2_IRQHandler
 .text.DMA3_IRQHandler
                0x00005874        0x8 ./startup/startup_mk64f12.o
                0x00005874                DMA3_IRQHandler
 .text.DMA4_IRQHandler
                0x0000587c        0x8 ./startup/startup_mk64f12.o
                0x0000587c                DMA4_IRQHandler
 .text.DMA5_IRQHandler
                0x00005884        0x8 ./startup/startup_mk64f12.o
                0x00005884                DMA5_IRQHandler
 .text.DMA6_IRQHandler
                0x0000588c        0x8 ./startup/startup_mk64f12.o
                0x0000588c                DMA6_IRQHandler
 .text.DMA7_IRQHandler
                0x00005894        0x8 ./startup/startup_mk64f12.o
                0x00005894                DMA7_IRQHandler
 .text.DMA8_IRQHandler
                0x0000589c        0x8 ./startup/startup_mk64f12.o
                0x0000589c                DMA8_IRQHandler
 .text.DMA9_IRQHandler
                0x000058a4        0x8 ./startup/startup_mk64f12.o
                0x000058a4                DMA9_IRQHandler
 .text.DMA10_IRQHandler
                0x000058ac        0x8 ./startup/startup_mk64f12.o
                0x000058ac                DMA10_IRQHandler
 .text.DMA11_IRQHandler
                0x000058b4        0x8 ./startup/startup_mk64f12.o
                0x000058b4                DMA11_IRQHandler
 .text.DMA12_IRQHandler
                0x000058bc        0x8 ./startup/startup_mk64f12.o
                0x000058bc                DMA12_IRQHandler
 .text.DMA13_IRQHandler
                0x000058c4        0x8 ./startup/startup_mk64f12.o
                0x000058c4                DMA13_IRQHandler
 .text.DMA14_IRQHandler
                0x000058cc        0x8 ./startup/startup_mk64f12.o
                0x000058cc                DMA14_IRQHandler
 .text.DMA15_IRQHandler
                0x000058d4        0x8 ./startup/startup_mk64f12.o
                0x000058d4                DMA15_IRQHandler
 .text.DMA_Error_IRQHandler
                0x000058dc        0x8 ./startup/startup_mk64f12.o
                0x000058dc                DMA_Error_IRQHandler
 .text.MCM_IRQHandler
                0x000058e4        0x8 ./startup/startup_mk64f12.o
                0x000058e4                MCM_IRQHandler
 .text.FTFE_IRQHandler
                0x000058ec        0x8 ./startup/startup_mk64f12.o
                0x000058ec                FTFE_IRQHandler
 .text.Read_Collision_IRQHandler
                0x000058f4        0x8 ./startup/startup_mk64f12.o
                0x000058f4                Read_Collision_IRQHandler
 .text.LVD_LVW_IRQHandler
                0x000058fc        0x8 ./startup/startup_mk64f12.o
                0x000058fc                LVD_LVW_IRQHandler
 .text.LLWU_IRQHandler
                0x00005904        0x8 ./startup/startup_mk64f12.o
                0x00005904                LLWU_IRQHandler
 .text.WDOG_EWM_IRQHandler
                0x0000590c        0x8 ./startup/startup_mk64f12.o
                0x0000590c                WDOG_EWM_IRQHandler
 .text.RNG_IRQHandler
                0x00005914        0x8 ./startup/startup_mk64f12.o
                0x00005914                RNG_IRQHandler
 .text.I2C0_IRQHandler
                0x0000591c        0x8 ./startup/startup_mk64f12.o
                0x0000591c                I2C0_IRQHandler
 .text.I2C1_IRQHandler
                0x00005924        0x8 ./startup/startup_mk64f12.o
                0x00005924                I2C1_IRQHandler
 .text.SPI0_IRQHandler
                0x0000592c        0x8 ./startup/startup_mk64f12.o
                0x0000592c                SPI0_IRQHandler
 .text.SPI1_IRQHandler
                0x00005934        0x8 ./startup/startup_mk64f12.o
                0x00005934                SPI1_IRQHandler
 .text.I2S0_Tx_IRQHandler
                0x0000593c        0x8 ./startup/startup_mk64f12.o
                0x0000593c                I2S0_Tx_IRQHandler
 .text.I2S0_Rx_IRQHandler
                0x00005944        0x8 ./startup/startup_mk64f12.o
                0x00005944                I2S0_Rx_IRQHandler
 .text.UART0_LON_IRQHandler
                0x0000594c        0x8 ./startup/startup_mk64f12.o
                0x0000594c                UART0_LON_IRQHandler
 .text.UART0_RX_TX_IRQHandler
                0x00005954        0x8 ./startup/startup_mk64f12.o
                0x00005954                UART0_RX_TX_IRQHandler
 .text.UART0_ERR_IRQHandler
                0x0000595c        0x8 ./startup/startup_mk64f12.o
                0x0000595c                UART0_ERR_IRQHandler
 .text.UART1_RX_TX_IRQHandler
                0x00005964        0x8 ./startup/startup_mk64f12.o
                0x00005964                UART1_RX_TX_IRQHandler
 .text.UART1_ERR_IRQHandler
                0x0000596c        0x8 ./startup/startup_mk64f12.o
                0x0000596c                UART1_ERR_IRQHandler
 .text.UART2_RX_TX_IRQHandler
                0x00005974        0x8 ./startup/startup_mk64f12.o
                0x00005974                UART2_RX_TX_IRQHandler
 .text.UART2_ERR_IRQHandler
                0x0000597c        0x8 ./startup/startup_mk64f12.o
                0x0000597c                UART2_ERR_IRQHandler
 .text.UART3_RX_TX_IRQHandler
                0x00005984        0x8 ./startup/startup_mk64f12.o
                0x00005984                UART3_RX_TX_IRQHandler
 .text.UART3_ERR_IRQHandler
                0x0000598c        0x8 ./startup/startup_mk64f12.o
                0x0000598c                UART3_ERR_IRQHandler
 .text.CMP0_IRQHandler
                0x00005994        0x8 ./startup/startup_mk64f12.o
                0x00005994                CMP0_IRQHandler
 .text.CMP1_IRQHandler
                0x0000599c        0x8 ./startup/startup_mk64f12.o
                0x0000599c                CMP1_IRQHandler
 .text.FTM0_IRQHandler
                0x000059a4        0x8 ./startup/startup_mk64f12.o
                0x000059a4                FTM0_IRQHandler
 .text.FTM1_IRQHandler
                0x000059ac        0x8 ./startup/startup_mk64f12.o
                0x000059ac                FTM1_IRQHandler
 .text.FTM2_IRQHandler
                0x000059b4        0x8 ./startup/startup_mk64f12.o
                0x000059b4                FTM2_IRQHandler
 .text.CMT_IRQHandler
                0x000059bc        0x8 ./startup/startup_mk64f12.o
                0x000059bc                CMT_IRQHandler
 .text.RTC_IRQHandler
                0x000059c4        0x8 ./startup/startup_mk64f12.o
                0x000059c4                RTC_IRQHandler
 .text.RTC_Seconds_IRQHandler
                0x000059cc        0x8 ./startup/startup_mk64f12.o
                0x000059cc                RTC_Seconds_IRQHandler
 .text.PIT0_IRQHandler
                0x000059d4        0x8 ./startup/startup_mk64f12.o
                0x000059d4                PIT0_IRQHandler
 .text.PIT1_IRQHandler
                0x000059dc        0x8 ./startup/startup_mk64f12.o
                0x000059dc                PIT1_IRQHandler
 .text.PIT2_IRQHandler
                0x000059e4        0x8 ./startup/startup_mk64f12.o
                0x000059e4                PIT2_IRQHandler
 .text.PIT3_IRQHandler
                0x000059ec        0x8 ./startup/startup_mk64f12.o
                0x000059ec                PIT3_IRQHandler
 .text.PDB0_IRQHandler
                0x000059f4        0x8 ./startup/startup_mk64f12.o
                0x000059f4                PDB0_IRQHandler
 .text.USB0_IRQHandler
                0x000059fc        0x8 ./startup/startup_mk64f12.o
                0x000059fc                USB0_IRQHandler
 .text.USBDCD_IRQHandler
                0x00005a04        0x8 ./startup/startup_mk64f12.o
                0x00005a04                USBDCD_IRQHandler
 .text.Reserved71_IRQHandler
                0x00005a0c        0x8 ./startup/startup_mk64f12.o
                0x00005a0c                Reserved71_IRQHandler
 .text.DAC0_IRQHandler
                0x00005a14        0x8 ./startup/startup_mk64f12.o
                0x00005a14                DAC0_IRQHandler
 .text.MCG_IRQHandler
                0x00005a1c        0x8 ./startup/startup_mk64f12.o
                0x00005a1c                MCG_IRQHandler
 .text.LPTMR0_IRQHandler
                0x00005a24        0x8 ./startup/startup_mk64f12.o
                0x00005a24                LPTMR0_IRQHandler
 .text.PORTA_IRQHandler
                0x00005a2c        0x8 ./startup/startup_mk64f12.o
                0x00005a2c                PORTA_IRQHandler
 .text.PORTB_IRQHandler
                0x00005a34        0x8 ./startup/startup_mk64f12.o
                0x00005a34                PORTB_IRQHandler
 .text.PORTC_IRQHandler
                0x00005a3c        0x8 ./startup/startup_mk64f12.o
                0x00005a3c                PORTC_IRQHandler
 .text.PORTD_IRQHandler
                0x00005a44        0x8 ./startup/startup_mk64f12.o
                0x00005a44                PORTD_IRQHandler
 .text.PORTE_IRQHandler
                0x00005a4c        0x8 ./startup/startup_mk64f12.o
                0x00005a4c                PORTE_IRQHandler
 .text.SWI_IRQHandler
                0x00005a54        0x8 ./startup/startup_mk64f12.o
                0x00005a54                SWI_IRQHandler
 .text.SPI2_IRQHandler
                0x00005a5c        0x8 ./startup/startup_mk64f12.o
                0x00005a5c                SPI2_IRQHandler
 .text.UART4_RX_TX_IRQHandler
                0x00005a64        0x8 ./startup/startup_mk64f12.o
                0x00005a64                UART4_RX_TX_IRQHandler
 .text.UART4_ERR_IRQHandler
                0x00005a6c        0x8 ./startup/startup_mk64f12.o
                0x00005a6c                UART4_ERR_IRQHandler
 .text.UART5_RX_TX_IRQHandler
                0x00005a74        0x8 ./startup/startup_mk64f12.o
                0x00005a74                UART5_RX_TX_IRQHandler
 .text.UART5_ERR_IRQHandler
                0x00005a7c        0x8 ./startup/startup_mk64f12.o
                0x00005a7c                UART5_ERR_IRQHandler
 .text.CMP2_IRQHandler
                0x00005a84        0x8 ./startup/startup_mk64f12.o
                0x00005a84                CMP2_IRQHandler
 .text.FTM3_IRQHandler
                0x00005a8c        0x8 ./startup/startup_mk64f12.o
                0x00005a8c                FTM3_IRQHandler
 .text.DAC1_IRQHandler
                0x00005a94        0x8 ./startup/startup_mk64f12.o
                0x00005a94                DAC1_IRQHandler
 .text.ADC1_IRQHandler
                0x00005a9c        0x8 ./startup/startup_mk64f12.o
                0x00005a9c                ADC1_IRQHandler
 .text.I2C2_IRQHandler
                0x00005aa4        0x8 ./startup/startup_mk64f12.o
                0x00005aa4                I2C2_IRQHandler
 .text.CAN0_ORed_Message_buffer_IRQHandler
                0x00005aac        0x8 ./startup/startup_mk64f12.o
                0x00005aac                CAN0_ORed_Message_buffer_IRQHandler
 .text.CAN0_Bus_Off_IRQHandler
                0x00005ab4        0x8 ./startup/startup_mk64f12.o
                0x00005ab4                CAN0_Bus_Off_IRQHandler
 .text.CAN0_Error_IRQHandler
                0x00005abc        0x8 ./startup/startup_mk64f12.o
                0x00005abc                CAN0_Error_IRQHandler
 .text.CAN0_Tx_Warning_IRQHandler
                0x00005ac4        0x8 ./startup/startup_mk64f12.o
                0x00005ac4                CAN0_Tx_Warning_IRQHandler
 .text.CAN0_Rx_Warning_IRQHandler
                0x00005acc        0x8 ./startup/startup_mk64f12.o
                0x00005acc                CAN0_Rx_Warning_IRQHandler
 .text.CAN0_Wake_Up_IRQHandler
                0x00005ad4        0x8 ./startup/startup_mk64f12.o
                0x00005ad4                CAN0_Wake_Up_IRQHandler
 .text.SDHC_IRQHandler
                0x00005adc        0x8 ./startup/startup_mk64f12.o
                0x00005adc                SDHC_IRQHandler
 .text.ENET_1588_Timer_IRQHandler
                0x00005ae4        0x8 ./startup/startup_mk64f12.o
                0x00005ae4                ENET_1588_Timer_IRQHandler
 .text.ENET_Transmit_IRQHandler
                0x00005aec        0x8 ./startup/startup_mk64f12.o
                0x00005aec                ENET_Transmit_IRQHandler
 .text.ENET_Receive_IRQHandler
                0x00005af4        0x8 ./startup/startup_mk64f12.o
                0x00005af4                ENET_Receive_IRQHandler
 .text.ENET_Error_IRQHandler
                0x00005afc        0x8 ./startup/startup_mk64f12.o
                0x00005afc                ENET_Error_IRQHandler
 .text.EnableIRQ
                0x00005b04       0x2c ./source/can_example.o
 .text.FLEXCAN_GetStatusFlags
                0x00005b30       0x18 ./source/can_example.o
 .text.ADC16_EnableHardwareTrigger
                0x00005b48       0x38 ./source/can_example.o
 .text.CLOCK_EnableClock
                0x00005b80       0x34 ./source/leds.o
 .text.GPIO_PinWrite
                0x00005bb4       0x36 ./source/leds.o
 .text.HardFault_Handler
                0x00005bea       0x2c ./source/semihost_hardfault.o
                0x00005bea                HardFault_Handler
 .text.CLOCK_EnableClock
                0x00005c16       0x34 ./drivers/fsl_adc16.o
 .text.OSC_SetExtRefClkConfig
                0x00005c4a       0x34 ./drivers/fsl_clock.o
 .text.OSC_SetCapLoad
                0x00005c7e       0x34 ./drivers/fsl_clock.o
 .text.CLOCK_GetPll0RefFreq
                0x00005cb2        0xe ./drivers/fsl_clock.o
 .text.CLOCK_GetFixedFreqClkFreq
                0x00005cc0       0x2e ./drivers/fsl_clock.o
                0x00005cc0                CLOCK_GetFixedFreqClkFreq
 .text.CLOCK_EnableClock
                0x00005cee       0x34 ./drivers/fsl_flexcan.o
 .text.EnableIRQ
                0x00005d22       0x2c ./drivers/fsl_flexcan.o
 .text.FLEXCAN_ClearStatusFlags
                0x00005d4e       0x1c ./drivers/fsl_flexcan.o
 .text.FLEXCAN_GetMbStatusFlags
                0x00005d6a       0x1e ./drivers/fsl_flexcan.o
 .text.FLEXCAN_ClearMbStatusFlags
                0x00005d88       0x1c ./drivers/fsl_flexcan.o
 .text.FLEXCAN_EnableInterrupts
                0x00005da4       0x3c ./drivers/fsl_flexcan.o
 .text.FLEXCAN_DisableInterrupts
                0x00005de0       0x3e ./drivers/fsl_flexcan.o
 .text.FLEXCAN_EnableMbInterrupts
                0x00005e1e       0x22 ./drivers/fsl_flexcan.o
 .text.FLEXCAN_DisableMbInterrupts
                0x00005e40       0x24 ./drivers/fsl_flexcan.o
 .text.FLEXCAN_Enable
                0x00005e64       0x54 ./drivers/fsl_flexcan.o
 .text.FLEXCAN_EnterFreezeMode
                0x00005eb8       0x2e ./drivers/fsl_flexcan.o
 .text.FLEXCAN_ExitFreezeMode
                0x00005ee6       0x2e ./drivers/fsl_flexcan.o
 .text.FLEXCAN_IsMbOccupied
                0x00005f14       0x52 ./drivers/fsl_flexcan.o
 .text.GPIO_PinWrite
                0x00005f66       0x36 ./drivers/fsl_gpio.o
 .text.CLOCK_EnableClock
                0x00005f9c       0x34 ./drivers/fsl_uart.o
 .text.UART_WriteBlocking
                0x00005fd0       0x3e ./drivers/fsl_uart.o
                0x00005fd0                UART_WriteBlocking
 .text.UART0_RX_TX_DriverIRQHandler
                0x0000600e       0x10 ./drivers/fsl_uart.o
                0x0000600e                UART0_RX_TX_DriverIRQHandler
 .text.UART1_RX_TX_DriverIRQHandler
                0x0000601e       0x10 ./drivers/fsl_uart.o
                0x0000601e                UART1_RX_TX_DriverIRQHandler
 .text.UART2_RX_TX_DriverIRQHandler
                0x0000602e       0x10 ./drivers/fsl_uart.o
                0x0000602e                UART2_RX_TX_DriverIRQHandler
 .text.UART3_RX_TX_DriverIRQHandler
                0x0000603e       0x10 ./drivers/fsl_uart.o
                0x0000603e                UART3_RX_TX_DriverIRQHandler
 .text.UART4_RX_TX_DriverIRQHandler
                0x0000604e       0x10 ./drivers/fsl_uart.o
                0x0000604e                UART4_RX_TX_DriverIRQHandler
 .text.UART5_RX_TX_DriverIRQHandler
                0x0000605e       0x10 ./drivers/fsl_uart.o
                0x0000605e                UART5_RX_TX_DriverIRQHandler
 .text.SystemInitHook
                0x0000606e        0xe ./device/system_MK64F12.o
                0x0000606e                SystemInitHook
 .text.HAL_UartGetStatus
                0x0000607c       0x22 ./component/uart/uart_adapter.o
 .text.SerialManager_StartWriting
                0x0000609e       0x44 ./component/serial_manager/serial_manager.o
 .text.SerialManager_WriteBlocking
                0x000060e2       0x20 ./component/serial_manager/serial_manager.o
                0x000060e2                SerialManager_WriteBlocking
 .text.BOARD_InitDebugConsole
                0x00006102       0x22 ./board/board.o
                0x00006102                BOARD_InitDebugConsole
 .text.CLOCK_EnableClock
                0x00006124       0x34 ./board/pin_mux.o
 .text.PORT_SetPinMux
                0x00006158       0x3a ./board/pin_mux.o
 .text.vListInitialise
                0x00006192       0x40 ./amazon-freertos/FreeRTOS/list.o
                0x00006192                vListInitialise
 .text.vListInitialiseItem
                0x000061d2       0x1a ./amazon-freertos/FreeRTOS/list.o
                0x000061d2                vListInitialiseItem
 .text.vListInsertEnd
                0x000061ec       0x48 ./amazon-freertos/FreeRTOS/list.o
                0x000061ec                vListInsertEnd
 .text.vListInsert
                0x00006234       0x72 ./amazon-freertos/FreeRTOS/list.o
                0x00006234                vListInsert
 .text.uxListRemove
                0x000062a6       0x54 ./amazon-freertos/FreeRTOS/list.o
                0x000062a6                uxListRemove
 .text.xQueueGenericCreate
                0x000062fa       0x72 ./amazon-freertos/FreeRTOS/queue.o
                0x000062fa                xQueueGenericCreate
 .text.prvInitialiseNewQueue
                0x0000636c       0x46 ./amazon-freertos/FreeRTOS/queue.o
 .text.xQueueGenericSendFromISR
                0x000063b2      0x128 ./amazon-freertos/FreeRTOS/queue.o
                0x000063b2                xQueueGenericSendFromISR
 .text.prvCopyDataToQueue
                0x000064da       0xd4 ./amazon-freertos/FreeRTOS/queue.o
 .text.prvCopyDataFromQueue
                0x000065ae       0x4c ./amazon-freertos/FreeRTOS/queue.o
 .text.prvUnlockQueue
                0x000065fa       0xa4 ./amazon-freertos/FreeRTOS/queue.o
 .text.prvIsQueueEmpty
                0x0000669e       0x2c ./amazon-freertos/FreeRTOS/queue.o
 .text.prvIsQueueFull
                0x000066ca       0x30 ./amazon-freertos/FreeRTOS/queue.o
 .text.vQueueWaitForMessageRestricted
                0x000066fa       0x68 ./amazon-freertos/FreeRTOS/queue.o
                0x000066fa                vQueueWaitForMessageRestricted
 .text.xTaskCreate
                0x00006762       0x82 ./amazon-freertos/FreeRTOS/tasks.o
                0x00006762                xTaskCreate
 .text.prvInitialiseNewTask
                0x000067e4      0x132 ./amazon-freertos/FreeRTOS/tasks.o
 .text.prvDeleteTCB
                0x00006916       0x20 ./amazon-freertos/FreeRTOS/tasks.o
 .text.prvTimerTask
                0x00006936       0x24 ./amazon-freertos/FreeRTOS/timers.o
 .text.__main   0x0000695a        0xe c:/nxp/mcuxpressoide_10.2.1_795/ide/tools/bin/../lib/gcc/arm-none-eabi/7.2.1/../../../../arm-none-eabi/lib/thumb/v7e-m/fpv4-sp/hard\libcr_nohost_nf.a(_cr__main.o)
                0x0000695a                __main
 .text.__sys_appexit
                0x00006968        0x2 c:/nxp/mcuxpressoide_10.2.1_795/ide/tools/bin/../lib/gcc/arm-none-eabi/7.2.1/../../../../arm-none-eabi/lib/thumb/v7e-m/fpv4-sp/hard\libcr_nohost_nf.a(__sys_appexit.o)
                0x00006968                __sys_appexit
                0x00006968                __exit
 .text.memcpy   0x0000696a        0x4 c:/nxp/mcuxpressoide_10.2.1_795/ide/tools/bin/../lib/gcc/arm-none-eabi/7.2.1/../../../../arm-none-eabi/lib/thumb/v7e-m/fpv4-sp/hard\libcr_c.a(memcpy.o)
                0x0000696a                memcpy
 .text.memset   0x0000696e        0x4 c:/nxp/mcuxpressoide_10.2.1_795/ide/tools/bin/../lib/gcc/arm-none-eabi/7.2.1/../../../../arm-none-eabi/lib/thumb/v7e-m/fpv4-sp/hard\libcr_c.a(memset.o)
                0x0000696e                memset
 .text._deferredlazyseek
                0x00006972       0x40 c:/nxp/mcuxpressoide_10.2.1_795/ide/tools/bin/../lib/gcc/arm-none-eabi/7.2.1/../../../../arm-none-eabi/lib/thumb/v7e-m/fpv4-sp/hard\libcr_c.a(_deferredlazyseek.o)
                0x00006972                _deferredlazyseek
 .text.__flsbuf
                0x000069b2      0x140 c:/nxp/mcuxpressoide_10.2.1_795/ide/tools/bin/../lib/gcc/arm-none-eabi/7.2.1/../../../../arm-none-eabi/lib/thumb/v7e-m/fpv4-sp/hard\libcr_c.a(_deferredlazyseek.o)
                0x000069b2                __flsbuf
 .text._fflush  0x00006af2       0x52 c:/nxp/mcuxpressoide_10.2.1_795/ide/tools/bin/../lib/gcc/arm-none-eabi/7.2.1/../../../../arm-none-eabi/lib/thumb/v7e-m/fpv4-sp/hard\libcr_c.a(_fflush.o)
                0x00006af2                _fflush
 .text.free     0x00006b44       0x30 c:/nxp/mcuxpressoide_10.2.1_795/ide/tools/bin/../lib/gcc/arm-none-eabi/7.2.1/../../../../arm-none-eabi/lib/thumb/v7e-m/fpv4-sp/hard\libcr_c.a(alloc.o)
                0x00006b44                free
 .text.fputs    0x00006b74       0x2c c:/nxp/mcuxpressoide_10.2.1_795/ide/tools/bin/../lib/gcc/arm-none-eabi/7.2.1/../../../../arm-none-eabi/lib/thumb/v7e-m/fpv4-sp/hard\libcr_c.a(fputs.o)
                0x00006b74                fputs
 .text.strlen   0x00006ba0       0x4a c:/nxp/mcuxpressoide_10.2.1_795/ide/tools/bin/../lib/gcc/arm-none-eabi/7.2.1/../../../../arm-none-eabi/lib/thumb/v7e-m/fpv4-sp/hard\libcr_c.a(strlen.o)
                0x00006ba0                strlen
 .text._fdopen  0x00006bea       0x68 c:/nxp/mcuxpressoide_10.2.1_795/ide/tools/bin/../lib/gcc/arm-none-eabi/7.2.1/../../../../arm-none-eabi/lib/thumb/v7e-m/fpv4-sp/hard\libcr_c.a(_fdopen.o)
                0x00006bea                _fdopen
 .text.fclose   0x00006c52       0x58 c:/nxp/mcuxpressoide_10.2.1_795/ide/tools/bin/../lib/gcc/arm-none-eabi/7.2.1/../../../../arm-none-eabi/lib/thumb/v7e-m/fpv4-sp/hard\libcr_c.a(fclose.o)
                0x00006c52                fclose
 .text.remove   0x00006caa       0x14 c:/nxp/mcuxpressoide_10.2.1_795/ide/tools/bin/../lib/gcc/arm-none-eabi/7.2.1/../../../../arm-none-eabi/lib/thumb/v7e-m/fpv4-sp/hard\libcr_c.a(remove.o)
                0x00006caa                remove
 .text._do_fflush
                0x00006cbe       0x40 c:/nxp/mcuxpressoide_10.2.1_795/ide/tools/bin/../lib/gcc/arm-none-eabi/7.2.1/../../../../arm-none-eabi/lib/thumb/v7e-m/fpv4-sp/hard\libcr_c.a(_do_fflush.o)
                0x00006cbe                _do_fflush
 .text.__aeabi_memcpy
                0x00006cfe       0x34 c:/nxp/mcuxpressoide_10.2.1_795/ide/tools/bin/../lib/gcc/arm-none-eabi/7.2.1/thumb/v7e-m/fpv4-sp/hard\libcr_eabihelpers.a(memcpy.o)
                0x00006cfe                __aeabi_memcpy
                0x00006d08                __aeabi_memcpy8
                0x00006d08                __aeabi_memcpy4
 .text.__aeabi_memset_lowlevel
                0x00006d32       0x32 c:/nxp/mcuxpressoide_10.2.1_795/ide/tools/bin/../lib/gcc/arm-none-eabi/7.2.1/thumb/v7e-m/fpv4-sp/hard\libcr_eabihelpers.a(memcpy.o)
                0x00006d32                __aeabi_lowlevel_memset
 .text.__sys_close
                0x00006d64        0x6 c:/nxp/mcuxpressoide_10.2.1_795/ide/tools/bin/../lib/gcc/arm-none-eabi/7.2.1/../../../../arm-none-eabi/lib/thumb/v7e-m/fpv4-sp/hard\libcr_nohost_nf.a(__sys_close.o)
                0x00006d64                __sys_close
 .text.__sys_flen
                0x00006d6a        0x6 c:/nxp/mcuxpressoide_10.2.1_795/ide/tools/bin/../lib/gcc/arm-none-eabi/7.2.1/../../../../arm-none-eabi/lib/thumb/v7e-m/fpv4-sp/hard\libcr_nohost_nf.a(__sys_flen.o)
                0x00006d6a                __sys_flen
 .text.__sys_istty
                0x00006d70        0x6 c:/nxp/mcuxpressoide_10.2.1_795/ide/tools/bin/../lib/gcc/arm-none-eabi/7.2.1/../../../../arm-none-eabi/lib/thumb/v7e-m/fpv4-sp/hard\libcr_nohost_nf.a(__sys_istty.o)
                0x00006d70                __sys_istty
 .text.__sys_remove
                0x00006d76        0x6 c:/nxp/mcuxpressoide_10.2.1_795/ide/tools/bin/../lib/gcc/arm-none-eabi/7.2.1/../../../../arm-none-eabi/lib/thumb/v7e-m/fpv4-sp/hard\libcr_nohost_nf.a(__sys_remove.o)
                0x00006d76                __sys_remove
 .text.__sys_seek
                0x00006d7c        0x6 c:/nxp/mcuxpressoide_10.2.1_795/ide/tools/bin/../lib/gcc/arm-none-eabi/7.2.1/../../../../arm-none-eabi/lib/thumb/v7e-m/fpv4-sp/hard\libcr_nohost_nf.a(__sys_seek.o)
                0x00006d7c                __sys_seek
 .text.__sys_tmpnam
                0x00006d82        0x6 c:/nxp/mcuxpressoide_10.2.1_795/ide/tools/bin/../lib/gcc/arm-none-eabi/7.2.1/../../../../arm-none-eabi/lib/thumb/v7e-m/fpv4-sp/hard\libcr_nohost_nf.a(__sys_tmpnam.o)
                0x00006d82                __sys_tmpnam
 .text.__sys_write
                0x00006d88        0x4 c:/nxp/mcuxpressoide_10.2.1_795/ide/tools/bin/../lib/gcc/arm-none-eabi/7.2.1/../../../../arm-none-eabi/lib/thumb/v7e-m/fpv4-sp/hard\libcr_nohost_nf.a(__sys_write.o)
                0x00006d88                __sys_write
 *(SORT_BY_ALIGNMENT(.rodata) SORT_BY_ALIGNMENT(.rodata.*) SORT_BY_ALIGNMENT(.constdata) SORT_BY_ALIGNMENT(.constdata.*))
 .rodata        0x00006d8c      0x1b7 ./utilities/fsl_debug_console.o
 *fill*         0x00006f43        0x1 ff
 .rodata        0x00006f44       0x7c ./source/can_example.o
 .rodata        0x00006fc0       0x26 ./source/leds.o
 *fill*         0x00006fe6        0x2 ff
 .rodata.s_adc16Bases
                0x00006fe8        0x8 ./drivers/fsl_adc16.o
 .rodata.s_adc16Clocks
                0x00006ff0        0x8 ./drivers/fsl_adc16.o
 .rodata        0x00006ff8      0x13a ./drivers/fsl_adc16.o
 *fill*         0x00007132        0x2 ff
 .rodata        0x00007134      0x149 ./drivers/fsl_clock.o
 *fill*         0x0000727d        0x3 ff
 .rodata.fllFactorTable.7770
                0x00007280       0x10 ./drivers/fsl_clock.o
 .rodata        0x00007290      0xad3 ./drivers/fsl_flexcan.o
 *fill*         0x00007d63        0x1 ff
 .rodata        0x00007d64       0x63 ./drivers/fsl_gpio.o
 *fill*         0x00007dc7        0x1 ff
 .rodata.s_uartBases
                0x00007dc8       0x18 ./drivers/fsl_uart.o
 .rodata.s_uartClock
                0x00007de0       0x18 ./drivers/fsl_uart.o
 .rodata        0x00007df8      0x514 ./drivers/fsl_uart.o
 .rodata.s_UartAdapterBase
                0x0000830c       0x18 ./component/uart/uart_adapter.o
 .rodata        0x00008324      0x25e ./component/uart/uart_adapter.o
 *fill*         0x00008582        0x2 ff
 .rodata        0x00008584      0x521 ./component/serial_manager/serial_manager.o
 *fill*         0x00008aa5        0x3 ff
 .rodata        0x00008aa8      0x244 ./component/serial_manager/serial_port_uart.o
 .rodata.mcgConfig_BOARD_BootClockRUN
                0x00008cec        0xb ./board/clock_config.o
                0x00008cec                mcgConfig_BOARD_BootClockRUN
 *fill*         0x00008cf7        0x1 ff
 .rodata.simConfig_BOARD_BootClockRUN
                0x00008cf8        0x8 ./board/clock_config.o
                0x00008cf8                simConfig_BOARD_BootClockRUN
 .rodata.oscConfig_BOARD_BootClockRUN
                0x00008d00        0x8 ./board/clock_config.o
                0x00008d00                oscConfig_BOARD_BootClockRUN
 .rodata        0x00008d08       0x18 ./amazon-freertos/FreeRTOS/tasks.o
                0x00008d10                FreeRTOSDebugConfig
 .rodata        0x00008d20        0xd ./amazon-freertos/FreeRTOS/timers.o
 *fill*         0x00008d2d        0x3 ff
 .rodata.__num_Ciob_streams
                0x00008d30        0x4 c:/nxp/mcuxpressoide_10.2.1_795/ide/tools/bin/../lib/gcc/arm-none-eabi/7.2.1/../../../../arm-none-eabi/lib/thumb/v7e-m/fpv4-sp/hard\libcr_nohost_nf.a(__ciob.o)
                0x00008d30                __num_Ciob_streams
 .rodata.__assertion_failed.str1.1
                0x00008d34       0x15 c:/nxp/mcuxpressoide_10.2.1_795/ide/tools/bin/../lib/gcc/arm-none-eabi/7.2.1/../../../../arm-none-eabi/lib/thumb/v7e-m/fpv4-sp/hard\libcr_nohost_nf.a(_cr_assert.o)
 .rodata._Csys_alloc.str1.1
                0x00008d49       0x18 c:/nxp/mcuxpressoide_10.2.1_795/ide/tools/bin/../lib/gcc/arm-none-eabi/7.2.1/../../../../arm-none-eabi/lib/thumb/v7e-m/fpv4-sp/hard\libcr_c.a(alloc.o)
 .rodata._initio.str1.1
                0x00008d61        0x4 c:/nxp/mcuxpressoide_10.2.1_795/ide/tools/bin/../lib/gcc/arm-none-eabi/7.2.1/../../../../arm-none-eabi/lib/thumb/v7e-m/fpv4-sp/hard\libcr_c.a(initio.o)
                0x00008d68                . = ALIGN (0x4)
 *fill*         0x00008d65        0x3 ff

.glue_7         0x00008d68        0x0
 .glue_7        0x00008d68        0x0 linker stubs

.glue_7t        0x00008d68        0x0
 .glue_7t       0x00008d68        0x0 linker stubs

.vfp11_veneer   0x00008d68        0x0
 .vfp11_veneer  0x00008d68        0x0 linker stubs

.v4_bx          0x00008d68        0x0
 .v4_bx         0x00008d68        0x0 linker stubs

.iplt           0x00008d68        0x0
 .iplt          0x00008d68        0x0 ./utilities/fsl_debug_console.o

.rel.dyn        0x00008d68        0x0
 .rel.iplt      0x00008d68        0x0 ./utilities/fsl_debug_console.o

.ARM.extab
 *(SORT_BY_ALIGNMENT(.ARM.extab*) SORT_BY_ALIGNMENT(.gnu.linkonce.armextab.*))
                0x00008d68                __exidx_start = .

.ARM.exidx
 *(SORT_BY_ALIGNMENT(.ARM.exidx*) SORT_BY_ALIGNMENT(.gnu.linkonce.armexidx.*))
                0x00008d68                __exidx_end = .
                0x00008d68                _etext = .

.m_usb_data
 *(SORT_BY_ALIGNMENT(m_usb_bdt))

.data_RAM2      0x1fff0000        0x0 load address 0x00008d68
 FILL mask 0xff
                [!provide]                PROVIDE (__start_data_RAM2, .)
 *(SORT_BY_ALIGNMENT(.ramfunc.$RAM2))
 *(SORT_BY_ALIGNMENT(.ramfunc.$SRAM_LOWER))
 *(SORT_BY_ALIGNMENT(.data.$RAM2*))
 *(SORT_BY_ALIGNMENT(.data.$SRAM_LOWER*))
                0x1fff0000                . = ALIGN (0x4)
                [!provide]                PROVIDE (__end_data_RAM2, .)

.data_RAM3      0x14000000        0x0 load address 0x00008d68
 FILL mask 0xff
                [!provide]                PROVIDE (__start_data_RAM3, .)
 *(SORT_BY_ALIGNMENT(.ramfunc.$RAM3))
 *(SORT_BY_ALIGNMENT(.ramfunc.$FLEX_RAM))
 *(SORT_BY_ALIGNMENT(.data.$RAM3*))
 *(SORT_BY_ALIGNMENT(.data.$FLEX_RAM*))
                0x14000000                . = ALIGN (0x4)
                [!provide]                PROVIDE (__end_data_RAM3, .)

.uninit_RESERVED
                0x20000000        0x0
 *(SORT_BY_ALIGNMENT(.bss.$RESERVED*))
                0x20000000                . = ALIGN (0x4)
                0x20000000                _end_uninit_RESERVED = .

.data           0x20000000       0x14 load address 0x00008d68
 FILL mask 0xff
                0x20000000                _data = .
 *(SORT_BY_ALIGNMENT(vtable))
 *(SORT_BY_ALIGNMENT(.ramfunc*))
 *(SORT_BY_ALIGNMENT(.data*))
 .data.rx1Identifier
                0x20000000        0x4 ./source/can_example.o
                0x20000000                rx1Identifier
 .data.s_slowIrcFreq
                0x20000004        0x4 ./drivers/fsl_clock.o
 .data.s_fastIrcFreq
                0x20000008        0x4 ./drivers/fsl_clock.o
 .data.SystemCoreClock
                0x2000000c        0x4 ./device/system_MK64F12.o
                0x2000000c                SystemCoreClock
 .data.uxCriticalNesting
                0x20000010        0x4 ./amazon-freertos/FreeRTOS/portable/port.o
                0x20000014                . = ALIGN (0x4)
                0x20000014                _edata = .

.igot.plt       0x20000014        0x0 load address 0x00008d7c
 .igot.plt      0x20000014        0x0 ./utilities/fsl_debug_console.o

.bss_RAM2       0x1fff0000        0x0
                [!provide]                PROVIDE (__start_bss_RAM2, .)
 *(SORT_BY_ALIGNMENT(.bss.$RAM2*))
 *(SORT_BY_ALIGNMENT(.bss.$SRAM_LOWER*))
                0x1fff0000                . = ALIGN ((. != 0x0)?0x4:0x1)
                [!provide]                PROVIDE (__end_bss_RAM2, .)

.bss_RAM3       0x14000000        0x0
                [!provide]                PROVIDE (__start_bss_RAM3, .)
 *(SORT_BY_ALIGNMENT(.bss.$RAM3*))
 *(SORT_BY_ALIGNMENT(.bss.$FLEX_RAM*))
                0x14000000                . = ALIGN ((. != 0x0)?0x4:0x1)
                [!provide]                PROVIDE (__end_bss_RAM3, .)

.bss            0x20000014     0x2b78
                0x20000014                _bss = .
 *(SORT_BY_ALIGNMENT(.bss*))
 .bss.s_debugConsoleState
                0x20000014       0x1c ./utilities/fsl_debug_console.o
 .bss.g_serialHandle
                0x20000030        0x4 ./utilities/fsl_debug_console.o
                0x20000030                g_serialHandle
 .bss.received_mb_idx
                0x20000034        0x4 ./source/can_example.o
                0x20000034                received_mb_idx
 .bss.flexcanHandle
                0x20000038       0x60 ./source/can_example.o
                0x20000038                flexcanHandle
 .bss.txPresencefer
                0x20000098        0x8 ./source/can_example.o
                0x20000098                txPresencefer
 .bss.rx1Xfer   0x200000a0        0x8 ./source/can_example.o
                0x200000a0                rx1Xfer
 .bss.rx2Xfer   0x200000a8        0x8 ./source/can_example.o
                0x200000a8                rx2Xfer
 .bss.txPresenceFrame
                0x200000b0       0x10 ./source/can_example.o
                0x200000b0                txPresenceFrame
 .bss.rx1Frame  0x200000c0       0x10 ./source/can_example.o
                0x200000c0                rx1Frame
 .bss.rx2Frame  0x200000d0       0x10 ./source/can_example.o
                0x200000d0                rx2Frame
 .bss.g_Adc16ConversionValue
                0x200000e0        0x4 ./source/can_example.o
                0x200000e0                g_Adc16ConversionValue
 .bss.g_Adc16InterruptCounter
                0x200000e4        0x4 ./source/can_example.o
                0x200000e4                g_Adc16InterruptCounter
 .bss.adc16ConfigStruct
                0x200000e8        0x9 ./source/can_example.o
                0x200000e8                adc16ConfigStruct
 *fill*         0x200000f1        0x3 
 .bss.adc16ChannelConfigStruct
                0x200000f4        0x8 ./source/can_example.o
                0x200000f4                adc16ChannelConfigStruct
 .bss.g_xtal0Freq
                0x200000fc        0x4 ./drivers/fsl_clock.o
                0x200000fc                g_xtal0Freq
 .bss.g_xtal32Freq
                0x20000100        0x4 ./drivers/fsl_clock.o
                0x20000100                g_xtal32Freq
 .bss.s_flexcanHandle
                0x20000104        0x4 ./drivers/fsl_flexcan.o
 .bss.s_flexcanIsr
                0x20000108        0x4 ./drivers/fsl_flexcan.o
 .bss.s_uartHandle
                0x2000010c       0x18 ./drivers/fsl_uart.o
 .bss.s_uartIsr
                0x20000124        0x4 ./drivers/fsl_uart.o
 .bss.ucHeap    0x20000128     0x2800 ./amazon-freertos/FreeRTOS/portable/heap_4.o
 .bss.xStart    0x20002928        0x8 ./amazon-freertos/FreeRTOS/portable/heap_4.o
 .bss.pxEnd     0x20002930        0x4 ./amazon-freertos/FreeRTOS/portable/heap_4.o
 .bss.xFreeBytesRemaining
                0x20002934        0x4 ./amazon-freertos/FreeRTOS/portable/heap_4.o
 .bss.xMinimumEverFreeBytesRemaining
                0x20002938        0x4 ./amazon-freertos/FreeRTOS/portable/heap_4.o
 .bss.xBlockAllocatedBit
                0x2000293c        0x4 ./amazon-freertos/FreeRTOS/portable/heap_4.o
 .bss.ulMaxPRIGROUPValue
                0x20002940        0x4 ./amazon-freertos/FreeRTOS/portable/port.o
 .bss.xQueueRegistry
                0x20002944       0x40 ./amazon-freertos/FreeRTOS/queue.o
                0x20002944                xQueueRegistry
 .bss.pxCurrentTCB
                0x20002984        0x4 ./amazon-freertos/FreeRTOS/tasks.o
                0x20002984                pxCurrentTCB
 .bss.pxReadyTasksLists
                0x20002988       0x64 ./amazon-freertos/FreeRTOS/tasks.o
 .bss.xDelayedTaskList1
                0x200029ec       0x14 ./amazon-freertos/FreeRTOS/tasks.o
 .bss.xDelayedTaskList2
                0x20002a00       0x14 ./amazon-freertos/FreeRTOS/tasks.o
 .bss.pxDelayedTaskList
                0x20002a14        0x4 ./amazon-freertos/FreeRTOS/tasks.o
 .bss.pxOverflowDelayedTaskList
                0x20002a18        0x4 ./amazon-freertos/FreeRTOS/tasks.o
 .bss.xPendingReadyList
                0x20002a1c       0x14 ./amazon-freertos/FreeRTOS/tasks.o
 .bss.xTasksWaitingTermination
                0x20002a30       0x14 ./amazon-freertos/FreeRTOS/tasks.o
 .bss.uxDeletedTasksWaitingCleanUp
                0x20002a44        0x4 ./amazon-freertos/FreeRTOS/tasks.o
 .bss.xSuspendedTaskList
                0x20002a48       0x14 ./amazon-freertos/FreeRTOS/tasks.o
 .bss.uxCurrentNumberOfTasks
                0x20002a5c        0x4 ./amazon-freertos/FreeRTOS/tasks.o
 .bss.xTickCount
                0x20002a60        0x4 ./amazon-freertos/FreeRTOS/tasks.o
 .bss.uxTopReadyPriority
                0x20002a64        0x4 ./amazon-freertos/FreeRTOS/tasks.o
 .bss.xSchedulerRunning
                0x20002a68        0x4 ./amazon-freertos/FreeRTOS/tasks.o
 .bss.uxPendedTicks
                0x20002a6c        0x4 ./amazon-freertos/FreeRTOS/tasks.o
 .bss.xYieldPending
                0x20002a70        0x4 ./amazon-freertos/FreeRTOS/tasks.o
 .bss.xNumOfOverflows
                0x20002a74        0x4 ./amazon-freertos/FreeRTOS/tasks.o
 .bss.uxTaskNumber
                0x20002a78        0x4 ./amazon-freertos/FreeRTOS/tasks.o
 .bss.xNextTaskUnblockTime
                0x20002a7c        0x4 ./amazon-freertos/FreeRTOS/tasks.o
 .bss.xIdleTaskHandle
                0x20002a80        0x4 ./amazon-freertos/FreeRTOS/tasks.o
 .bss.uxSchedulerSuspended
                0x20002a84        0x4 ./amazon-freertos/FreeRTOS/tasks.o
 .bss.xActiveTimerList1
                0x20002a88       0x14 ./amazon-freertos/FreeRTOS/timers.o
 .bss.xActiveTimerList2
                0x20002a9c       0x14 ./amazon-freertos/FreeRTOS/timers.o
 .bss.pxCurrentTimerList
                0x20002ab0        0x4 ./amazon-freertos/FreeRTOS/timers.o
 .bss.pxOverflowTimerList
                0x20002ab4        0x4 ./amazon-freertos/FreeRTOS/timers.o
 .bss.xTimerQueue
                0x20002ab8        0x4 ./amazon-freertos/FreeRTOS/timers.o
 .bss.xTimerTaskHandle
                0x20002abc        0x4 ./amazon-freertos/FreeRTOS/timers.o
 .bss.xLastTime.5855
                0x20002ac0        0x4 ./amazon-freertos/FreeRTOS/timers.o
 .bss.__Ciob    0x20002ac4       0xb4 c:/nxp/mcuxpressoide_10.2.1_795/ide/tools/bin/../lib/gcc/arm-none-eabi/7.2.1/../../../../arm-none-eabi/lib/thumb/v7e-m/fpv4-sp/hard\libcr_nohost_nf.a(__ciob.o)
                0x20002ac4                __Ciob
 .bss.__end_of_heap
                0x20002b78        0x4 c:/nxp/mcuxpressoide_10.2.1_795/ide/tools/bin/../lib/gcc/arm-none-eabi/7.2.1/../../../../arm-none-eabi/lib/thumb/v7e-m/fpv4-sp/hard\libcr_c.a(__init_alloc.o)
                0x20002b78                __end_of_heap
 .bss.__heaps   0x20002b7c        0x4 c:/nxp/mcuxpressoide_10.2.1_795/ide/tools/bin/../lib/gcc/arm-none-eabi/7.2.1/../../../../arm-none-eabi/lib/thumb/v7e-m/fpv4-sp/hard\libcr_c.a(__init_alloc.o)
                0x20002b7c                __heaps
 .bss.errno     0x20002b80        0x4 c:/nxp/mcuxpressoide_10.2.1_795/ide/tools/bin/../lib/gcc/arm-none-eabi/7.2.1/../../../../arm-none-eabi/lib/thumb/v7e-m/fpv4-sp/hard\libcr_c.a(errno.o)
                0x20002b80                errno
 .bss.txComplete
                0x20002b84        0x1 ./source/can_example.o
                0x20002b84                txComplete
 .bss.receiving
                0x20002b85        0x1 ./source/can_example.o
                0x20002b85                receiving
 .bss.message_received
                0x20002b86        0x1 ./source/can_example.o
                0x20002b86                message_received
 .bss.g_Adc16ConversionDoneFlag
                0x20002b87        0x1 ./source/can_example.o
                0x20002b87                g_Adc16ConversionDoneFlag
 .bss.algo      0x20002b88        0x1 ./source/can_example.o
                0x20002b88                algo
 .bss.ucMaxSysCallPriority
                0x20002b89        0x1 ./amazon-freertos/FreeRTOS/portable/port.o
 *(SORT_BY_ALIGNMENT(COMMON))
                0x20002b8c                . = ALIGN (0x4)
 *fill*         0x20002b8a        0x2 
                0x20002b8c                _ebss = .
                [!provide]                PROVIDE (end, .)

.noinit_RAM2    0x1fff0000        0x0
 *(SORT_BY_ALIGNMENT(.noinit.$RAM2*))
 *(SORT_BY_ALIGNMENT(.noinit.$SRAM_LOWER*))
                0x1fff0000                . = ALIGN (0x4)

.noinit_RAM3    0x14000000        0x0
 *(SORT_BY_ALIGNMENT(.noinit.$RAM3*))
 *(SORT_BY_ALIGNMENT(.noinit.$FLEX_RAM*))
                0x14000000                . = ALIGN (0x4)

.noinit         0x20002b8c        0x0
                0x20002b8c                _noinit = .
 *(SORT_BY_ALIGNMENT(.noinit*))
                0x20002b8c                . = ALIGN (0x4)
                0x20002b8c                _end_noinit = .
                0x00001000                _HeapSize = 0x1000

.heap           0x20002b8c     0x1000
                0x20002b8c                _pvHeapStart = .
                0x20003b8c                . = (. + _HeapSize)
 *fill*         0x20002b8c     0x1000 
                0x20003b8c                . = ALIGN (0x4)
                0x20003b8c                _pvHeapLimit = .
                0x00001000                _StackSize = 0x1000

.heap2stackfill
                0x20003b8c     0x1000
                0x20004b8c                . = (. + _StackSize)
 *fill*         0x20003b8c     0x1000 

.stack          0x2002f000        0x0
                0x2002f000                _vStackBase = .
                0x2002f000                . = ALIGN (0x4)
                0x20030000                _vStackTop = (. + _StackSize)
                0x00000000                _image_start = LOADADDR (.text)
                0x00008d7c                _image_end = (LOADADDR (.data) + SIZEOF (.data))
                0x00008d7c                _image_size = (_image_end - _image_start)
OUTPUT(frdmk64f_freertos_can_controller.axf elf32-littlearm)

.debug_info     0x00000000    0x1280f
 .debug_info    0x00000000      0x949 ./utilities/fsl_debug_console.o
 .debug_info    0x00000949      0x539 ./utilities/fsl_str.o
 .debug_info    0x00000e82      0x8b0 ./startup/startup_mk64f12.o
 .debug_info    0x00001732     0x1861 ./source/can_example.o
 .debug_info    0x00002f93      0xa73 ./source/leds.o
 .debug_info    0x00003a06       0x3b ./source/semihost_hardfault.o
 .debug_info    0x00003a41      0xdc3 ./drivers/fsl_adc16.o
 .debug_info    0x00004804     0x1f24 ./drivers/fsl_clock.o
 .debug_info    0x00006728     0x1dab ./drivers/fsl_flexcan.o
 .debug_info    0x000084d3      0x664 ./drivers/fsl_gpio.o
 .debug_info    0x00008b37     0x1a78 ./drivers/fsl_uart.o
 .debug_info    0x0000a5af      0x630 ./device/system_MK64F12.o
 .debug_info    0x0000abdf      0x98c ./component/uart/uart_adapter.o
 .debug_info    0x0000b56b      0x6fe ./component/serial_manager/serial_manager.o
 .debug_info    0x0000bc69      0x4bd ./component/serial_manager/serial_port_uart.o
 .debug_info    0x0000c126      0x45c ./board/board.o
 .debug_info    0x0000c582      0xb2e ./board/clock_config.o
 .debug_info    0x0000d0b0      0x662 ./board/pin_mux.o
 .debug_info    0x0000d712       0xe5 ./amazon-freertos/FreeRTOS/portable/fsl_tickless_systick.o
 .debug_info    0x0000d7f7      0x3ea ./amazon-freertos/FreeRTOS/portable/heap_4.o
 .debug_info    0x0000dbe1      0x52e ./amazon-freertos/FreeRTOS/portable/port.o
 .debug_info    0x0000e10f      0x2c9 ./amazon-freertos/FreeRTOS/list.o
 .debug_info    0x0000e3d8     0x1690 ./amazon-freertos/FreeRTOS/queue.o
 .debug_info    0x0000fa68     0x2002 ./amazon-freertos/FreeRTOS/tasks.o
 .debug_info    0x00011a6a      0xda5 ./amazon-freertos/FreeRTOS/timers.o

.debug_abbrev   0x00000000     0x2f84
 .debug_abbrev  0x00000000      0x1cb ./utilities/fsl_debug_console.o
 .debug_abbrev  0x000001cb      0x197 ./utilities/fsl_str.o
 .debug_abbrev  0x00000362      0x15c ./startup/startup_mk64f12.o
 .debug_abbrev  0x000004be      0x316 ./source/can_example.o
 .debug_abbrev  0x000007d4      0x217 ./source/leds.o
 .debug_abbrev  0x000009eb       0x2f ./source/semihost_hardfault.o
 .debug_abbrev  0x00000a1a      0x26e ./drivers/fsl_adc16.o
 .debug_abbrev  0x00000c88      0x307 ./drivers/fsl_clock.o
 .debug_abbrev  0x00000f8f      0x315 ./drivers/fsl_flexcan.o
 .debug_abbrev  0x000012a4      0x196 ./drivers/fsl_gpio.o
 .debug_abbrev  0x0000143a      0x303 ./drivers/fsl_uart.o
 .debug_abbrev  0x0000173d      0x154 ./device/system_MK64F12.o
 .debug_abbrev  0x00001891      0x1c2 ./component/uart/uart_adapter.o
 .debug_abbrev  0x00001a53      0x163 ./component/serial_manager/serial_manager.o
 .debug_abbrev  0x00001bb6      0x148 ./component/serial_manager/serial_port_uart.o
 .debug_abbrev  0x00001cfe      0x118 ./board/board.o
 .debug_abbrev  0x00001e16      0x1e7 ./board/clock_config.o
 .debug_abbrev  0x00001ffd      0x1b1 ./board/pin_mux.o
 .debug_abbrev  0x000021ae       0x92 ./amazon-freertos/FreeRTOS/portable/fsl_tickless_systick.o
 .debug_abbrev  0x00002240      0x1e8 ./amazon-freertos/FreeRTOS/portable/heap_4.o
 .debug_abbrev  0x00002428      0x24c ./amazon-freertos/FreeRTOS/portable/port.o
 .debug_abbrev  0x00002674      0x119 ./amazon-freertos/FreeRTOS/list.o
 .debug_abbrev  0x0000278d      0x2b6 ./amazon-freertos/FreeRTOS/queue.o
 .debug_abbrev  0x00002a43      0x2eb ./amazon-freertos/FreeRTOS/tasks.o
 .debug_abbrev  0x00002d2e      0x256 ./amazon-freertos/FreeRTOS/timers.o

.debug_aranges  0x00000000     0x1180
 .debug_aranges
                0x00000000       0x78 ./utilities/fsl_debug_console.o
 .debug_aranges
                0x00000078       0x38 ./utilities/fsl_str.o
 .debug_aranges
                0x000000b0      0x330 ./startup/startup_mk64f12.o
 .debug_aranges
                0x000003e0       0x80 ./source/can_example.o
 .debug_aranges
                0x00000460       0x58 ./source/leds.o
 .debug_aranges
                0x000004b8       0x20 ./source/semihost_hardfault.o
 .debug_aranges
                0x000004d8       0x88 ./drivers/fsl_adc16.o
 .debug_aranges
                0x00000560      0x1e8 ./drivers/fsl_clock.o
 .debug_aranges
                0x00000748      0x178 ./drivers/fsl_flexcan.o
 .debug_aranges
                0x000008c0       0x40 ./drivers/fsl_gpio.o
 .debug_aranges
                0x00000900      0x170 ./drivers/fsl_uart.o
 .debug_aranges
                0x00000a70       0x30 ./device/system_MK64F12.o
 .debug_aranges
                0x00000aa0       0x40 ./component/uart/uart_adapter.o
 .debug_aranges
                0x00000ae0       0x88 ./component/serial_manager/serial_manager.o
 .debug_aranges
                0x00000b68       0x38 ./component/serial_manager/serial_port_uart.o
 .debug_aranges
                0x00000ba0       0x20 ./board/board.o
 .debug_aranges
                0x00000bc0       0x50 ./board/clock_config.o
 .debug_aranges
                0x00000c10       0x38 ./board/pin_mux.o
 .debug_aranges
                0x00000c48       0x20 ./amazon-freertos/FreeRTOS/portable/fsl_tickless_systick.o
 .debug_aranges
                0x00000c68       0x50 ./amazon-freertos/FreeRTOS/portable/heap_4.o
 .debug_aranges
                0x00000cb8       0x78 ./amazon-freertos/FreeRTOS/portable/port.o
 .debug_aranges
                0x00000d30       0x40 ./amazon-freertos/FreeRTOS/list.o
 .debug_aranges
                0x00000d70      0x130 ./amazon-freertos/FreeRTOS/queue.o
 .debug_aranges
                0x00000ea0      0x208 ./amazon-freertos/FreeRTOS/tasks.o
 .debug_aranges
                0x000010a8       0xd8 ./amazon-freertos/FreeRTOS/timers.o

.debug_ranges   0x00000000      0xff0
 .debug_ranges  0x00000000       0x68 ./utilities/fsl_debug_console.o
 .debug_ranges  0x00000068       0x28 ./utilities/fsl_str.o
 .debug_ranges  0x00000090      0x320 ./startup/startup_mk64f12.o
 .debug_ranges  0x000003b0       0x70 ./source/can_example.o
 .debug_ranges  0x00000420       0x48 ./source/leds.o
 .debug_ranges  0x00000468       0x10 ./source/semihost_hardfault.o
 .debug_ranges  0x00000478       0x78 ./drivers/fsl_adc16.o
 .debug_ranges  0x000004f0      0x1d8 ./drivers/fsl_clock.o
 .debug_ranges  0x000006c8      0x168 ./drivers/fsl_flexcan.o
 .debug_ranges  0x00000830       0x30 ./drivers/fsl_gpio.o
 .debug_ranges  0x00000860      0x160 ./drivers/fsl_uart.o
 .debug_ranges  0x000009c0       0x20 ./device/system_MK64F12.o
 .debug_ranges  0x000009e0       0x30 ./component/uart/uart_adapter.o
 .debug_ranges  0x00000a10       0x78 ./component/serial_manager/serial_manager.o
 .debug_ranges  0x00000a88       0x28 ./component/serial_manager/serial_port_uart.o
 .debug_ranges  0x00000ab0       0x10 ./board/board.o
 .debug_ranges  0x00000ac0       0x40 ./board/clock_config.o
 .debug_ranges  0x00000b00       0x28 ./board/pin_mux.o
 .debug_ranges  0x00000b28       0x10 ./amazon-freertos/FreeRTOS/portable/fsl_tickless_systick.o
 .debug_ranges  0x00000b38       0x40 ./amazon-freertos/FreeRTOS/portable/heap_4.o
 .debug_ranges  0x00000b78       0x68 ./amazon-freertos/FreeRTOS/portable/port.o
 .debug_ranges  0x00000be0       0x30 ./amazon-freertos/FreeRTOS/list.o
 .debug_ranges  0x00000c10      0x120 ./amazon-freertos/FreeRTOS/queue.o
 .debug_ranges  0x00000d30      0x1f8 ./amazon-freertos/FreeRTOS/tasks.o
 .debug_ranges  0x00000f28       0xc8 ./amazon-freertos/FreeRTOS/timers.o

.debug_macro    0x00000000     0x2cac
 .debug_macro   0x00000000      0x1fb ./utilities/fsl_debug_console.o
 .debug_macro   0x000001fb       0x16 ./utilities/fsl_debug_console.o
 .debug_macro   0x00000211       0x10 ./utilities/fsl_debug_console.o
 .debug_macro   0x00000221       0x28 ./utilities/fsl_debug_console.o
 .debug_macro   0x00000249      0x197 ./utilities/fsl_debug_console.o
 .debug_macro   0x000003e0      0x15a ./utilities/fsl_debug_console.o
 .debug_macro   0x0000053a       0xdd ./utilities/fsl_debug_console.o
 .debug_macro   0x00000617       0x10 ./utilities/fsl_debug_console.o
 .debug_macro   0x00000627       0x1f ./utilities/fsl_debug_console.o
 .debug_macro   0x00000646      0x353 ./utilities/fsl_debug_console.o
 .debug_macro   0x00000999       0xb5 ./utilities/fsl_debug_console.o
 .debug_macro   0x00000a4e       0x8c ./utilities/fsl_debug_console.o
 .debug_macro   0x00000ada       0x86 ./utilities/fsl_debug_console.o
 .debug_macro   0x00000b60       0x7e ./utilities/fsl_debug_console.o
 .debug_macro   0x00000bde       0x54 ./utilities/fsl_debug_console.o
 .debug_macro   0x00000c32       0x16 ./utilities/fsl_debug_console.o
 .debug_macro   0x00000c48       0x34 ./utilities/fsl_debug_console.o
 .debug_macro   0x00000c7c      0x118 ./utilities/fsl_str.o
 .debug_macro   0x00000d94       0xc4 ./utilities/fsl_str.o
 .debug_macro   0x00000e58       0x1c ./utilities/fsl_str.o
 .debug_macro   0x00000e74       0x29 ./startup/startup_mk64f12.o
 .debug_macro   0x00000e9d      0x258 ./source/can_example.o
 .debug_macro   0x000010f5       0x16 ./source/can_example.o
 .debug_macro   0x0000110b       0x91 ./source/can_example.o
 .debug_macro   0x0000119c       0x1c ./source/can_example.o
 .debug_macro   0x000011b8       0xd5 ./source/can_example.o
 .debug_macro   0x0000128d       0x1c ./source/can_example.o
 .debug_macro   0x000012a9       0x10 ./source/can_example.o
 .debug_macro   0x000012b9       0x16 ./source/can_example.o
 .debug_macro   0x000012cf      0x1f1 ./source/can_example.o
 .debug_macro   0x000014c0       0x10 ./source/can_example.o
 .debug_macro   0x000014d0      0x165 ./source/leds.o
 .debug_macro   0x00001635       0x16 ./source/leds.o
 .debug_macro   0x0000164b       0x11 ./source/semihost_hardfault.o
 .debug_macro   0x0000165c      0x103 ./drivers/fsl_adc16.o
 .debug_macro   0x0000175f      0x1bf ./drivers/fsl_clock.o
 .debug_macro   0x0000191e      0x108 ./drivers/fsl_flexcan.o
 .debug_macro   0x00001a26       0xcf ./drivers/fsl_flexcan.o
 .debug_macro   0x00001af5      0x109 ./drivers/fsl_gpio.o
 .debug_macro   0x00001bfe      0x10f ./drivers/fsl_uart.o
 .debug_macro   0x00001d0d       0x98 ./device/system_MK64F12.o
 .debug_macro   0x00001da5      0x105 ./component/uart/uart_adapter.o
 .debug_macro   0x00001eaa       0x10 ./component/uart/uart_adapter.o
 .debug_macro   0x00001eba       0x1c ./component/uart/uart_adapter.o
 .debug_macro   0x00001ed6      0x122 ./component/serial_manager/serial_manager.o
 .debug_macro   0x00001ff8      0x113 ./component/serial_manager/serial_port_uart.o
 .debug_macro   0x0000210b       0x1c ./component/serial_manager/serial_port_uart.o
 .debug_macro   0x00002127      0x149 ./board/board.o
 .debug_macro   0x00002270      0x13a ./board/clock_config.o
 .debug_macro   0x000023aa      0x124 ./board/pin_mux.o
 .debug_macro   0x000024ce       0xbc ./amazon-freertos/FreeRTOS/portable/fsl_tickless_systick.o
 .debug_macro   0x0000258a       0x7c ./amazon-freertos/FreeRTOS/portable/fsl_tickless_systick.o
 .debug_macro   0x00002606       0xdf ./amazon-freertos/FreeRTOS/portable/heap_4.o
 .debug_macro   0x000026e5      0x134 ./amazon-freertos/FreeRTOS/portable/port.o
 .debug_macro   0x00002819       0xb8 ./amazon-freertos/FreeRTOS/list.o
 .debug_macro   0x000028d1      0x121 ./amazon-freertos/FreeRTOS/queue.o
 .debug_macro   0x000029f2      0x199 ./amazon-freertos/FreeRTOS/tasks.o
 .debug_macro   0x00002b8b       0x10 ./amazon-freertos/FreeRTOS/tasks.o
 .debug_macro   0x00002b9b       0x16 ./amazon-freertos/FreeRTOS/tasks.o
 .debug_macro   0x00002bb1       0xfb ./amazon-freertos/FreeRTOS/timers.o

.debug_line     0x00000000     0x7e1a
 .debug_line    0x00000000      0x530 ./utilities/fsl_debug_console.o
 .debug_line    0x00000530      0x51c ./utilities/fsl_str.o
 .debug_line    0x00000a4c      0x6d4 ./startup/startup_mk64f12.o
 .debug_line    0x00001120      0x5b3 ./source/can_example.o
 .debug_line    0x000016d3      0x366 ./source/leds.o
 .debug_line    0x00001a39       0x54 ./source/semihost_hardfault.o
 .debug_line    0x00001a8d      0x3a9 ./drivers/fsl_adc16.o
 .debug_line    0x00001e36      0x9ec ./drivers/fsl_clock.o
 .debug_line    0x00002822      0x974 ./drivers/fsl_flexcan.o
 .debug_line    0x00003196      0x27f ./drivers/fsl_gpio.o
 .debug_line    0x00003415      0x9ef ./drivers/fsl_uart.o
 .debug_line    0x00003e04      0x21b ./device/system_MK64F12.o
 .debug_line    0x0000401f      0x2ed ./component/uart/uart_adapter.o
 .debug_line    0x0000430c      0x432 ./component/serial_manager/serial_manager.o
 .debug_line    0x0000473e      0x2f8 ./component/serial_manager/serial_port_uart.o
 .debug_line    0x00004a36      0x2a1 ./board/board.o
 .debug_line    0x00004cd7      0x2ae ./board/clock_config.o
 .debug_line    0x00004f85      0x25d ./board/pin_mux.o
 .debug_line    0x000051e2      0x205 ./amazon-freertos/FreeRTOS/portable/fsl_tickless_systick.o
 .debug_line    0x000053e7      0x31f ./amazon-freertos/FreeRTOS/portable/heap_4.o
 .debug_line    0x00005706      0x3e5 ./amazon-freertos/FreeRTOS/portable/port.o
 .debug_line    0x00005aeb      0x266 ./amazon-freertos/FreeRTOS/list.o
 .debug_line    0x00005d51      0xb87 ./amazon-freertos/FreeRTOS/queue.o
 .debug_line    0x000068d8      0xf69 ./amazon-freertos/FreeRTOS/tasks.o
 .debug_line    0x00007841      0x5d9 ./amazon-freertos/FreeRTOS/timers.o

.debug_str      0x00000000    0x8a73f
 .debug_str     0x00000000    0x7e6d5 ./utilities/fsl_debug_console.o
                              0x7e807 (size before relaxing)
 .debug_str     0x0007e6d5      0x686 ./utilities/fsl_str.o
                              0x795b8 (size before relaxing)
 .debug_str     0x0007ed5b      0x7b2 ./startup/startup_mk64f12.o
                               0x362f (size before relaxing)
 .debug_str     0x0007f50d     0x3af7 ./source/can_example.o
                              0x81389 (size before relaxing)
 .debug_str     0x00083004      0x701 ./source/leds.o
                              0x7a8b6 (size before relaxing)
 .debug_str     0x00083705       0x1f ./source/semihost_hardfault.o
                               0x2dc0 (size before relaxing)
 .debug_str     0x00083724      0x414 ./drivers/fsl_adc16.o
                              0x7a104 (size before relaxing)
 .debug_str     0x00083b38     0x1616 ./drivers/fsl_clock.o
                              0x7b254 (size before relaxing)
 .debug_str     0x0008514e      0xb75 ./drivers/fsl_flexcan.o
                              0x7baba (size before relaxing)
 .debug_str     0x00085cc3       0xb6 ./drivers/fsl_gpio.o
                              0x795f3 (size before relaxing)
 .debug_str     0x00085d79      0xd2e ./drivers/fsl_uart.o
                              0x7ab44 (size before relaxing)
 .debug_str     0x00086aa7      0x109 ./device/system_MK64F12.o
                              0x77ea7 (size before relaxing)
 .debug_str     0x00086bb0      0x30b ./component/uart/uart_adapter.o
                              0x79a4a (size before relaxing)
 .debug_str     0x00086ebb      0x36c ./component/serial_manager/serial_manager.o
                              0x7944b (size before relaxing)
 .debug_str     0x00087227       0xfc ./component/serial_manager/serial_port_uart.o
                              0x794f8 (size before relaxing)
 .debug_str     0x00087323       0x37 ./board/board.o
                              0x7a1df (size before relaxing)
 .debug_str     0x0008735a      0x2f1 ./board/clock_config.o
                              0x79c7c (size before relaxing)
 .debug_str     0x0008764b       0xa6 ./board/pin_mux.o
                              0x79247 (size before relaxing)
 .debug_str     0x000876f1      0x3d4 ./amazon-freertos/FreeRTOS/portable/fsl_tickless_systick.o
                               0x810a (size before relaxing)
 .debug_str     0x00087ac5      0x2b6 ./amazon-freertos/FreeRTOS/portable/heap_4.o
                               0x804e (size before relaxing)
 .debug_str     0x00087d7b      0x58c ./amazon-freertos/FreeRTOS/portable/port.o
                               0x86b1 (size before relaxing)
 .debug_str     0x00088307      0x135 ./amazon-freertos/FreeRTOS/list.o
                               0x7938 (size before relaxing)
 .debug_str     0x0008843c      0x846 ./amazon-freertos/FreeRTOS/queue.o
                               0x8e9c (size before relaxing)
 .debug_str     0x00088c82     0x155f ./amazon-freertos/FreeRTOS/tasks.o
                               0x9d5d (size before relaxing)
 .debug_str     0x0008a1e1      0x55e ./amazon-freertos/FreeRTOS/timers.o
                               0x9367 (size before relaxing)

.comment        0x00000000       0x7e
 .comment       0x00000000       0x7e ./utilities/fsl_debug_console.o
                                 0x7f (size before relaxing)
 .comment       0x0000007e       0x7f ./utilities/fsl_str.o
 .comment       0x0000007e       0x7f ./startup/startup_mk64f12.o
 .comment       0x0000007e       0x7f ./source/can_example.o
 .comment       0x0000007e       0x7f ./source/leds.o
 .comment       0x0000007e       0x7f ./source/semihost_hardfault.o
 .comment       0x0000007e       0x7f ./drivers/fsl_adc16.o
 .comment       0x0000007e       0x7f ./drivers/fsl_clock.o
 .comment       0x0000007e       0x7f ./drivers/fsl_flexcan.o
 .comment       0x0000007e       0x7f ./drivers/fsl_gpio.o
 .comment       0x0000007e       0x7f ./drivers/fsl_uart.o
 .comment       0x0000007e       0x7f ./device/system_MK64F12.o
 .comment       0x0000007e       0x7f ./component/uart/uart_adapter.o
 .comment       0x0000007e       0x7f ./component/serial_manager/serial_manager.o
 .comment       0x0000007e       0x7f ./component/serial_manager/serial_port_uart.o
 .comment       0x0000007e       0x7f ./board/board.o
 .comment       0x0000007e       0x7f ./board/clock_config.o
 .comment       0x0000007e       0x7f ./board/pin_mux.o
 .comment       0x0000007e       0x7f ./amazon-freertos/FreeRTOS/portable/fsl_tickless_systick.o
 .comment       0x0000007e       0x7f ./amazon-freertos/FreeRTOS/portable/heap_4.o