tasks.c:743:13:xTaskCreate	56	static
tasks.c:834:13:prvInitialiseNewTask	40	static
tasks.c:1038:13:prvAddNewTaskToReadyList	16	static
tasks.c:1123:7:vTaskDelete	24	static
tasks.c:1215:7:vTaskDelayUntil	48	static
tasks.c:1299:7:vTaskDelay	24	static
tasks.c:1344:13:eTaskGetState	32	static
tasks.c:1415:14:uxTaskPriorityGet	24	static
tasks.c:1437:14:uxTaskPriorityGetFromISR	40	static
tasks.c:1477:7:vTaskPrioritySet	40	static
tasks.c:1641:7:vTaskSuspend	24	static
tasks.c:1742:20:prvTaskIsTaskSuspended	32	static
tasks.c:1788:7:vTaskResume	24	static
tasks.c:1842:13:xTaskResumeFromISR	48	static
tasks.c:1912:6:vTaskStartScheduler	32	static
tasks.c:2032:6:vTaskEndScheduler	16	static
tasks.c:2043:6:vTaskSuspendAll	4	static
tasks.c:2116:12:xTaskResumeAll	24	static
tasks.c:2226:12:xTaskGetTickCount	16	static
tasks.c:2241:12:xTaskGetIdleTickCount	16	static
tasks.c:2256:12:xTaskGetTickCountFromISR	16	static
tasks.c:2287:12:xTaskGetIdleTickCountFromISR	16	static
tasks.c:2318:13:uxTaskGetNumberOfTasks	4	static
tasks.c:2326:7:pcTaskGetName	24	static
tasks.c:2466:14:uxTaskGetSystemState	32	static
tasks.c:2646:12:xTaskIncrementTick	32	static
tasks.c:2908:6:vTaskSwitchContext	32	static
tasks.c:2981:6:vTaskPlaceOnEventList	24	static
tasks.c:2998:6:vTaskPlaceOnUnorderedEventList	32	static
tasks.c:3024:7:vTaskPlaceOnEventListRestricted	32	static
tasks.c:3055:12:xTaskRemoveFromEventList	32	static
tasks.c:3123:6:vTaskRemoveFromUnorderedEventList	32	static
tasks.c:3157:6:vTaskSetTimeOutState	24	static
tasks.c:3169:6:vTaskInternalSetTimeOutState	16	static
tasks.c:3177:12:xTaskCheckForTimeOut	40	static
tasks.c:3240:6:vTaskMissedYield	4	static
tasks.c:3248:14:uxTaskGetTaskNumber	24	static
tasks.c:3271:7:vTaskSetTaskNumber	24	static
tasks.c:3295:8:prvIdleTask	16	static
tasks.c:3454:7:vTaskSetThreadLocalStoragePointer	32	static
tasks.c:3470:8:pvTaskGetThreadLocalStoragePointer	24	static
tasks.c:3507:13:prvInitialiseTaskLists	16	static
tasks.c:3539:13:prvCheckTasksWaitingTermination	16	static
tasks.c:3570:7:vTaskGetInfo	32	static
tasks.c:3666:21:prvListTasksWithinSingleList	48	static
tasks.c:3699:18:prvTaskCheckFreeStackSpace	24	static
tasks.c:3747:14:prvDeleteTCB	16	static
tasks.c:3801:13:prvResetNextTaskUnblockTime	16	static
tasks.c:3827:15:xTaskGetCurrentTaskHandle	16	static
tasks.c:3844:13:xTaskGetSchedulerState	16	static
tasks.c:3872:13:xTaskPriorityInherit	24	static
tasks.c:3959:13:xTaskPriorityDisinherit	32	static
tasks.c:4039:7:vTaskPriorityDisinheritAfterTimeout	40	static
tasks.c:4453:12:uxTaskResetEventItemValue	16	static
tasks.c:4469:8:pvTaskIncrementMutexHeldCount	4	static
tasks.c:4486:11:ulTaskNotifyTake	24	static
tasks.c:4554:13:xTaskNotifyWait	32	static
tasks.c:4634:13:xTaskGenericNotify	48	static
tasks.c:4740:13:xTaskGenericNotifyFromISR	64	static
tasks.c:4864:7:vTaskNotifyGiveFromISR	48	static
tasks.c:4953:13:xTaskNotifyStateClear	24	static
tasks.c:4983:13:prvAddCurrentTaskToDelayedList	24	static
