core_cm4.h:1677:22:__NVIC_EnableIRQ	16	static
fsl_clock.h:666:20:CLOCK_EnableClock	24	static
fsl_clock.h:677:20:CLOCK_DisableClock	24	static
fsl_common.h:414:28:EnableIRQ	16	static
fsl_flexcan.h:615:20:FLEXCAN_ClearStatusFlags	16	static
fsl_flexcan.h:656:24:FLEXCAN_GetMbStatusFlags	16	static
fsl_flexcan.h:677:20:FLEXCAN_ClearMbStatusFlags	16	static
fsl_flexcan.h:704:20:FLEXCAN_EnableInterrupts	16	static
fsl_flexcan.h:725:20:FLEXCAN_DisableInterrupts	16	static
fsl_flexcan.h:748:20:FLEXCAN_EnableMbInterrupts	16	static
fsl_flexcan.h:770:20:FLEXCAN_DisableMbInterrupts	16	static
fsl_flexcan.h:828:20:FLEXCAN_Enable	16	static
fsl_flexcan.c:199:10:FLEXCAN_GetInstance	24	static
fsl_flexcan.c:217:13:FLEXCAN_EnterFreezeMode	16	static
fsl_flexcan.c:228:13:FLEXCAN_ExitFreezeMode	16	static
fsl_flexcan.c:240:13:FLEXCAN_IsMbOccupied	24	static
fsl_flexcan.c:302:13:FLEXCAN_IsMbIntEnabled	16	static
fsl_flexcan.c:335:13:FLEXCAN_Reset	24	static
fsl_flexcan.c:395:13:FLEXCAN_SetBaudRate	40	static
fsl_flexcan.c:431:6:FLEXCAN_Init	32	static
fsl_flexcan.c:496:6:FLEXCAN_Deinit	24	static
fsl_flexcan.c:518:6:FLEXCAN_GetDefaultConfig	16	static
fsl_flexcan.c:537:6:FLEXCAN_SetTimingConfig	16	static
fsl_flexcan.c:558:6:FLEXCAN_SetRxMbGlobalMask	16	static
fsl_flexcan.c:572:6:FLEXCAN_SetRxFifoGlobalMask	16	static
fsl_flexcan.c:584:6:FLEXCAN_SetRxIndividualMask	24	static
fsl_flexcan.c:598:6:FLEXCAN_SetTxMbConfig	16	static
fsl_flexcan.c:620:6:FLEXCAN_SetRxMbConfig	32	static
fsl_flexcan.c:660:6:FLEXCAN_SetRxFifoConfig	40	static
fsl_flexcan.c:793:10:FLEXCAN_WriteTxMb	32	static
fsl_flexcan.c:847:10:FLEXCAN_ReadRxMb	32	static
fsl_flexcan.c:902:10:FLEXCAN_ReadRxFifo	24	static
fsl_flexcan.c:946:10:FLEXCAN_TransferSendBlocking	24	static
fsl_flexcan.c:967:10:FLEXCAN_TransferReceiveBlocking	24	static
fsl_flexcan.c:981:10:FLEXCAN_TransferReceiveFifoBlocking	24	static
fsl_flexcan.c:999:6:FLEXCAN_TransferCreateHandle	32	static
fsl_flexcan.c:1049:10:FLEXCAN_TransferSendNonBlocking	24	static
fsl_flexcan.c:1092:10:FLEXCAN_TransferReceiveNonBlocking	24	static
fsl_flexcan.c:1119:10:FLEXCAN_TransferReceiveFifoNonBlocking	24	static
fsl_flexcan.c:1145:6:FLEXCAN_TransferAbortSend	24	static
fsl_flexcan.c:1164:6:FLEXCAN_TransferAbortReceive	24	static
fsl_flexcan.c:1179:6:FLEXCAN_TransferAbortReceiveFifo	16	static
fsl_flexcan.c:1198:6:FLEXCAN_TransferHandleIRQ	40	static
fsl_flexcan.c:1338:6:CAN0_DriverIRQHandler	8	static
