fsl_clock.h:666:20:CLOCK_EnableClock	24	static
fsl_clock.h:677:20:CLOCK_DisableClock	24	static
fsl_clock.h:688:20:CLOCK_SetEr32kClock	16	static
fsl_clock.h:738:20:CLOCK_SetPllFllSelClock	16	static
fsl_clock.h:1164:20:OSC_SetExtRefClkConfig	24	static
fsl_clock.h:1190:20:OSC_SetCapLoad	24	static
fsl_clock.c:190:13:CLOCK_FllStableDelay	16	static
fsl_clock.c:210:17:CLOCK_GetMcgExtClkFreq	16	static
fsl_clock.c:237:17:CLOCK_GetFllExtRefClkFreq	16	static
fsl_clock.c:291:17:CLOCK_GetInternalRefClkSelectFreq	4	static
fsl_clock.c:305:17:CLOCK_GetFllRefClkFreq	8	static
fsl_clock.c:319:17:CLOCK_GetPll0RefFreq	8	static
fsl_clock.c:325:16:CLOCK_GetOscRangeFromFreq	24	static
fsl_clock.c:350:10:CLOCK_GetOsc0ErClkFreq	8	static
fsl_clock.c:369:10:CLOCK_GetEr32kClkFreq	16	static
fsl_clock.c:398:10:CLOCK_GetPllFllSelClkFreq	16	static
fsl_clock.c:426:10:CLOCK_GetPlatClkFreq	8	static
fsl_clock.c:436:10:CLOCK_GetFlashClkFreq	8	static
fsl_clock.c:446:10:CLOCK_GetFlexBusClkFreq	8	static
fsl_clock.c:456:10:CLOCK_GetBusClkFreq	8	static
fsl_clock.c:466:10:CLOCK_GetCoreSysClkFreq	8	static
fsl_clock.c:481:10:CLOCK_GetFreq	24	static
fsl_clock.c:542:6:CLOCK_SetSimConfig	16	static
fsl_clock.c:556:6:CLOCK_EnableUsbfs0Clock	24	static
fsl_clock.c:608:10:CLOCK_GetOutClkFreq	16	static
fsl_clock.c:643:10:CLOCK_GetFllFreq	16	static
fsl_clock.c:677:10:CLOCK_GetInternalRefClkFreq	8	static
fsl_clock.c:696:10:CLOCK_GetFixedFreqClkFreq	16	static
fsl_clock.c:719:10:CLOCK_GetPll0Freq	16	static
fsl_clock.c:755:10:CLOCK_SetExternalRefClkConfig	24	static
fsl_clock.c:808:10:CLOCK_SetInternalRefClkConfig	24	static
fsl_clock.c:871:10:CLOCK_CalcPllDiv	48	static
fsl_clock.c:979:6:CLOCK_EnablePll0	24	static
fsl_clock.c:1006:6:CLOCK_SetOsc0MonitorMode	16	static
fsl_clock.c:1036:6:CLOCK_SetRtcOscMonitorMode	24	static
fsl_clock.c:1060:6:CLOCK_SetPll0MonitorMode	24	static
fsl_clock.c:1116:10:CLOCK_GetStatusFlags	16	static
fsl_clock.c:1160:6:CLOCK_ClearStatusFlags	24	static
fsl_clock.c:1186:6:CLOCK_InitOsc0	24	static
fsl_clock.c:1209:6:CLOCK_DeinitOsc0	4	static
fsl_clock.c:1233:10:CLOCK_TrimInternalRefClk	40	static
fsl_clock.c:1316:12:CLOCK_GetMode	32	static
fsl_clock.c:1431:10:CLOCK_SetFeiMode	24	static
fsl_clock.c:1506:10:CLOCK_SetFeeMode	24	static
fsl_clock.c:1600:10:CLOCK_SetFbiMode	24	static
fsl_clock.c:1679:10:CLOCK_SetFbeMode	24	static
fsl_clock.c:1771:10:CLOCK_SetBlpiMode	4	static
fsl_clock.c:1795:10:CLOCK_SetBlpeMode	4	static
fsl_clock.c:1829:10:CLOCK_SetPbeMode	16	static
fsl_clock.c:1882:10:CLOCK_SetPeeMode	4	static
fsl_clock.c:1919:10:CLOCK_ExternalModeToFbeModeQuick	4	static
fsl_clock.c:1961:10:CLOCK_InternalModeToFbiModeQuick	4	static
fsl_clock.c:1996:10:CLOCK_BootToFeiMode	16	static
fsl_clock.c:2016:10:CLOCK_BootToFeeMode	24	static
fsl_clock.c:2037:10:CLOCK_BootToBlpiMode	16	static
fsl_clock.c:2065:10:CLOCK_BootToBlpeMode	16	static
fsl_clock.c:2110:10:CLOCK_BootToPeeMode	16	static
fsl_clock.c:2170:10:CLOCK_SetMcgConfig	32	static
