Archive member included to satisfy reference by file (symbol)

c:/nxp/mcuxpressoide_10.2.1_795/ide/tools/bin/../lib/gcc/arm-none-eabi/7.2.1/../../../../arm-none-eabi/lib/thumb/v7e-m/fpv4-sp/hard\libcr_semihost_nf.a(_cr__main.o)
                              ./startup/startup_mk64f12.o (__main)
c:/nxp/mcuxpressoide_10.2.1_795/ide/tools/bin/../lib/gcc/arm-none-eabi/7.2.1/../../../../arm-none-eabi/lib/thumb/v7e-m/fpv4-sp/hard\libcr_semihost_nf.a(_cr_assert.o)
                              ./utilities/fsl_debug_console.o (__assertion_failed)
c:/nxp/mcuxpressoide_10.2.1_795/ide/tools/bin/../lib/gcc/arm-none-eabi/7.2.1/../../../../arm-none-eabi/lib/thumb/v7e-m/fpv4-sp/hard\libcr_semihost_nf.a(__ciob.o)
                              c:/nxp/mcuxpressoide_10.2.1_795/ide/tools/bin/../lib/gcc/arm-none-eabi/7.2.1/../../../../arm-none-eabi/lib/thumb/v7e-m/fpv4-sp/hard\libcr_semihost_nf.a(_cr_assert.o) (__Ciob)
c:/nxp/mcuxpressoide_10.2.1_795/ide/tools/bin/../lib/gcc/arm-none-eabi/7.2.1/../../../../arm-none-eabi/lib/thumb/v7e-m/fpv4-sp/hard\libcr_semihost_nf.a(__sys_appexit.o)
                              c:/nxp/mcuxpressoide_10.2.1_795/ide/tools/bin/../lib/gcc/arm-none-eabi/7.2.1/../../../../arm-none-eabi/lib/thumb/v7e-m/fpv4-sp/hard\libcr_semihost_nf.a(_cr_assert.o) (__sys_appexit)
c:/nxp/mcuxpressoide_10.2.1_795/ide/tools/bin/../lib/gcc/arm-none-eabi/7.2.1/../../../../arm-none-eabi/lib/thumb/v7e-m/fpv4-sp/hard\libcr_c.a(memcpy.o)
                              ./source/lin1d3_driver.o (memcpy)
c:/nxp/mcuxpressoide_10.2.1_795/ide/tools/bin/../lib/gcc/arm-none-eabi/7.2.1/../../../../arm-none-eabi/lib/thumb/v7e-m/fpv4-sp/hard\libcr_c.a(memset.o)
                              ./source/lin1d3_driver.o (memset)
c:/nxp/mcuxpressoide_10.2.1_795/ide/tools/bin/../lib/gcc/arm-none-eabi/7.2.1/../../../../arm-none-eabi/lib/thumb/v7e-m/fpv4-sp/hard\libcr_c.a(_deferredlazyseek.o)
                              c:/nxp/mcuxpressoide_10.2.1_795/ide/tools/bin/../lib/gcc/arm-none-eabi/7.2.1/../../../../arm-none-eabi/lib/thumb/v7e-m/fpv4-sp/hard\libcr_semihost_nf.a(_cr_assert.o) (__flsbuf)
c:/nxp/mcuxpressoide_10.2.1_795/ide/tools/bin/../lib/gcc/arm-none-eabi/7.2.1/../../../../arm-none-eabi/lib/thumb/v7e-m/fpv4-sp/hard\libcr_c.a(_fflush.o)
                              c:/nxp/mcuxpressoide_10.2.1_795/ide/tools/bin/../lib/gcc/arm-none-eabi/7.2.1/../../../../arm-none-eabi/lib/thumb/v7e-m/fpv4-sp/hard\libcr_c.a(_deferredlazyseek.o) (_fflush)
c:/nxp/mcuxpressoide_10.2.1_795/ide/tools/bin/../lib/gcc/arm-none-eabi/7.2.1/../../../../arm-none-eabi/lib/thumb/v7e-m/fpv4-sp/hard\libcr_c.a(_writebuf.o)
                              c:/nxp/mcuxpressoide_10.2.1_795/ide/tools/bin/../lib/gcc/arm-none-eabi/7.2.1/../../../../arm-none-eabi/lib/thumb/v7e-m/fpv4-sp/hard\libcr_c.a(_deferredlazyseek.o) (_Cwritebuf)
c:/nxp/mcuxpressoide_10.2.1_795/ide/tools/bin/../lib/gcc/arm-none-eabi/7.2.1/../../../../arm-none-eabi/lib/thumb/v7e-m/fpv4-sp/hard\libcr_c.a(alloc.o)
                              ./drivers/fsl_common.o (malloc)
c:/nxp/mcuxpressoide_10.2.1_795/ide/tools/bin/../lib/gcc/arm-none-eabi/7.2.1/../../../../arm-none-eabi/lib/thumb/v7e-m/fpv4-sp/hard\libcr_c.a(fputs.o)
                              c:/nxp/mcuxpressoide_10.2.1_795/ide/tools/bin/../lib/gcc/arm-none-eabi/7.2.1/../../../../arm-none-eabi/lib/thumb/v7e-m/fpv4-sp/hard\libcr_semihost_nf.a(_cr_assert.o) (fputs)
c:/nxp/mcuxpressoide_10.2.1_795/ide/tools/bin/../lib/gcc/arm-none-eabi/7.2.1/../../../../arm-none-eabi/lib/thumb/v7e-m/fpv4-sp/hard\libcr_c.a(fseek.o)
                              c:/nxp/mcuxpressoide_10.2.1_795/ide/tools/bin/../lib/gcc/arm-none-eabi/7.2.1/../../../../arm-none-eabi/lib/thumb/v7e-m/fpv4-sp/hard\libcr_c.a(_deferredlazyseek.o) (fseek)
c:/nxp/mcuxpressoide_10.2.1_795/ide/tools/bin/../lib/gcc/arm-none-eabi/7.2.1/../../../../arm-none-eabi/lib/thumb/v7e-m/fpv4-sp/hard\libcr_c.a(ftell.o)
                              c:/nxp/mcuxpressoide_10.2.1_795/ide/tools/bin/../lib/gcc/arm-none-eabi/7.2.1/../../../../arm-none-eabi/lib/thumb/v7e-m/fpv4-sp/hard\libcr_c.a(fseek.o) (ftell)
c:/nxp/mcuxpressoide_10.2.1_795/ide/tools/bin/../lib/gcc/arm-none-eabi/7.2.1/../../../../arm-none-eabi/lib/thumb/v7e-m/fpv4-sp/hard\libcr_c.a(initio.o)
                              c:/nxp/mcuxpressoide_10.2.1_795/ide/tools/bin/../lib/gcc/arm-none-eabi/7.2.1/../../../../arm-none-eabi/lib/thumb/v7e-m/fpv4-sp/hard\libcr_semihost_nf.a(_cr__main.o) (_initio)
c:/nxp/mcuxpressoide_10.2.1_795/ide/tools/bin/../lib/gcc/arm-none-eabi/7.2.1/../../../../arm-none-eabi/lib/thumb/v7e-m/fpv4-sp/hard\libcr_c.a(printf.o)
                              ./utilities/fsl_assert.o (_printf)
c:/nxp/mcuxpressoide_10.2.1_795/ide/tools/bin/../lib/gcc/arm-none-eabi/7.2.1/../../../../arm-none-eabi/lib/thumb/v7e-m/fpv4-sp/hard\libcr_c.a(setvbuf.o)
                              c:/nxp/mcuxpressoide_10.2.1_795/ide/tools/bin/../lib/gcc/arm-none-eabi/7.2.1/../../../../arm-none-eabi/lib/thumb/v7e-m/fpv4-sp/hard\libcr_c.a(initio.o) (setvbuf)
[...]
Memory Configuration

Name             Origin             Length             Attributes
PROGRAM_FLASH    0x00000000         0x00100000         xr
SRAM_UPPER       0x20000000         0x00030000         xrw
SRAM_LOWER       0x1fff0000         0x00010000         xrw
FLEX_RAM         0x14000000         0x00001000         xrw
*default*        0x00000000         0xffffffff

Linker script and memory map

LOAD ./utilities/fsl_assert.o
LOAD ./utilities/fsl_debug_console.o
LOAD ./utilities/fsl_io.o
LOAD ./utilities/fsl_log.o
LOAD ./utilities/fsl_str.o
LOAD ./startup/startup_mk64f12.o
LOAD ./source/freertos_uart.o
LOAD ./source/lin1d3_driver.o
LOAD ./source/lin_driver_test_main.o
LOAD ./source/semihost_hardfault.o
LOAD ./drivers/freertos/fsl_uart_freertos.o
LOAD ./drivers/fsl_clock.o
LOAD ./drivers/fsl_common.o
LOAD ./drivers/fsl_ftfx_cache.o
LOAD ./drivers/fsl_ftfx_controller.o
LOAD ./drivers/fsl_ftfx_flash.o
LOAD ./drivers/fsl_ftfx_flexnvm.o
LOAD ./drivers/fsl_gpio.o
LOAD ./drivers/fsl_smc.o
LOAD ./drivers/fsl_uart.o
LOAD ./board/src/board.o
LOAD ./board/src/clock_config.o
LOAD ./board/peripherals.o
LOAD ./board/pin_mux.o
LOAD ./amazon-freertos/portable/fsl_tickless_systick.o
LOAD ./amazon-freertos/FreeRTOS/portable/heap_4.o
LOAD ./amazon-freertos/FreeRTOS/portable/port.o
LOAD ./amazon-freertos/FreeRTOS/event_groups.o
LOAD ./amazon-freertos/FreeRTOS/list.o
LOAD ./amazon-freertos/FreeRTOS/queue.o
LOAD ./amazon-freertos/FreeRTOS/stream_buffer.o
LOAD ./amazon-freertos/FreeRTOS/tasks.o
LOAD ./amazon-freertos/FreeRTOS/timers.o
LOAD ./CMSIS/system_MK64F12.o
START GROUP
LOAD c:/nxp/mcuxpressoide_10.2.1_795/ide/tools/bin/../lib/gcc/arm-none-eabi/7.2.1/../../../../arm-none-eabi/lib/thumb/v7e-m/fpv4-sp/hard\libcr_semihost_nf.a
LOAD c:/nxp/mcuxpressoide_10.2.1_795/ide/tools/bin/../lib/gcc/arm-none-eabi/7.2.1/../../../../arm-none-eabi/lib/thumb/v7e-m/fpv4-sp/hard\libcr_c.a
LOAD c:/nxp/mcuxpressoide_10.2.1_795/ide/tools/bin/../lib/gcc/arm-none-eabi/7.2.1/thumb/v7e-m/fpv4-sp/hard\libcr_eabihelpers.a
END GROUP
                0x00000000                __base_PROGRAM_FLASH = 0x0
                0x00000000                __base_Flash = 0x0
                0x00100000                __top_PROGRAM_FLASH = 0x100000
                0x00100000                __top_Flash = 0x100000
                0x20000000                __base_SRAM_UPPER = 0x20000000
                0x20000000                __base_RAM = 0x20000000
                0x20030000                __top_SRAM_UPPER = 0x20030000
                0x20030000                __top_RAM = 0x20030000
                0x1fff0000                __base_SRAM_LOWER = 0x1fff0000
                0x1fff0000                __base_RAM2 = 0x1fff0000
                0x20000000                __top_SRAM_LOWER = 0x20000000
                0x20000000                __top_RAM2 = 0x20000000
                0x14000000                __base_FLEX_RAM = 0x14000000
                0x14000000                __base_RAM3 = 0x14000000
                0x14001000                __top_FLEX_RAM = 0x14001000
                0x14001000                __top_RAM3 = 0x14001000

.text           0x00000000     0x8198
 FILL mask 0xff
                0x00000000                __vectors_start__ = ABSOLUTE (.)
 *(SORT_BY_ALIGNMENT(.isr_vector))
 .isr_vector    0x00000000      0x198 ./startup/startup_mk64f12.o
                0x00000000                g_pfnVectors
                0x00000000                __Vectors
                0x00000198                . = ALIGN (0x4)
                0x00000198                __section_table_start = .
                0x00000198                __data_section_table = .
                0x00000198        0x4 LONG 0x8198 LOADADDR (.data)
                0x0000019c        0x4 LONG 0x20000000 ADDR (.data)
                0x000001a0        0x4 LONG 0x10 SIZEOF (.data)
                0x000001a4        0x4 LONG 0x8198 LOADADDR (.data_RAM2)
                0x000001a8        0x4 LONG 0x1fff0000 ADDR (.data_RAM2)
                0x000001ac        0x4 LONG 0x0 SIZEOF (.data_RAM2)
                0x000001b0        0x4 LONG 0x8198 LOADADDR (.data_RAM3)
                0x000001b4        0x4 LONG 0x14000000 ADDR (.data_RAM3)
                0x000001b8        0x4 LONG 0x0 SIZEOF (.data_RAM3)
                0x000001bc                __data_section_table_end = .
                0x000001bc                __bss_section_table = .
                0x000001bc        0x4 LONG 0x20000010 ADDR (.bss)
                0x000001c0        0x4 LONG 0x2a88 SIZEOF (.bss)
                0x000001c4        0x4 LONG 0x1fff0000 ADDR (.bss_RAM2)
                0x000001c8        0x4 LONG 0x0 SIZEOF (.bss_RAM2)
                0x000001cc        0x4 LONG 0x14000000 ADDR (.bss_RAM3)
                0x000001d0        0x4 LONG 0x0 SIZEOF (.bss_RAM3)
                0x000001d4                __bss_section_table_end = .
                0x000001d4                __section_table_end = .
 *(SORT_BY_ALIGNMENT(.after_vectors*))
 .after_vectors.reset
                0x000001d4       0x4c ./startup/startup_mk64f12.o
                0x000001d4                ResetISR
 .after_vectors.init_data
                0x00000220       0x1e ./startup/startup_mk64f12.o
                0x00000220                data_init
 .after_vectors.init_bss
                0x0000023e       0x12 ./startup/startup_mk64f12.o
                0x0000023e                bss_init
 .after_vectors
                0x00000250       0x14 ./startup/startup_mk64f12.o
                0x00000250                NMI_Handler
                0x00000254                MemManage_Handler
                0x00000256                BusFault_Handler
                0x00000258                UsageFault_Handler
                0x0000025c                DebugMon_Handler
                0x00000262                LPTMR0_DriverIRQHandler
                0x00000262                DMA_Error_DriverIRQHandler
                0x00000262                SPI1_DriverIRQHandler
                0x00000262                FTM1_DriverIRQHandler
                0x00000262                FTM2_DriverIRQHandler
                0x00000262                PIT2_DriverIRQHandler
                0x00000262                SDHC_DriverIRQHandler
                0x00000262                I2S0_Tx_DriverIRQHandler
                0x00000262                RTC_Seconds_DriverIRQHandler
                0x00000262                DMA6_DriverIRQHandler
                0x00000262                LLWU_DriverIRQHandler
                0x00000262                MCM_DriverIRQHandler
                0x00000262                MCG_DriverIRQHandler
                0x00000262                ENET_1588_Timer_DriverIRQHandler
                0x00000262                I2C2_DriverIRQHandler
                0x00000262                DAC1_DriverIRQHandler
                0x00000262                DMA12_DriverIRQHandler
                0x00000262                CMP1_DriverIRQHandler
                0x00000262                FTM0_DriverIRQHandler
                0x00000262                IntDefaultHandler
                0x00000262                USB0_DriverIRQHandler
                0x00000262                UART5_ERR_DriverIRQHandler
                0x00000262                PORTC_DriverIRQHandler
                0x00000262                DMA11_DriverIRQHandler
                0x00000262                DAC0_DriverIRQHandler
                0x00000262                DMA10_DriverIRQHandler
                0x00000262                CMP2_DriverIRQHandler
                0x00000262                UART2_ERR_DriverIRQHandler
                0x00000262                SPI2_DriverIRQHandler
                0x00000262                LVD_LVW_DriverIRQHandler
                0x00000262                PIT0_DriverIRQHandler
                0x00000262                PORTB_DriverIRQHandler
                0x00000262                DMA5_DriverIRQHandler
                0x00000262                DMA4_DriverIRQHandler
                0x00000262                USBDCD_DriverIRQHandler
                0x00000262                UART3_ERR_DriverIRQHandler
                0x00000262                DMA3_DriverIRQHandler
                0x00000262                DMA8_DriverIRQHandler
                0x00000262                DMA9_DriverIRQHandler
                0x00000262                UART0_ERR_DriverIRQHandler
                0x00000262                CMT_DriverIRQHandler
                0x00000262                Reserved71_DriverIRQHandler
                0x00000262                ADC1_DriverIRQHandler
                0x00000262                PORTA_DriverIRQHandler
                0x00000262                DMA14_DriverIRQHandler
                0x00000262                PIT3_DriverIRQHandler
                0x00000262                PIT1_DriverIRQHandler
                0x00000262                WDOG_EWM_DriverIRQHandler
                0x00000262                PDB0_DriverIRQHandler
                0x00000262                RTC_DriverIRQHandler
                0x00000262                I2S0_Rx_DriverIRQHandler
                0x00000262                Read_Collision_DriverIRQHandler
                0x00000262                SWI_DriverIRQHandler
                0x00000262                UART4_ERR_DriverIRQHandler
                0x00000262                DMA0_DriverIRQHandler
                0x00000262                UART0_LON_DriverIRQHandler
                0x00000262                DMA1_DriverIRQHandler
                0x00000262                I2C1_DriverIRQHandler
                0x00000262                ENET_Receive_DriverIRQHandler
                0x00000262                DMA13_DriverIRQHandler
                0x00000262                ENET_Error_DriverIRQHandler
                0x00000262                DMA15_DriverIRQHandler
                0x00000262                SPI0_DriverIRQHandler
                0x00000262                ADC0_DriverIRQHandler
                0x00000262                CMP0_DriverIRQHandler
                0x00000262                CAN0_DriverIRQHandler
                0x00000262                FTM3_DriverIRQHandler
                0x00000262                RNG_DriverIRQHandler
                0x00000262                UART1_ERR_DriverIRQHandler
                0x00000262                DMA2_DriverIRQHandler
                0x00000262                ENET_Transmit_DriverIRQHandler
                0x00000262                PORTD_DriverIRQHandler
                0x00000262                PORTE_DriverIRQHandler
                0x00000262                FTFE_DriverIRQHandler
                0x00000262                I2C0_DriverIRQHandler
                0x00000262                DMA7_DriverIRQHandler
                0x00000400                . = 0x400
 *fill*         0x00000264      0x19c ff
                0x00000400                PROVIDE (__FLASH_CONFIG_START__, .)
 *(SORT_BY_ALIGNMENT(.FlashConfig))
 .FlashConfig   0x00000400       0x10 ./startup/startup_mk64f12.o
                0x00000400                Flash_Config
                0x00000410                PROVIDE (__FLASH_CONFIG_END__, .)
                0x00000001                ASSERT (! ((__FLASH_CONFIG_START__ == __FLASH_CONFIG_END__)), Linker Flash Config Support Enabled, but no .FlashConfig section provided within application)
 *(SORT_BY_ALIGNMENT(.text*))
 .text.SVC_Handler
                0x00000410       0x28 ./amazon-freertos/FreeRTOS/portable/port.o
                0x00000410                SVC_Handler
 *fill*         0x00000438        0x8 ff
 .text.PendSV_Handler
                0x00000440       0x68 ./amazon-freertos/FreeRTOS/portable/port.o
                0x00000440                PendSV_Handler
 .text.lin1d3_InitNode
                0x000004a8      0x17c ./source/lin1d3_driver.o
                0x000004a8                lin1d3_InitNode
 .text.master_task
                0x00000624      0x2cc ./source/lin1d3_driver.o
 .text.slave_task
                0x000008f0      0x2b8 ./source/lin1d3_driver.o
 .text.__NVIC_SetPriority
                0x00000ba8       0x54 ./source/lin_driver_test_main.o
 .text.main     0x00000bfc       0x5c ./source/lin_driver_test_main.o
                0x00000bfc                main
 .text.test_task
                0x00000c58       0x9c ./source/lin_driver_test_main.o
 .text.message_1_callback_slave
                0x00000cf4       0x2c ./source/lin_driver_test_main.o
 .text.message_2_callback_slave
                0x00000d20       0x3c ./source/lin_driver_test_main.o
 .text.message_3_callback_slave
                0x00000d5c       0x5c ./source/lin_driver_test_main.o
 .text.UART_RTOS_Callback
                0x00000db8       0xc0 ./drivers/freertos/fsl_uart_freertos.o
 .text.UART_RTOS_Init
                0x00000e78      0x16c ./drivers/freertos/fsl_uart_freertos.o
                0x00000e78                UART_RTOS_Init
 .text.CLOCK_SetEr32kClock
                0x00000fe4       0x30 ./drivers/fsl_clock.o
 .text.CLOCK_SetPllFllSelClock
                0x00001014       0x3c ./drivers/fsl_clock.o
 .text.CLOCK_GetMcgExtClkFreq
                0x00001050       0x78 ./drivers/fsl_clock.o
 .text.CLOCK_GetFllExtRefClkFreq
                0x000010c8       0xd0 ./drivers/fsl_clock.o
 .text.CLOCK_GetInternalRefClkSelectFreq
                0x00001198       0x44 ./drivers/fsl_clock.o
 .text.CLOCK_GetFllRefClkFreq
                0x000011dc       0x2c ./drivers/fsl_clock.o
 .text.CLOCK_GetOscRangeFromFreq
                0x00001208       0x3c ./drivers/fsl_clock.o
 .text.CLOCK_GetOsc0ErClkFreq
                0x00001244       0x38 ./drivers/fsl_clock.o
                0x00001244                CLOCK_GetOsc0ErClkFreq
 .text.CLOCK_GetEr32kClkFreq
                0x0000127c       0x70 ./drivers/fsl_clock.o
                0x0000127c                CLOCK_GetEr32kClkFreq
 .text.CLOCK_GetPllFllSelClkFreq
                0x000012ec       0x54 ./drivers/fsl_clock.o
                0x000012ec                CLOCK_GetPllFllSelClkFreq
 .text.CLOCK_GetFreq
                0x00001340      0x148 ./drivers/fsl_clock.o
                0x00001340                CLOCK_GetFreq
 .text.CLOCK_SetSimConfig
                0x00001488       0x38 ./drivers/fsl_clock.o
                0x00001488                CLOCK_SetSimConfig
 .text.CLOCK_GetOutClkFreq
                0x000014c0       0x64 ./drivers/fsl_clock.o
                0x000014c0                CLOCK_GetOutClkFreq
 .text.CLOCK_GetFllFreq
                0x00001524       0x7c ./drivers/fsl_clock.o
                0x00001524                CLOCK_GetFllFreq
 .text.CLOCK_GetInternalRefClkFreq
                0x000015a0       0x24 ./drivers/fsl_clock.o
                0x000015a0                CLOCK_GetInternalRefClkFreq
 .text.CLOCK_GetPll0Freq
                0x000015c4       0x68 ./drivers/fsl_clock.o
                0x000015c4                CLOCK_GetPll0Freq
 .text.CLOCK_SetExternalRefClkConfig
                0x0000162c       0x6c ./drivers/fsl_clock.o
                0x0000162c                CLOCK_SetExternalRefClkConfig
 .text.CLOCK_SetInternalRefClkConfig
                0x00001698      0x104 ./drivers/fsl_clock.o
                0x00001698                CLOCK_SetInternalRefClkConfig
 .text.CLOCK_EnablePll0
                0x0000179c       0x84 ./drivers/fsl_clock.o
                0x0000179c                CLOCK_EnablePll0
 .text.CLOCK_InitOsc0
                0x00001820       0x8c ./drivers/fsl_clock.o
                0x00001820                CLOCK_InitOsc0
 .text.CLOCK_SetPbeMode
                0x000018ac       0xa8 ./drivers/fsl_clock.o
                0x000018ac                CLOCK_SetPbeMode
 .text.CLOCK_BootToPeeMode
                0x00001954       0x64 ./drivers/fsl_clock.o
                0x00001954                CLOCK_BootToPeeMode
 .text.__NVIC_EnableIRQ
                0x000019b8       0x3c ./drivers/fsl_uart.o
 .text.UART_GetInstance
                0x000019f4       0x54 ./drivers/fsl_uart.o
                0x000019f4                UART_GetInstance
 .text.UART_TransferGetRxRingBufferLength
                0x00001a48       0x60 ./drivers/fsl_uart.o
                0x00001a48                UART_TransferGetRxRingBufferLength
 .text.UART_TransferIsRxRingBufferFull
                0x00001aa8       0x40 ./drivers/fsl_uart.o
 .text.UART_Init
                0x00001ae8      0x2d8 ./drivers/fsl_uart.o
                0x00001ae8                UART_Init
 .text.UART_GetDefaultConfig
                0x00001dc0       0x60 ./drivers/fsl_uart.o
                0x00001dc0                UART_GetDefaultConfig
 .text.UART_EnableInterrupts
                0x00001e20       0x70 ./drivers/fsl_uart.o
                0x00001e20                UART_EnableInterrupts
 .text.UART_DisableInterrupts
                0x00001e90       0x80 ./drivers/fsl_uart.o
                0x00001e90                UART_DisableInterrupts
 .text.UART_WriteNonBlocking
                0x00001f10       0x44 ./drivers/fsl_uart.o
 .text.UART_ReadNonBlocking
                0x00001f54       0x48 ./drivers/fsl_uart.o
 .text.UART_TransferCreateHandle
                0x00001f9c       0x84 ./drivers/fsl_uart.o
                0x00001f9c                UART_TransferCreateHandle
 .text.UART_TransferStartRingBuffer
                0x00002020       0x74 ./drivers/fsl_uart.o
                0x00002020                UART_TransferStartRingBuffer
 .text.UART_TransferSendNonBlocking
                0x00002094       0x9c ./drivers/fsl_uart.o
                0x00002094                UART_TransferSendNonBlocking
 .text.UART_TransferReceiveNonBlocking
                0x00002130      0x1b0 ./drivers/fsl_uart.o
                0x00002130                UART_TransferReceiveNonBlocking
 .text.UART_TransferAbortReceive
                0x000022e0       0x5c ./drivers/fsl_uart.o
                0x000022e0                UART_TransferAbortReceive
 .text.UART_TransferHandleIRQ
                0x0000233c      0x510 ./drivers/fsl_uart.o
                0x0000233c                UART_TransferHandleIRQ
 .text.UART0_DriverIRQHandler
                0x0000284c       0x28 ./drivers/fsl_uart.o
                0x0000284c                UART0_DriverIRQHandler
 .text.UART1_DriverIRQHandler
                0x00002874       0x28 ./drivers/fsl_uart.o
                0x00002874                UART1_DriverIRQHandler
 .text.UART2_DriverIRQHandler
                0x0000289c       0x28 ./drivers/fsl_uart.o
                0x0000289c                UART2_DriverIRQHandler
 .text.UART3_DriverIRQHandler
                0x000028c4       0x28 ./drivers/fsl_uart.o
                0x000028c4                UART3_DriverIRQHandler
 .text.UART4_DriverIRQHandler
                0x000028ec       0x28 ./drivers/fsl_uart.o
                0x000028ec                UART4_DriverIRQHandler
 .text.UART5_DriverIRQHandler
                0x00002914       0x28 ./drivers/fsl_uart.o
                0x00002914                UART5_DriverIRQHandler
 .text.CLOCK_SetSimSafeDivs
                0x0000293c       0x20 ./board/src/clock_config.o
 .text.CLOCK_SetXtal0Freq
                0x0000295c       0x20 ./board/src/clock_config.o
 .text.CLOCK_CONFIG_SetFllExtRefDiv
                0x0000297c       0x3c ./board/src/clock_config.o
 .text.BOARD_BootClockRUN
                0x000029b8       0x60 ./board/src/clock_config.o
                0x000029b8                BOARD_BootClockRUN
 .text.BOARD_InitPins
                0x00002a18       0x34 ./board/pin_mux.o
                0x00002a18                BOARD_InitPins
 .text.vPortSetupTimerInterrupt
                0x00002a4c       0x48 ./amazon-freertos/portable/fsl_tickless_systick.o
                0x00002a4c                vPortSetupTimerInterrupt
 .text.pvPortMalloc
                0x00002a94      0x184 ./amazon-freertos/FreeRTOS/portable/heap_4.o
                0x00002a94                pvPortMalloc
 .text.vPortFree
                0x00002c18       0xb0 ./amazon-freertos/FreeRTOS/portable/heap_4.o
                0x00002c18                vPortFree
 .text.prvHeapInit
                0x00002cc8       0xc4 ./amazon-freertos/FreeRTOS/portable/heap_4.o
 .text.prvInsertBlockIntoFreeList
                0x00002d8c       0xb4 ./amazon-freertos/FreeRTOS/portable/heap_4.o
 .text.pxPortInitialiseStack
                0x00002e40       0x68 ./amazon-freertos/FreeRTOS/portable/port.o
                0x00002e40                pxPortInitialiseStack
 .text.prvTaskExitError
                0x00002ea8       0x54 ./amazon-freertos/FreeRTOS/portable/port.o
 .text.prvPortStartFirstTask
                0x00002efc       0x28 ./amazon-freertos/FreeRTOS/portable/port.o
 .text.xPortStartScheduler
                0x00002f24      0x13c ./amazon-freertos/FreeRTOS/portable/port.o
                0x00002f24                xPortStartScheduler
 .text.vPortEnterCritical
                0x00003060       0x5c ./amazon-freertos/FreeRTOS/portable/port.o
                0x00003060                vPortEnterCritical
 .text.vPortExitCritical
                0x000030bc       0x50 ./amazon-freertos/FreeRTOS/portable/port.o
                0x000030bc                vPortExitCritical
 .text.SysTick_Handler
                0x0000310c       0x40 ./amazon-freertos/FreeRTOS/portable/port.o
                0x0000310c                SysTick_Handler
 .text.vPortEnableVFP
                0x0000314c       0x14 ./amazon-freertos/FreeRTOS/portable/port.o
 .text.vPortValidateInterruptPriority
                0x00003160       0x7c ./amazon-freertos/FreeRTOS/portable/port.o
                0x00003160                vPortValidateInterruptPriority
 .text.xEventGroupWaitBits
                0x000031dc      0x194 ./amazon-freertos/FreeRTOS/event_groups.o
                0x000031dc                xEventGroupWaitBits
 .text.xEventGroupSetBitsFromISR
                0x00003370       0x28 ./amazon-freertos/FreeRTOS/event_groups.o
                0x00003370                xEventGroupSetBitsFromISR
 .text.xQueueGenericReset
                0x00003398       0xd0 ./amazon-freertos/FreeRTOS/queue.o
                0x00003398                xQueueGenericReset
 .text.xQueueGenericSend
                0x00003468      0x1f4 ./amazon-freertos/FreeRTOS/queue.o
                0x00003468                xQueueGenericSend
 .text.xQueueReceive
                0x0000365c      0x1b8 ./amazon-freertos/FreeRTOS/queue.o
                0x0000365c                xQueueReceive
 .text.xQueueSemaphoreTake
                0x00003814      0x214 ./amazon-freertos/FreeRTOS/queue.o
                0x00003814                xQueueSemaphoreTake
 .text.vQueueAddToRegistry
                0x00003a28       0x50 ./amazon-freertos/FreeRTOS/queue.o
                0x00003a28                vQueueAddToRegistry
 .text.vQueueUnregisterQueue
                0x00003a78       0x54 ./amazon-freertos/FreeRTOS/queue.o
                0x00003a78                vQueueUnregisterQueue
 .text.prvAddNewTaskToReadyList
                0x00003acc       0xdc ./amazon-freertos/FreeRTOS/tasks.o
 .text.vTaskSuspend
                0x00003ba8      0x124 ./amazon-freertos/FreeRTOS/tasks.o
                0x00003ba8                vTaskSuspend
 .text.vTaskStartScheduler
                0x00003ccc       0x98 ./amazon-freertos/FreeRTOS/tasks.o
                0x00003ccc                vTaskStartScheduler
 .text.vTaskSuspendAll
                0x00003d64       0x1c ./amazon-freertos/FreeRTOS/tasks.o
                0x00003d64                vTaskSuspendAll
 .text.xTaskResumeAll
                0x00003d80      0x138 ./amazon-freertos/FreeRTOS/tasks.o
                0x00003d80                xTaskResumeAll
 .text.xTaskGetTickCount
                0x00003eb8       0x20 ./amazon-freertos/FreeRTOS/tasks.o
                0x00003eb8                xTaskGetTickCount
 .text.xTaskIncrementTick
                0x00003ed8      0x158 ./amazon-freertos/FreeRTOS/tasks.o
                0x00003ed8                xTaskIncrementTick
 .text.vTaskSwitchContext
                0x00004030       0xb4 ./amazon-freertos/FreeRTOS/tasks.o
                0x00004030                vTaskSwitchContext
 .text.vTaskPlaceOnEventList
                0x000040e4       0x48 ./amazon-freertos/FreeRTOS/tasks.o
                0x000040e4                vTaskPlaceOnEventList
 .text.vTaskPlaceOnUnorderedEventList
                0x0000412c       0x74 ./amazon-freertos/FreeRTOS/tasks.o
                0x0000412c                vTaskPlaceOnUnorderedEventList
 .text.vTaskPlaceOnEventListRestricted
                0x000041a0       0x54 ./amazon-freertos/FreeRTOS/tasks.o
                0x000041a0                vTaskPlaceOnEventListRestricted
 .text.xTaskRemoveFromEventList
                0x000041f4       0xc4 ./amazon-freertos/FreeRTOS/tasks.o
                0x000041f4                xTaskRemoveFromEventList
 .text.vTaskRemoveFromUnorderedEventList
                0x000042b8       0xc0 ./amazon-freertos/FreeRTOS/tasks.o
                0x000042b8                vTaskRemoveFromUnorderedEventList
 .text.vTaskInternalSetTimeOutState
                0x00004378       0x2c ./amazon-freertos/FreeRTOS/tasks.o
                0x00004378                vTaskInternalSetTimeOutState
 .text.xTaskCheckForTimeOut
                0x000043a4       0xc0 ./amazon-freertos/FreeRTOS/tasks.o
                0x000043a4                xTaskCheckForTimeOut
 .text.vTaskMissedYield
                0x00004464       0x18 ./amazon-freertos/FreeRTOS/tasks.o
                0x00004464                vTaskMissedYield
 .text.prvIdleTask
                0x0000447c       0x30 ./amazon-freertos/FreeRTOS/tasks.o
 .text.prvInitialiseTaskLists
                0x000044ac       0x80 ./amazon-freertos/FreeRTOS/tasks.o
 .text.prvCheckTasksWaitingTermination
                0x0000452c       0x58 ./amazon-freertos/FreeRTOS/tasks.o
 .text.prvResetNextTaskUnblockTime
                0x00004584       0x4c ./amazon-freertos/FreeRTOS/tasks.o
 .text.xTaskGetSchedulerState
                0x000045d0       0x3c ./amazon-freertos/FreeRTOS/tasks.o
                0x000045d0                xTaskGetSchedulerState
 .text.xTaskPriorityInherit
                0x0000460c      0x10c ./amazon-freertos/FreeRTOS/tasks.o
                0x0000460c                xTaskPriorityInherit
 .text.xTaskPriorityDisinherit
                0x00004718      0x108 ./amazon-freertos/FreeRTOS/tasks.o
                0x00004718                xTaskPriorityDisinherit
 .text.vTaskPriorityDisinheritAfterTimeout
                0x00004820      0x13c ./amazon-freertos/FreeRTOS/tasks.o
                0x00004820                vTaskPriorityDisinheritAfterTimeout
 .text.uxTaskResetEventItemValue
                0x0000495c       0x30 ./amazon-freertos/FreeRTOS/tasks.o
                0x0000495c                uxTaskResetEventItemValue
 .text.pvTaskIncrementMutexHeldCount
                0x0000498c       0x28 ./amazon-freertos/FreeRTOS/tasks.o
                0x0000498c                pvTaskIncrementMutexHeldCount
 .text.prvAddCurrentTaskToDelayedList
                0x000049b4       0xcc ./amazon-freertos/FreeRTOS/tasks.o
 .text.xTimerCreateTimerTask
                0x00004a80       0x60 ./amazon-freertos/FreeRTOS/timers.o
                0x00004a80                xTimerCreateTimerTask
 .text.xTimerGenericCommand
                0x00004ae0       0x98 ./amazon-freertos/FreeRTOS/timers.o
                0x00004ae0                xTimerGenericCommand
 .text.prvProcessExpiredTimer
                0x00004b78       0x80 ./amazon-freertos/FreeRTOS/timers.o
 .text.prvProcessTimerOrBlockTask
                0x00004bf8       0x9c ./amazon-freertos/FreeRTOS/timers.o
 .text.prvGetNextExpireTime
                0x00004c94       0x48 ./amazon-freertos/FreeRTOS/timers.o
 .text.prvSampleTimeNow
                0x00004cdc       0x40 ./amazon-freertos/FreeRTOS/timers.o
 .text.prvInsertTimerInActiveList
                0x00004d1c       0x84 ./amazon-freertos/FreeRTOS/timers.o
 .text.prvProcessReceivedCommands
                0x00004da0      0x154 ./amazon-freertos/FreeRTOS/timers.o
 .text.prvSwitchTimerLists
                0x00004ef4       0xc0 ./amazon-freertos/FreeRTOS/timers.o
 .text.prvCheckForValidListAndQueue
                0x00004fb4       0x6c ./amazon-freertos/FreeRTOS/timers.o
 .text.xTimerPendFunctionCallFromISR
                0x00005020       0x40 ./amazon-freertos/FreeRTOS/timers.o
                0x00005020                xTimerPendFunctionCallFromISR
 .text.SystemInit
                0x00005060       0x3c ./CMSIS/system_MK64F12.o
                0x00005060                SystemInit
 .text.__assertion_failed
                0x0000509c       0x4c c:/nxp/mcuxpressoide_10.2.1_795/ide/tools/bin/../lib/gcc/arm-none-eabi/7.2.1/../../../../arm-none-eabi/lib/thumb/v7e-m/fpv4-sp/hard\libcr_semihost_nf.a(_cr_assert.o)
                0x0000509c                __assertion_failed
 .text.__sys_appexit
                0x000050e8        0xc c:/nxp/mcuxpressoide_10.2.1_795/ide/tools/bin/../lib/gcc/arm-none-eabi/7.2.1/../../../../arm-none-eabi/lib/thumb/v7e-m/fpv4-sp/hard\libcr_semihost_nf.a(__sys_appexit.o)
                0x000050e8                __sys_appexit
                0x000050e8                __exit
 .text._Cwritebuf
                0x000050f4       0x6c c:/nxp/mcuxpressoide_10.2.1_795/ide/tools/bin/../lib/gcc/arm-none-eabi/7.2.1/../../../../arm-none-eabi/lib/thumb/v7e-m/fpv4-sp/hard\libcr_c.a(_writebuf.o)
                0x000050f4                _Cwritebuf
 .text.malloc   0x00005160       0xc8 c:/nxp/mcuxpressoide_10.2.1_795/ide/tools/bin/../lib/gcc/arm-none-eabi/7.2.1/../../../../arm-none-eabi/lib/thumb/v7e-m/fpv4-sp/hard\libcr_c.a(alloc.o)
                0x00005160                malloc
 .text._Csys_alloc
                0x00005228       0x20 c:/nxp/mcuxpressoide_10.2.1_795/ide/tools/bin/../lib/gcc/arm-none-eabi/7.2.1/../../../../arm-none-eabi/lib/thumb/v7e-m/fpv4-sp/hard\libcr_c.a(alloc.o)
                0x00005228                _Csys_alloc
 .text.fseek    0x00005248      0x100 c:/nxp/mcuxpressoide_10.2.1_795/ide/tools/bin/../lib/gcc/arm-none-eabi/7.2.1/../../../../arm-none-eabi/lib/thumb/v7e-m/fpv4-sp/hard\libcr_c.a(fseek.o)
                0x00005248                fseek
 .text.ftell    0x00005348       0x44 c:/nxp/mcuxpressoide_10.2.1_795/ide/tools/bin/../lib/gcc/arm-none-eabi/7.2.1/../../../../arm-none-eabi/lib/thumb/v7e-m/fpv4-sp/hard\libcr_c.a(ftell.o)
                0x00005348                ftell
 .text._initio  0x0000538c       0x78 c:/nxp/mcuxpressoide_10.2.1_795/ide/tools/bin/../lib/gcc/arm-none-eabi/7.2.1/../../../../arm-none-eabi/lib/thumb/v7e-m/fpv4-sp/hard\libcr_c.a(initio.o)
                0x0000538c                _initio
 .text.__vfprintf
                0x00005404      0xb98 c:/nxp/mcuxpressoide_10.2.1_795/ide/tools/bin/../lib/gcc/arm-none-eabi/7.2.1/../../../../arm-none-eabi/lib/thumb/v7e-m/fpv4-sp/hard\libcr_c.a(printf.o)
                0x00005404                __vfprintf
 .text._vsnprintf
                0x00005f9c       0x5c c:/nxp/mcuxpressoide_10.2.1_795/ide/tools/bin/../lib/gcc/arm-none-eabi/7.2.1/../../../../arm-none-eabi/lib/thumb/v7e-m/fpv4-sp/hard\libcr_c.a(printf.o)
                0x00005f9c                _vsnprintf
 .text._printf  0x00005ff8       0x54 c:/nxp/mcuxpressoide_10.2.1_795/ide/tools/bin/../lib/gcc/arm-none-eabi/7.2.1/../../../../arm-none-eabi/lib/thumb/v7e-m/fpv4-sp/hard\libcr_c.a(printf.o)
                0x00005ff8                _printf
 .text.setvbuf  0x0000604c       0x40 c:/nxp/mcuxpressoide_10.2.1_795/ide/tools/bin/../lib/gcc/arm-none-eabi/7.2.1/../../../../arm-none-eabi/lib/thumb/v7e-m/fpv4-sp/hard\libcr_c.a(setvbuf.o)
                0x0000604c                setvbuf
 .text._sbrk    0x0000608c       0x3c c:/nxp/mcuxpressoide_10.2.1_795/ide/tools/bin/../lib/gcc/arm-none-eabi/7.2.1/../../../../arm-none-eabi/lib/thumb/v7e-m/fpv4-sp/hard\libcr_c.a(_cr_sbrk.o)
                0x0000608c                _sbrk
 .text.fflush   0x000060c8       0x44 c:/nxp/mcuxpressoide_10.2.1_795/ide/tools/bin/../lib/gcc/arm-none-eabi/7.2.1/../../../../arm-none-eabi/lib/thumb/v7e-m/fpv4-sp/hard\libcr_c.a(fflush.o)
                0x000060c8                fflush
 .text.__check_heap_overflow
                0x0000610c       0x18 c:/nxp/mcuxpressoide_10.2.1_795/ide/tools/bin/../lib/gcc/arm-none-eabi/7.2.1/../../../../arm-none-eabi/lib/thumb/v7e-m/fpv4-sp/hard\libcr_c.a(_cr_check_heap.o)
                0x0000610c                __check_heap_overflow
 .text.DMA0_IRQHandler
                0x00006124        0x8 ./startup/startup_mk64f12.o
                0x00006124                DMA0_IRQHandler
 .text.DMA1_IRQHandler
                0x0000612c        0x8 ./startup/startup_mk64f12.o
                0x0000612c                DMA1_IRQHandler
 .text.DMA2_IRQHandler
                0x00006134        0x8 ./startup/startup_mk64f12.o
                0x00006134                DMA2_IRQHandler
 .text.DMA3_IRQHandler
                0x0000613c        0x8 ./startup/startup_mk64f12.o
                0x0000613c                DMA3_IRQHandler
 .text.DMA4_IRQHandler
                0x00006144        0x8 ./startup/startup_mk64f12.o
                0x00006144                DMA4_IRQHandler
 .text.DMA5_IRQHandler
                0x0000614c        0x8 ./startup/startup_mk64f12.o
                0x0000614c                DMA5_IRQHandler
 .text.DMA6_IRQHandler
                0x00006154        0x8 ./startup/startup_mk64f12.o
                0x00006154                DMA6_IRQHandler
 .text.DMA7_IRQHandler
                0x0000615c        0x8 ./startup/startup_mk64f12.o
                0x0000615c                DMA7_IRQHandler
 .text.DMA8_IRQHandler
                0x00006164        0x8 ./startup/startup_mk64f12.o
                0x00006164                DMA8_IRQHandler
 .text.DMA9_IRQHandler
                0x0000616c        0x8 ./startup/startup_mk64f12.o
                0x0000616c                DMA9_IRQHandler
 .text.DMA10_IRQHandler
                0x00006174        0x8 ./startup/startup_mk64f12.o
                0x00006174                DMA10_IRQHandler
 .text.DMA11_IRQHandler
                0x0000617c        0x8 ./startup/startup_mk64f12.o
                0x0000617c                DMA11_IRQHandler
 .text.DMA12_IRQHandler
                0x00006184        0x8 ./startup/startup_mk64f12.o
                0x00006184                DMA12_IRQHandler
 .text.DMA13_IRQHandler
                0x0000618c        0x8 ./startup/startup_mk64f12.o
                0x0000618c                DMA13_IRQHandler
 .text.DMA14_IRQHandler
                0x00006194        0x8 ./startup/startup_mk64f12.o
                0x00006194                DMA14_IRQHandler
 .text.DMA15_IRQHandler
                0x0000619c        0x8 ./startup/startup_mk64f12.o
                0x0000619c                DMA15_IRQHandler
 .text.DMA_Error_IRQHandler
                0x000061a4        0x8 ./startup/startup_mk64f12.o
                0x000061a4                DMA_Error_IRQHandler
 .text.MCM_IRQHandler
                0x000061ac        0x8 ./startup/startup_mk64f12.o
                0x000061ac                MCM_IRQHandler
 .text.FTFE_IRQHandler
                0x000061b4        0x8 ./startup/startup_mk64f12.o
                0x000061b4                FTFE_IRQHandler
 .text.Read_Collision_IRQHandler
                0x000061bc        0x8 ./startup/startup_mk64f12.o
                0x000061bc                Read_Collision_IRQHandler
 .text.LVD_LVW_IRQHandler
                0x000061c4        0x8 ./startup/startup_mk64f12.o
                0x000061c4                LVD_LVW_IRQHandler
 .text.LLWU_IRQHandler
                0x000061cc        0x8 ./startup/startup_mk64f12.o
                0x000061cc                LLWU_IRQHandler
 .text.WDOG_EWM_IRQHandler
                0x000061d4        0x8 ./startup/startup_mk64f12.o
                0x000061d4                WDOG_EWM_IRQHandler
 .text.RNG_IRQHandler
                0x000061dc        0x8 ./startup/startup_mk64f12.o
                0x000061dc                RNG_IRQHandler
 .text.I2C0_IRQHandler
                0x000061e4        0x8 ./startup/startup_mk64f12.o
                0x000061e4                I2C0_IRQHandler
 .text.I2C1_IRQHandler
                0x000061ec        0x8 ./startup/startup_mk64f12.o
                0x000061ec                I2C1_IRQHandler
 .text.SPI0_IRQHandler
                0x000061f4        0x8 ./startup/startup_mk64f12.o
                0x000061f4                SPI0_IRQHandler
 .text.SPI1_IRQHandler
                0x000061fc        0x8 ./startup/startup_mk64f12.o
                0x000061fc                SPI1_IRQHandler
 .text.I2S0_Tx_IRQHandler
                0x00006204        0x8 ./startup/startup_mk64f12.o
                0x00006204                I2S0_Tx_IRQHandler
 .text.I2S0_Rx_IRQHandler
                0x0000620c        0x8 ./startup/startup_mk64f12.o
                0x0000620c                I2S0_Rx_IRQHandler
 .text.UART0_LON_IRQHandler
                0x00006214        0x8 ./startup/startup_mk64f12.o
                0x00006214                UART0_LON_IRQHandler
 .text.UART0_RX_TX_IRQHandler
                0x0000621c        0x8 ./startup/startup_mk64f12.o
                0x0000621c                UART0_RX_TX_IRQHandler
 .text.UART0_ERR_IRQHandler
                0x00006224        0x8 ./startup/startup_mk64f12.o
                0x00006224                UART0_ERR_IRQHandler
 .text.UART1_RX_TX_IRQHandler
                0x0000622c        0x8 ./startup/startup_mk64f12.o
                0x0000622c                UART1_RX_TX_IRQHandler
 .text.UART1_ERR_IRQHandler
                0x00006234        0x8 ./startup/startup_mk64f12.o
                0x00006234                UART1_ERR_IRQHandler
 .text.UART2_RX_TX_IRQHandler
                0x0000623c        0x8 ./startup/startup_mk64f12.o
                0x0000623c                UART2_RX_TX_IRQHandler
 .text.UART2_ERR_IRQHandler
                0x00006244        0x8 ./startup/startup_mk64f12.o
                0x00006244                UART2_ERR_IRQHandler
 .text.UART3_RX_TX_IRQHandler
                0x0000624c        0x8 ./startup/startup_mk64f12.o
                0x0000624c                UART3_RX_TX_IRQHandler
 .text.UART3_ERR_IRQHandler
                0x00006254        0x8 ./startup/startup_mk64f12.o
                0x00006254                UART3_ERR_IRQHandler
 .text.ADC0_IRQHandler
                0x0000625c        0x8 ./startup/startup_mk64f12.o
                0x0000625c                ADC0_IRQHandler
 .text.CMP0_IRQHandler
                0x00006264        0x8 ./startup/startup_mk64f12.o
                0x00006264                CMP0_IRQHandler
 .text.CMP1_IRQHandler
                0x0000626c        0x8 ./startup/startup_mk64f12.o
                0x0000626c                CMP1_IRQHandler
 .text.FTM0_IRQHandler
                0x00006274        0x8 ./startup/startup_mk64f12.o
                0x00006274                FTM0_IRQHandler
 .text.FTM1_IRQHandler
                0x0000627c        0x8 ./startup/startup_mk64f12.o
                0x0000627c                FTM1_IRQHandler
 .text.FTM2_IRQHandler
                0x00006284        0x8 ./startup/startup_mk64f12.o
                0x00006284                FTM2_IRQHandler
 .text.CMT_IRQHandler
                0x0000628c        0x8 ./startup/startup_mk64f12.o
                0x0000628c                CMT_IRQHandler
 .text.RTC_IRQHandler
                0x00006294        0x8 ./startup/startup_mk64f12.o
                0x00006294                RTC_IRQHandler
 .text.RTC_Seconds_IRQHandler
                0x0000629c        0x8 ./startup/startup_mk64f12.o
                0x0000629c                RTC_Seconds_IRQHandler
 .text.PIT0_IRQHandler
                0x000062a4        0x8 ./startup/startup_mk64f12.o
                0x000062a4                PIT0_IRQHandler
 .text.PIT1_IRQHandler
                0x000062ac        0x8 ./startup/startup_mk64f12.o
                0x000062ac                PIT1_IRQHandler
 .text.PIT2_IRQHandler
                0x000062b4        0x8 ./startup/startup_mk64f12.o
                0x000062b4                PIT2_IRQHandler
 .text.PIT3_IRQHandler
                0x000062bc        0x8 ./startup/startup_mk64f12.o
                0x000062bc                PIT3_IRQHandler
 .text.PDB0_IRQHandler
                0x000062c4        0x8 ./startup/startup_mk64f12.o
                0x000062c4                PDB0_IRQHandler
 .text.USB0_IRQHandler
                0x000062cc        0x8 ./startup/startup_mk64f12.o
                0x000062cc                USB0_IRQHandler
 .text.USBDCD_IRQHandler
                0x000062d4        0x8 ./startup/startup_mk64f12.o
                0x000062d4                USBDCD_IRQHandler
 .text.Reserved71_IRQHandler
                0x000062dc        0x8 ./startup/startup_mk64f12.o
                0x000062dc                Reserved71_IRQHandler
 .text.DAC0_IRQHandler
                0x000062e4        0x8 ./startup/startup_mk64f12.o
                0x000062e4                DAC0_IRQHandler
 .text.MCG_IRQHandler
                0x000062ec        0x8 ./startup/startup_mk64f12.o
                0x000062ec                MCG_IRQHandler
 .text.LPTMR0_IRQHandler
                0x000062f4        0x8 ./startup/startup_mk64f12.o
                0x000062f4                LPTMR0_IRQHandler
 .text.PORTA_IRQHandler
                0x000062fc        0x8 ./startup/startup_mk64f12.o
                0x000062fc                PORTA_IRQHandler
 .text.PORTB_IRQHandler
                0x00006304        0x8 ./startup/startup_mk64f12.o
                0x00006304                PORTB_IRQHandler
 .text.PORTC_IRQHandler
                0x0000630c        0x8 ./startup/startup_mk64f12.o
                0x0000630c                PORTC_IRQHandler
 .text.PORTD_IRQHandler
                0x00006314        0x8 ./startup/startup_mk64f12.o
                0x00006314                PORTD_IRQHandler
 .text.PORTE_IRQHandler
                0x0000631c        0x8 ./startup/startup_mk64f12.o
                0x0000631c                PORTE_IRQHandler
 .text.SWI_IRQHandler
                0x00006324        0x8 ./startup/startup_mk64f12.o
                0x00006324                SWI_IRQHandler
 .text.SPI2_IRQHandler
                0x0000632c        0x8 ./startup/startup_mk64f12.o
                0x0000632c                SPI2_IRQHandler
 .text.UART4_RX_TX_IRQHandler
                0x00006334        0x8 ./startup/startup_mk64f12.o
                0x00006334                UART4_RX_TX_IRQHandler
 .text.UART4_ERR_IRQHandler
                0x0000633c        0x8 ./startup/startup_mk64f12.o
                0x0000633c                UART4_ERR_IRQHandler
 .text.UART5_RX_TX_IRQHandler
                0x00006344        0x8 ./startup/startup_mk64f12.o
                0x00006344                UART5_RX_TX_IRQHandler
 .text.UART5_ERR_IRQHandler
                0x0000634c        0x8 ./startup/startup_mk64f12.o
                0x0000634c                UART5_ERR_IRQHandler
 .text.CMP2_IRQHandler
                0x00006354        0x8 ./startup/startup_mk64f12.o
                0x00006354                CMP2_IRQHandler
 .text.FTM3_IRQHandler
                0x0000635c        0x8 ./startup/startup_mk64f12.o
                0x0000635c                FTM3_IRQHandler
 .text.DAC1_IRQHandler
                0x00006364        0x8 ./startup/startup_mk64f12.o
                0x00006364                DAC1_IRQHandler
 .text.ADC1_IRQHandler
                0x0000636c        0x8 ./startup/startup_mk64f12.o
                0x0000636c                ADC1_IRQHandler
 .text.I2C2_IRQHandler
                0x00006374        0x8 ./startup/startup_mk64f12.o
                0x00006374                I2C2_IRQHandler
 .text.CAN0_ORed_Message_buffer_IRQHandler
                0x0000637c        0x8 ./startup/startup_mk64f12.o
                0x0000637c                CAN0_ORed_Message_buffer_IRQHandler
 .text.CAN0_Bus_Off_IRQHandler
                0x00006384        0x8 ./startup/startup_mk64f12.o
                0x00006384                CAN0_Bus_Off_IRQHandler
 .text.CAN0_Error_IRQHandler
                0x0000638c        0x8 ./startup/startup_mk64f12.o
                0x0000638c                CAN0_Error_IRQHandler
 .text.CAN0_Tx_Warning_IRQHandler
                0x00006394        0x8 ./startup/startup_mk64f12.o
                0x00006394                CAN0_Tx_Warning_IRQHandler
 .text.CAN0_Rx_Warning_IRQHandler
                0x0000639c        0x8 ./startup/startup_mk64f12.o
                0x0000639c                CAN0_Rx_Warning_IRQHandler
 .text.CAN0_Wake_Up_IRQHandler
                0x000063a4        0x8 ./startup/startup_mk64f12.o
                0x000063a4                CAN0_Wake_Up_IRQHandler
 .text.SDHC_IRQHandler
                0x000063ac        0x8 ./startup/startup_mk64f12.o
                0x000063ac                SDHC_IRQHandler
 .text.ENET_1588_Timer_IRQHandler
                0x000063b4        0x8 ./startup/startup_mk64f12.o
                0x000063b4                ENET_1588_Timer_IRQHandler
 .text.ENET_Transmit_IRQHandler
                0x000063bc        0x8 ./startup/startup_mk64f12.o
                0x000063bc                ENET_Transmit_IRQHandler
 .text.ENET_Receive_IRQHandler
                0x000063c4        0x8 ./startup/startup_mk64f12.o
                0x000063c4                ENET_Receive_IRQHandler
 .text.ENET_Error_IRQHandler
                0x000063cc        0x8 ./startup/startup_mk64f12.o
                0x000063cc                ENET_Error_IRQHandler
 .text.lin1d3_calculate_checksum
                0x000063d4       0x70 ./source/lin1d3_driver.o
 .text.HardFault_Handler
                0x00006444       0x2c ./source/semihost_hardfault.o
                0x00006444                HardFault_Handler
 .text.UART_EnableTx
                0x00006470       0x40 ./drivers/freertos/fsl_uart_freertos.o
 .text.UART_EnableRx
                0x000064b0       0x40 ./drivers/freertos/fsl_uart_freertos.o
 .text.UART_RTOS_Send
                0x000064f0       0xaa ./drivers/freertos/fsl_uart_freertos.o
                0x000064f0                UART_RTOS_Send
 .text.UART_RTOS_Receive
                0x0000659a      0x13a ./drivers/freertos/fsl_uart_freertos.o
                0x0000659a                UART_RTOS_Receive
 .text.OSC_SetExtRefClkConfig
                0x000066d4       0x34 ./drivers/fsl_clock.o
 .text.OSC_SetCapLoad
                0x00006708       0x34 ./drivers/fsl_clock.o
 .text.CLOCK_GetPll0RefFreq
                0x0000673c        0xe ./drivers/fsl_clock.o
 .text.CLOCK_GetFixedFreqClkFreq
                0x0000674a       0x2e ./drivers/fsl_clock.o
                0x0000674a                CLOCK_GetFixedFreqClkFreq
 .text.CLOCK_EnableClock
                0x00006778       0x34 ./drivers/fsl_uart.o
 .text.EnableIRQ
                0x000067ac       0x2c ./drivers/fsl_uart.o
 .text.UART_GetStatusFlags
                0x000067d8       0x46 ./drivers/fsl_uart.o
                0x000067d8                UART_GetStatusFlags
 .text.UART_ClearStatusFlags
                0x0000681e       0x8c ./drivers/fsl_uart.o
                0x0000681e                UART_ClearStatusFlags
 .text.UART0_RX_TX_DriverIRQHandler
                0x000068aa       0x10 ./drivers/fsl_uart.o
                0x000068aa                UART0_RX_TX_DriverIRQHandler
 .text.UART1_RX_TX_DriverIRQHandler
                0x000068ba       0x10 ./drivers/fsl_uart.o
                0x000068ba                UART1_RX_TX_DriverIRQHandler
 .text.UART2_RX_TX_DriverIRQHandler
                0x000068ca       0x10 ./drivers/fsl_uart.o
                0x000068ca                UART2_RX_TX_DriverIRQHandler
 .text.UART3_RX_TX_DriverIRQHandler
                0x000068da       0x10 ./drivers/fsl_uart.o
                0x000068da                UART3_RX_TX_DriverIRQHandler
 .text.UART4_RX_TX_DriverIRQHandler
                0x000068ea       0x10 ./drivers/fsl_uart.o
                0x000068ea                UART4_RX_TX_DriverIRQHandler
 .text.UART5_RX_TX_DriverIRQHandler
                0x000068fa       0x10 ./drivers/fsl_uart.o
                0x000068fa                UART5_RX_TX_DriverIRQHandler
 .text.CLOCK_EnableClock
                0x0000690a       0x34 ./board/pin_mux.o
 .text.PORT_SetPinMux
                0x0000693e       0x3a ./board/pin_mux.o
 .text.xEventGroupCreate
                0x00006978       0x2e ./amazon-freertos/FreeRTOS/event_groups.o
                0x00006978                xEventGroupCreate
 .text.xEventGroupClearBits
                0x000069a6       0x6c ./amazon-freertos/FreeRTOS/event_groups.o
                0x000069a6                xEventGroupClearBits
 .text.xEventGroupSetBits
                0x00006a12      0x112 ./amazon-freertos/FreeRTOS/event_groups.o
                0x00006a12                xEventGroupSetBits
 .text.vEventGroupDelete
                0x00006b24       0x60 ./amazon-freertos/FreeRTOS/event_groups.o
                0x00006b24                vEventGroupDelete
 .text.vEventGroupSetBitsCallback
                0x00006b84       0x1a ./amazon-freertos/FreeRTOS/event_groups.o
                0x00006b84                vEventGroupSetBitsCallback
 .text.prvTestWaitCondition
                0x00006b9e       0x44 ./amazon-freertos/FreeRTOS/event_groups.o
 .text.vListInitialise
                0x00006be2       0x40 ./amazon-freertos/FreeRTOS/list.o
                0x00006be2                vListInitialise
 .text.vListInitialiseItem
                0x00006c22       0x1a ./amazon-freertos/FreeRTOS/list.o
                0x00006c22                vListInitialiseItem
 .text.vListInsertEnd
                0x00006c3c       0x48 ./amazon-freertos/FreeRTOS/list.o
                0x00006c3c                vListInsertEnd
 .text.vListInsert
                0x00006c84       0x72 ./amazon-freertos/FreeRTOS/list.o
                0x00006c84                vListInsert
 .text.uxListRemove
                0x00006cf6       0x54 ./amazon-freertos/FreeRTOS/list.o
                0x00006cf6                uxListRemove
 .text.xQueueGenericCreate
                0x00006d4a       0x72 ./amazon-freertos/FreeRTOS/queue.o
                0x00006d4a                xQueueGenericCreate
 .text.prvInitialiseNewQueue
                0x00006dbc       0x46 ./amazon-freertos/FreeRTOS/queue.o
 .text.prvInitialiseMutex
                0x00006e02       0x34 ./amazon-freertos/FreeRTOS/queue.o
 .text.xQueueCreateMutex
                0x00006e36       0x30 ./amazon-freertos/FreeRTOS/queue.o
                0x00006e36                xQueueCreateMutex
 .text.xQueueGenericSendFromISR
                0x00006e66      0x128 ./amazon-freertos/FreeRTOS/queue.o
                0x00006e66                xQueueGenericSendFromISR
 .text.vQueueDelete
                0x00006f8e       0x3a ./amazon-freertos/FreeRTOS/queue.o
                0x00006f8e                vQueueDelete
 .text.prvGetDisinheritPriorityAfterTimeout
                0x00006fc8       0x30 ./amazon-freertos/FreeRTOS/queue.o
 .text.prvCopyDataToQueue
                0x00006ff8       0xd4 ./amazon-freertos/FreeRTOS/queue.o
 .text.prvCopyDataFromQueue
                0x000070cc       0x4c ./amazon-freertos/FreeRTOS/queue.o
 .text.prvUnlockQueue
                0x00007118       0xa4 ./amazon-freertos/FreeRTOS/queue.o
 .text.prvIsQueueEmpty
                0x000071bc       0x2c ./amazon-freertos/FreeRTOS/queue.o
 .text.prvIsQueueFull
                0x000071e8       0x30 ./amazon-freertos/FreeRTOS/queue.o
 .text.vQueueWaitForMessageRestricted
                0x00007218       0x68 ./amazon-freertos/FreeRTOS/queue.o
                0x00007218                vQueueWaitForMessageRestricted
 .text.xTaskCreate
                0x00007280       0x82 ./amazon-freertos/FreeRTOS/tasks.o
                0x00007280                xTaskCreate
 .text.prvInitialiseNewTask
                0x00007302      0x132 ./amazon-freertos/FreeRTOS/tasks.o
 .text.prvDeleteTCB
                0x00007434       0x20 ./amazon-freertos/FreeRTOS/tasks.o
 .text.prvTimerTask
                0x00007454       0x24 ./amazon-freertos/FreeRTOS/timers.o
 .text.SystemInitHook
                0x00007478        0xe ./CMSIS/system_MK64F12.o
                0x00007478                SystemInitHook
 .text.__main   0x00007486        0xe c:/nxp/mcuxpressoide_10.2.1_795/ide/tools/bin/../lib/gcc/arm-none-eabi/7.2.1/../../../../arm-none-eabi/lib/thumb/v7e-m/fpv4-sp/hard\libcr_semihost_nf.a(_cr__main.o)
                0x00007486                __CR_SEMIHOST
                0x00007486                __main
 .text.memcpy   0x00007494        0x4 c:/nxp/mcuxpressoide_10.2.1_795/ide/tools/bin/../lib/gcc/arm-none-eabi/7.2.1/../../../../arm-none-eabi/lib/thumb/v7e-m/fpv4-sp/hard\libcr_c.a(memcpy.o)
                0x00007494                memcpy
 .text.memset   0x00007498        0x4 c:/nxp/mcuxpressoide_10.2.1_795/ide/tools/bin/../lib/gcc/arm-none-eabi/7.2.1/../../../../arm-none-eabi/lib/thumb/v7e-m/fpv4-sp/hard\libcr_c.a(memset.o)
                0x00007498                memset
 .text._deferredlazyseek
                0x0000749c       0x40 c:/nxp/mcuxpressoide_10.2.1_795/ide/tools/bin/../lib/gcc/arm-none-eabi/7.2.1/../../../../arm-none-eabi/lib/thumb/v7e-m/fpv4-sp/hard\libcr_c.a(_deferredlazyseek.o)
                0x0000749c                _deferredlazyseek
 .text.__flsbuf
                0x000074dc      0x140 c:/nxp/mcuxpressoide_10.2.1_795/ide/tools/bin/../lib/gcc/arm-none-eabi/7.2.1/../../../../arm-none-eabi/lib/thumb/v7e-m/fpv4-sp/hard\libcr_c.a(_deferredlazyseek.o)
                0x000074dc                __flsbuf
 .text._fflush  0x0000761c       0x52 c:/nxp/mcuxpressoide_10.2.1_795/ide/tools/bin/../lib/gcc/arm-none-eabi/7.2.1/../../../../arm-none-eabi/lib/thumb/v7e-m/fpv4-sp/hard\libcr_c.a(_fflush.o)
                0x0000761c                _fflush
 .text.free     0x0000766e       0x30 c:/nxp/mcuxpressoide_10.2.1_795/ide/tools/bin/../lib/gcc/arm-none-eabi/7.2.1/../../../../arm-none-eabi/lib/thumb/v7e-m/fpv4-sp/hard\libcr_c.a(alloc.o)
                0x0000766e                free
 .text.fputs    0x0000769e       0x2c c:/nxp/mcuxpressoide_10.2.1_795/ide/tools/bin/../lib/gcc/arm-none-eabi/7.2.1/../../../../arm-none-eabi/lib/thumb/v7e-m/fpv4-sp/hard\libcr_c.a(fputs.o)
                0x0000769e                fputs
 .text.no_fp_display
                0x000076ca        0x4 c:/nxp/mcuxpressoide_10.2.1_795/ide/tools/bin/../lib/gcc/arm-none-eabi/7.2.1/../../../../arm-none-eabi/lib/thumb/v7e-m/fpv4-sp/hard\libcr_c.a(printf.o)
 .text.strlen   0x000076ce       0x4a c:/nxp/mcuxpressoide_10.2.1_795/ide/tools/bin/../lib/gcc/arm-none-eabi/7.2.1/../../../../arm-none-eabi/lib/thumb/v7e-m/fpv4-sp/hard\libcr_c.a(strlen.o)
                0x000076ce                strlen
 .text._fdopen  0x00007718       0x68 c:/nxp/mcuxpressoide_10.2.1_795/ide/tools/bin/../lib/gcc/arm-none-eabi/7.2.1/../../../../arm-none-eabi/lib/thumb/v7e-m/fpv4-sp/hard\libcr_c.a(_fdopen.o)
                0x00007718                _fdopen
 .text.fclose   0x00007780       0x58 c:/nxp/mcuxpressoide_10.2.1_795/ide/tools/bin/../lib/gcc/arm-none-eabi/7.2.1/../../../../arm-none-eabi/lib/thumb/v7e-m/fpv4-sp/hard\libcr_c.a(fclose.o)
                0x00007780                fclose
 .text.remove   0x000077d8       0x14 c:/nxp/mcuxpressoide_10.2.1_795/ide/tools/bin/../lib/gcc/arm-none-eabi/7.2.1/../../../../arm-none-eabi/lib/thumb/v7e-m/fpv4-sp/hard\libcr_c.a(remove.o)
                0x000077d8                remove
 .text._do_fflush
                0x000077ec       0x40 c:/nxp/mcuxpressoide_10.2.1_795/ide/tools/bin/../lib/gcc/arm-none-eabi/7.2.1/../../../../arm-none-eabi/lib/thumb/v7e-m/fpv4-sp/hard\libcr_c.a(_do_fflush.o)
                0x000077ec                _do_fflush
 .text.__aeabi_memcpy
                0x0000782c       0x34 c:/nxp/mcuxpressoide_10.2.1_795/ide/tools/bin/../lib/gcc/arm-none-eabi/7.2.1/thumb/v7e-m/fpv4-sp/hard\libcr_eabihelpers.a(memcpy.o)
                0x0000782c                __aeabi_memcpy
                0x00007836                __aeabi_memcpy8
                0x00007836                __aeabi_memcpy4
 .text.__aeabi_memset_lowlevel
                0x00007860       0x32 c:/nxp/mcuxpressoide_10.2.1_795/ide/tools/bin/../lib/gcc/arm-none-eabi/7.2.1/thumb/v7e-m/fpv4-sp/hard\libcr_eabihelpers.a(memcpy.o)
                0x00007860                __aeabi_lowlevel_memset
 .text.__sys_close
                0x00007892        0xc c:/nxp/mcuxpressoide_10.2.1_795/ide/tools/bin/../lib/gcc/arm-none-eabi/7.2.1/../../../../arm-none-eabi/lib/thumb/v7e-m/fpv4-sp/hard\libcr_semihost_nf.a(__sys_close.o)
                0x00007892                __sys_close
 .text.__sys_flen
                0x0000789e        0xc c:/nxp/mcuxpressoide_10.2.1_795/ide/tools/bin/../lib/gcc/arm-none-eabi/7.2.1/../../../../arm-none-eabi/lib/thumb/v7e-m/fpv4-sp/hard\libcr_semihost_nf.a(__sys_flen.o)
                0x0000789e                __sys_flen
 .text.__sys_istty
                0x000078aa        0xc c:/nxp/mcuxpressoide_10.2.1_795/ide/tools/bin/../lib/gcc/arm-none-eabi/7.2.1/../../../../arm-none-eabi/lib/thumb/v7e-m/fpv4-sp/hard\libcr_semihost_nf.a(__sys_istty.o)
                0x000078aa                __sys_istty
 .text.__sys_remove
                0x000078b6        0xc c:/nxp/mcuxpressoide_10.2.1_795/ide/tools/bin/../lib/gcc/arm-none-eabi/7.2.1/../../../../arm-none-eabi/lib/thumb/v7e-m/fpv4-sp/hard\libcr_semihost_nf.a(__sys_remove.o)
                0x000078b6                __sys_remove
 .text.__sys_seek
                0x000078c2        0xc c:/nxp/mcuxpressoide_10.2.1_795/ide/tools/bin/../lib/gcc/arm-none-eabi/7.2.1/../../../../arm-none-eabi/lib/thumb/v7e-m/fpv4-sp/hard\libcr_semihost_nf.a(__sys_seek.o)
                0x000078c2                __sys_seek
 .text.__sys_tmpnam
                0x000078ce        0xc c:/nxp/mcuxpressoide_10.2.1_795/ide/tools/bin/../lib/gcc/arm-none-eabi/7.2.1/../../../../arm-none-eabi/lib/thumb/v7e-m/fpv4-sp/hard\libcr_semihost_nf.a(__sys_tmpnam.o)
                0x000078ce                __sys_tmpnam
 .text.__sys_write
                0x000078da        0xc c:/nxp/mcuxpressoide_10.2.1_795/ide/tools/bin/../lib/gcc/arm-none-eabi/7.2.1/../../../../arm-none-eabi/lib/thumb/v7e-m/fpv4-sp/hard\libcr_semihost_nf.a(__sys_write.o)
                0x000078da                __sys_write
 *(SORT_BY_ALIGNMENT(.rodata) SORT_BY_ALIGNMENT(.rodata.*) SORT_BY_ALIGNMENT(.constdata) SORT_BY_ALIGNMENT(.constdata.*))
 *fill*         0x000078e6        0x2 ff
 .rodata        0x000078e8       0x16 ./source/lin1d3_driver.o
 *fill*         0x000078fe        0x2 ff
 .rodata        0x00007900      0x13e ./source/lin_driver_test_main.o
 *fill*         0x00007a3e        0x2 ff
 .rodata        0x00007a40      0x149 ./drivers/fsl_clock.o
 *fill*         0x00007b89        0x3 ff
 .rodata.fllFactorTable.7747
                0x00007b8c       0x10 ./drivers/fsl_clock.o
 .rodata.s_uartBases
                0x00007b9c       0x18 ./drivers/fsl_uart.o
 .rodata.s_uartIRQ
                0x00007bb4        0x6 ./drivers/fsl_uart.o
 *fill*         0x00007bba        0x2 ff
 .rodata.s_uartClock
                0x00007bbc       0x18 ./drivers/fsl_uart.o
 .rodata        0x00007bd4      0x513 ./drivers/fsl_uart.o
 *fill*         0x000080e7        0x1 ff
 .rodata.mcgConfig_BOARD_BootClockRUN
                0x000080e8        0xb ./board/src/clock_config.o
                0x000080e8                mcgConfig_BOARD_BootClockRUN
 *fill*         0x000080f3        0x1 ff
 .rodata.simConfig_BOARD_BootClockRUN
                0x000080f4        0x8 ./board/src/clock_config.o
                0x000080f4                simConfig_BOARD_BootClockRUN
 .rodata.oscConfig_BOARD_BootClockRUN
                0x000080fc        0x8 ./board/src/clock_config.o
                0x000080fc                oscConfig_BOARD_BootClockRUN
 .rodata        0x00008104       0x18 ./amazon-freertos/FreeRTOS/tasks.o
                0x0000810c                FreeRTOSDebugConfig
 .rodata        0x0000811c        0xd ./amazon-freertos/FreeRTOS/timers.o
 *fill*         0x00008129        0x3 ff
 .rodata.__num_Ciob_streams
                0x0000812c        0x4 c:/nxp/mcuxpressoide_10.2.1_795/ide/tools/bin/../lib/gcc/arm-none-eabi/7.2.1/../../../../arm-none-eabi/lib/thumb/v7e-m/fpv4-sp/hard\libcr_semihost_nf.a(__ciob.o)
                0x0000812c                __num_Ciob_streams
 .rodata.__assertion_failed.str1.1
                0x00008130       0x15 c:/nxp/mcuxpressoide_10.2.1_795/ide/tools/bin/../lib/gcc/arm-none-eabi/7.2.1/../../../../arm-none-eabi/lib/thumb/v7e-m/fpv4-sp/hard\libcr_semihost_nf.a(_cr_assert.o)
 .rodata._Csys_alloc.str1.1
                0x00008145       0x18 c:/nxp/mcuxpressoide_10.2.1_795/ide/tools/bin/../lib/gcc/arm-none-eabi/7.2.1/../../../../arm-none-eabi/lib/thumb/v7e-m/fpv4-sp/hard\libcr_c.a(alloc.o)
 .rodata._initio.str1.1
                0x0000815d        0x4 c:/nxp/mcuxpressoide_10.2.1_795/ide/tools/bin/../lib/gcc/arm-none-eabi/7.2.1/../../../../arm-none-eabi/lib/thumb/v7e-m/fpv4-sp/hard\libcr_c.a(initio.o)
 .rodata.__vfprintf.str1.1
                0x00008161       0x35 c:/nxp/mcuxpressoide_10.2.1_795/ide/tools/bin/../lib/gcc/arm-none-eabi/7.2.1/../../../../arm-none-eabi/lib/thumb/v7e-m/fpv4-sp/hard\libcr_c.a(printf.o)
                                 0x38 (size before relaxing)
                0x00008198                . = ALIGN (0x8)
 *fill*         0x00008196        0x2 ff

.glue_7         0x00008198        0x0
 .glue_7        0x00008198        0x0 linker stubs

.glue_7t        0x00008198        0x0
 .glue_7t       0x00008198        0x0 linker stubs

.vfp11_veneer   0x00008198        0x0
 .vfp11_veneer  0x00008198        0x0 linker stubs

.v4_bx          0x00008198        0x0
 .v4_bx         0x00008198        0x0 linker stubs

.iplt           0x00008198        0x0
 .iplt          0x00008198        0x0 ./startup/startup_mk64f12.o

.rel.dyn        0x00008198        0x0
 .rel.iplt      0x00008198        0x0 ./startup/startup_mk64f12.o

.ARM.extab
 *(SORT_BY_ALIGNMENT(.ARM.extab*) SORT_BY_ALIGNMENT(.gnu.linkonce.armextab.*))
                0x00008198                __exidx_start = .

.ARM.exidx
 *(SORT_BY_ALIGNMENT(.ARM.exidx*) SORT_BY_ALIGNMENT(.gnu.linkonce.armexidx.*))
                0x00008198                __exidx_end = .
                0x00008198                _etext = .

.m_usb_data
 *(SORT_BY_ALIGNMENT(m_usb_bdt))

.data_RAM2      0x1fff0000        0x0 load address 0x00008198
 FILL mask 0xff
                [!provide]                PROVIDE (__start_data_RAM2, .)
 *(SORT_BY_ALIGNMENT(.ramfunc.$RAM2))
 *(SORT_BY_ALIGNMENT(.ramfunc.$SRAM_LOWER))
 *(SORT_BY_ALIGNMENT(.data.$RAM2*))
 *(SORT_BY_ALIGNMENT(.data.$SRAM_LOWER*))
                0x1fff0000                . = ALIGN (0x8)
                [!provide]                PROVIDE (__end_data_RAM2, .)

.data_RAM3      0x14000000        0x0 load address 0x00008198
 FILL mask 0xff
                [!provide]                PROVIDE (__start_data_RAM3, .)
 *(SORT_BY_ALIGNMENT(.ramfunc.$RAM3))
 *(SORT_BY_ALIGNMENT(.ramfunc.$FLEX_RAM))
 *(SORT_BY_ALIGNMENT(.data.$RAM3*))
 *(SORT_BY_ALIGNMENT(.data.$FLEX_RAM*))
                0x14000000                . = ALIGN (0x8)
                [!provide]                PROVIDE (__end_data_RAM3, .)

.uninit_RESERVED
                0x20000000        0x0
 *(SORT_BY_ALIGNMENT(.bss.$RESERVED*))
                0x20000000                . = ALIGN (0x4)
                0x20000000                _end_uninit_RESERVED = .

.data           0x20000000       0x10 load address 0x00008198
 FILL mask 0xff
                0x20000000                _data = .
 *(SORT_BY_ALIGNMENT(vtable))
 *(SORT_BY_ALIGNMENT(.ramfunc*))
 *(SORT_BY_ALIGNMENT(.data*))
 .data.s_slowIrcFreq
                0x20000000        0x4 ./drivers/fsl_clock.o
 .data.s_fastIrcFreq
                0x20000004        0x4 ./drivers/fsl_clock.o
 .data.uxCriticalNesting
                0x20000008        0x4 ./amazon-freertos/FreeRTOS/portable/port.o
 .data.SystemCoreClock
                0x2000000c        0x4 ./CMSIS/system_MK64F12.o
                0x2000000c                SystemCoreClock
                0x20000010                . = ALIGN (0x8)
                0x20000010                _edata = .

.igot.plt       0x20000010        0x0 load address 0x000081a8
 .igot.plt      0x20000010        0x0 ./startup/startup_mk64f12.o

.bss_RAM2       0x1fff0000        0x0
                [!provide]                PROVIDE (__start_bss_RAM2, .)
 *(SORT_BY_ALIGNMENT(.bss.$RAM2*))
 *(SORT_BY_ALIGNMENT(.bss.$SRAM_LOWER*))
                0x1fff0000                . = ALIGN ((. != 0x0)?0x8:0x1)
                [!provide]                PROVIDE (__end_bss_RAM2, .)

.bss_RAM3       0x14000000        0x0
                [!provide]                PROVIDE (__start_bss_RAM3, .)
 *(SORT_BY_ALIGNMENT(.bss.$RAM3*))
 *(SORT_BY_ALIGNMENT(.bss.$FLEX_RAM*))
                0x14000000                . = ALIGN ((. != 0x0)?0x8:0x1)
                [!provide]                PROVIDE (__end_bss_RAM3, .)

.bss            0x20000010     0x2a88
                0x20000010                _bss = .
 *(SORT_BY_ALIGNMENT(.bss*))
 .bss.g_xtal0Freq
                0x20000010        0x4 ./drivers/fsl_clock.o
                0x20000010                g_xtal0Freq
 .bss.g_xtal32Freq
                0x20000014        0x4 ./drivers/fsl_clock.o
                0x20000014                g_xtal32Freq
 .bss.s_uartHandle
                0x20000018       0x18 ./drivers/fsl_uart.o
 .bss.s_uartIsr
                0x20000030        0x4 ./drivers/fsl_uart.o
 .bss.ucHeap    0x20000034     0x2800 ./amazon-freertos/FreeRTOS/portable/heap_4.o
 .bss.xStart    0x20002834        0x8 ./amazon-freertos/FreeRTOS/portable/heap_4.o
 .bss.pxEnd     0x2000283c        0x4 ./amazon-freertos/FreeRTOS/portable/heap_4.o
 .bss.xFreeBytesRemaining
                0x20002840        0x4 ./amazon-freertos/FreeRTOS/portable/heap_4.o
 .bss.xMinimumEverFreeBytesRemaining
                0x20002844        0x4 ./amazon-freertos/FreeRTOS/portable/heap_4.o
 .bss.xBlockAllocatedBit
                0x20002848        0x4 ./amazon-freertos/FreeRTOS/portable/heap_4.o
 .bss.ulMaxPRIGROUPValue
                0x2000284c        0x4 ./amazon-freertos/FreeRTOS/portable/port.o
 .bss.xQueueRegistry
                0x20002850       0x40 ./amazon-freertos/FreeRTOS/queue.o
                0x20002850                xQueueRegistry
 .bss.pxCurrentTCB
                0x20002890        0x4 ./amazon-freertos/FreeRTOS/tasks.o
                0x20002890                pxCurrentTCB
 .bss.pxReadyTasksLists
                0x20002894       0x64 ./amazon-freertos/FreeRTOS/tasks.o
 .bss.xDelayedTaskList1
                0x200028f8       0x14 ./amazon-freertos/FreeRTOS/tasks.o
 .bss.xDelayedTaskList2
                0x2000290c       0x14 ./amazon-freertos/FreeRTOS/tasks.o
 .bss.pxDelayedTaskList
                0x20002920        0x4 ./amazon-freertos/FreeRTOS/tasks.o
 .bss.pxOverflowDelayedTaskList
                0x20002924        0x4 ./amazon-freertos/FreeRTOS/tasks.o
 .bss.xPendingReadyList
                0x20002928       0x14 ./amazon-freertos/FreeRTOS/tasks.o
 .bss.xTasksWaitingTermination
                0x2000293c       0x14 ./amazon-freertos/FreeRTOS/tasks.o
 .bss.uxDeletedTasksWaitingCleanUp
                0x20002950        0x4 ./amazon-freertos/FreeRTOS/tasks.o
 .bss.xSuspendedTaskList
                0x20002954       0x14 ./amazon-freertos/FreeRTOS/tasks.o
 .bss.uxCurrentNumberOfTasks
                0x20002968        0x4 ./amazon-freertos/FreeRTOS/tasks.o
 .bss.xTickCount
                0x2000296c        0x4 ./amazon-freertos/FreeRTOS/tasks.o
 .bss.uxTopReadyPriority
                0x20002970        0x4 ./amazon-freertos/FreeRTOS/tasks.o
 .bss.xSchedulerRunning
                0x20002974        0x4 ./amazon-freertos/FreeRTOS/tasks.o
 .bss.uxPendedTicks
                0x20002978        0x4 ./amazon-freertos/FreeRTOS/tasks.o
 .bss.xYieldPending
                0x2000297c        0x4 ./amazon-freertos/FreeRTOS/tasks.o
 .bss.xNumOfOverflows
                0x20002980        0x4 ./amazon-freertos/FreeRTOS/tasks.o
 .bss.uxTaskNumber
                0x20002984        0x4 ./amazon-freertos/FreeRTOS/tasks.o
 .bss.xNextTaskUnblockTime
                0x20002988        0x4 ./amazon-freertos/FreeRTOS/tasks.o
 .bss.xIdleTaskHandle
                0x2000298c        0x4 ./amazon-freertos/FreeRTOS/tasks.o
 .bss.uxSchedulerSuspended
                0x20002990        0x4 ./amazon-freertos/FreeRTOS/tasks.o
 .bss.xActiveTimerList1
                0x20002994       0x14 ./amazon-freertos/FreeRTOS/timers.o
 .bss.xActiveTimerList2
                0x200029a8       0x14 ./amazon-freertos/FreeRTOS/timers.o
 .bss.pxCurrentTimerList
                0x200029bc        0x4 ./amazon-freertos/FreeRTOS/timers.o
 .bss.pxOverflowTimerList
                0x200029c0        0x4 ./amazon-freertos/FreeRTOS/timers.o
 .bss.xTimerQueue
                0x200029c4        0x4 ./amazon-freertos/FreeRTOS/timers.o
 .bss.xTimerTaskHandle
                0x200029c8        0x4 ./amazon-freertos/FreeRTOS/timers.o
 .bss.xLastTime.5851
                0x200029cc        0x4 ./amazon-freertos/FreeRTOS/timers.o
 .bss.__Ciob    0x200029d0       0xb4 c:/nxp/mcuxpressoide_10.2.1_795/ide/tools/bin/../lib/gcc/arm-none-eabi/7.2.1/../../../../arm-none-eabi/lib/thumb/v7e-m/fpv4-sp/hard\libcr_semihost_nf.a(__ciob.o)
                0x200029d0                __Ciob
 .bss.__end_of_heap
                0x20002a84        0x4 c:/nxp/mcuxpressoide_10.2.1_795/ide/tools/bin/../lib/gcc/arm-none-eabi/7.2.1/../../../../arm-none-eabi/lib/thumb/v7e-m/fpv4-sp/hard\libcr_c.a(__init_alloc.o)
                0x20002a84                __end_of_heap
 .bss.__heaps   0x20002a88        0x4 c:/nxp/mcuxpressoide_10.2.1_795/ide/tools/bin/../lib/gcc/arm-none-eabi/7.2.1/../../../../arm-none-eabi/lib/thumb/v7e-m/fpv4-sp/hard\libcr_c.a(__init_alloc.o)
                0x20002a88                __heaps
 .bss.errno     0x20002a8c        0x4 c:/nxp/mcuxpressoide_10.2.1_795/ide/tools/bin/../lib/gcc/arm-none-eabi/7.2.1/../../../../arm-none-eabi/lib/thumb/v7e-m/fpv4-sp/hard\libcr_c.a(errno.o)
                0x20002a8c                errno
 .bss.node_idx.8714
                0x20002a90        0x1 ./source/lin1d3_driver.o
 .bss.ucMaxSysCallPriority
                0x20002a91        0x1 ./amazon-freertos/FreeRTOS/portable/port.o
 *(SORT_BY_ALIGNMENT(COMMON))
                0x20002a98                . = ALIGN (0x8)
 *fill*         0x20002a92        0x6 
                0x20002a98                _ebss = .
                [!provide]                PROVIDE (end, .)

.noinit_RAM2    0x1fff0000        0x0
 *(SORT_BY_ALIGNMENT(.noinit.$RAM2*))
 *(SORT_BY_ALIGNMENT(.noinit.$SRAM_LOWER*))
                0x1fff0000                . = ALIGN (0x8)

.noinit_RAM3    0x14000000        0x0
 *(SORT_BY_ALIGNMENT(.noinit.$RAM3*))
 *(SORT_BY_ALIGNMENT(.noinit.$FLEX_RAM*))
                0x14000000                . = ALIGN (0x8)

.noinit         0x20002a98        0x0
                0x20002a98                _noinit = .
 *(SORT_BY_ALIGNMENT(.noinit*))
                0x20002a98                . = ALIGN (0x8)
                0x20002a98                _end_noinit = .
                0x00001000                _HeapSize = 0x1000

.heap           0x20002a98     0x1000
                0x20002a98                _pvHeapStart = .
                0x20003a98                . = (. + _HeapSize)
 *fill*         0x20002a98     0x1000 
                0x20003a98                . = ALIGN (0x8)
                0x20003a98                _pvHeapLimit = .
                0x00001000                _StackSize = 0x1000

.heap2stackfill
                0x20003a98     0x1000
                0x20004a98                . = (. + _StackSize)
 *fill*         0x20003a98     0x1000 

.stack          0x2002f000        0x0
                0x2002f000                _vStackBase = .
                0x2002f000                . = ALIGN (0x8)
                0x20030000                _vStackTop = (. + _StackSize)
                0x00000000                _image_start = LOADADDR (.text)
                0x000081a8                _image_end = (LOADADDR (.data) + SIZEOF (.data))
                0x000081a8                _image_size = (_image_end - _image_start)
OUTPUT(LIN_MOODLE.axf elf32-littlearm)

.debug_info     0x00000000     0xdc80
 .debug_info    0x00000000      0x8ac ./startup/startup_mk64f12.o
 .debug_info    0x000008ac      0xea4 ./source/lin1d3_driver.o
 .debug_info    0x00001750     0x12b3 ./source/lin_driver_test_main.o
 .debug_info    0x00002a03       0x37 ./source/semihost_hardfault.o
 .debug_info    0x00002a3a      0xa35 ./drivers/freertos/fsl_uart_freertos.o
 .debug_info    0x0000346f     0x1e9b ./drivers/fsl_clock.o
 .debug_info    0x0000530a     0x19db ./drivers/fsl_uart.o
 .debug_info    0x00006ce5      0xaa2 ./board/src/clock_config.o
 .debug_info    0x00007787      0x497 ./board/pin_mux.o
 .debug_info    0x00007c1e       0xe1 ./amazon-freertos/portable/fsl_tickless_systick.o
 .debug_info    0x00007cff      0x3e6 ./amazon-freertos/FreeRTOS/portable/heap_4.o
 .debug_info    0x000080e5      0x52a ./amazon-freertos/FreeRTOS/portable/port.o
 .debug_info    0x0000860f      0x9c9 ./amazon-freertos/FreeRTOS/event_groups.o
 .debug_info    0x00008fd8      0x2c5 ./amazon-freertos/FreeRTOS/list.o
 .debug_info    0x0000929d     0x168c ./amazon-freertos/FreeRTOS/queue.o
 .debug_info    0x0000a929     0x1f89 ./amazon-freertos/FreeRTOS/tasks.o
 .debug_info    0x0000c8b2      0xda1 ./amazon-freertos/FreeRTOS/timers.o
 .debug_info    0x0000d653      0x62d ./CMSIS/system_MK64F12.o

.debug_abbrev   0x00000000     0x2320
 .debug_abbrev  0x00000000      0x159 ./startup/startup_mk64f12.o
 .debug_abbrev  0x00000159      0x24b ./source/lin1d3_driver.o
 .debug_abbrev  0x000003a4      0x257 ./source/lin_driver_test_main.o
 .debug_abbrev  0x000005fb       0x2c ./source/semihost_hardfault.o
 .debug_abbrev  0x00000627      0x233 ./drivers/freertos/fsl_uart_freertos.o
 .debug_abbrev  0x0000085a      0x31e ./drivers/fsl_clock.o
 .debug_abbrev  0x00000b78      0x300 ./drivers/fsl_uart.o
 .debug_abbrev  0x00000e78      0x1f1 ./board/src/clock_config.o
 .debug_abbrev  0x00001069      0x16a ./board/pin_mux.o
 .debug_abbrev  0x000011d3       0x8f ./amazon-freertos/portable/fsl_tickless_systick.o
 .debug_abbrev  0x00001262      0x1e5 ./amazon-freertos/FreeRTOS/portable/heap_4.o
 .debug_abbrev  0x00001447      0x249 ./amazon-freertos/FreeRTOS/portable/port.o
 .debug_abbrev  0x00001690      0x23b ./amazon-freertos/FreeRTOS/event_groups.o
 .debug_abbrev  0x000018cb      0x116 ./amazon-freertos/FreeRTOS/list.o
 .debug_abbrev  0x000019e1      0x2b3 ./amazon-freertos/FreeRTOS/queue.o
 .debug_abbrev  0x00001c94      0x2e8 ./amazon-freertos/FreeRTOS/tasks.o
 .debug_abbrev  0x00001f7c      0x253 ./amazon-freertos/FreeRTOS/timers.o
 .debug_abbrev  0x000021cf      0x151 ./CMSIS/system_MK64F12.o

.debug_aranges  0x00000000      0xdf8
 .debug_aranges
                0x00000000      0x330 ./startup/startup_mk64f12.o
 .debug_aranges
                0x00000330       0x40 ./source/lin1d3_driver.o
 .debug_aranges
                0x00000370       0x60 ./source/lin_driver_test_main.o
 .debug_aranges
                0x000003d0       0x20 ./source/semihost_hardfault.o
 .debug_aranges
                0x000003f0       0x50 ./drivers/freertos/fsl_uart_freertos.o
 .debug_aranges
                0x00000440      0x1e8 ./drivers/fsl_clock.o
 .debug_aranges
                0x00000628      0x170 ./drivers/fsl_uart.o
 .debug_aranges
                0x00000798       0x50 ./board/src/clock_config.o
 .debug_aranges
                0x000007e8       0x30 ./board/pin_mux.o
 .debug_aranges
                0x00000818       0x20 ./amazon-freertos/portable/fsl_tickless_systick.o
 .debug_aranges
                0x00000838       0x50 ./amazon-freertos/FreeRTOS/portable/heap_4.o
 .debug_aranges
                0x00000888       0x78 ./amazon-freertos/FreeRTOS/portable/port.o
 .debug_aranges
                0x00000900       0x88 ./amazon-freertos/FreeRTOS/event_groups.o
 .debug_aranges
                0x00000988       0x40 ./amazon-freertos/FreeRTOS/list.o
 .debug_aranges
                0x000009c8      0x130 ./amazon-freertos/FreeRTOS/queue.o
 .debug_aranges
                0x00000af8      0x1f8 ./amazon-freertos/FreeRTOS/tasks.o
 .debug_aranges
                0x00000cf0       0xd8 ./amazon-freertos/FreeRTOS/timers.o
 .debug_aranges
                0x00000dc8       0x30 ./CMSIS/system_MK64F12.o

.debug_ranges   0x00000000      0xcd8
 .debug_ranges  0x00000000      0x320 ./startup/startup_mk64f12.o
 .debug_ranges  0x00000320       0x30 ./source/lin1d3_driver.o
 .debug_ranges  0x00000350       0x50 ./source/lin_driver_test_main.o
 .debug_ranges  0x000003a0       0x10 ./source/semihost_hardfault.o
 .debug_ranges  0x000003b0       0x40 ./drivers/freertos/fsl_uart_freertos.o
 .debug_ranges  0x000003f0      0x1d8 ./drivers/fsl_clock.o
 .debug_ranges  0x000005c8      0x160 ./drivers/fsl_uart.o
 .debug_ranges  0x00000728       0x40 ./board/src/clock_config.o
 .debug_ranges  0x00000768       0x20 ./board/pin_mux.o
 .debug_ranges  0x00000788       0x10 ./amazon-freertos/portable/fsl_tickless_systick.o
 .debug_ranges  0x00000798       0x40 ./amazon-freertos/FreeRTOS/portable/heap_4.o
 .debug_ranges  0x000007d8       0x68 ./amazon-freertos/FreeRTOS/portable/port.o
 .debug_ranges  0x00000840       0x78 ./amazon-freertos/FreeRTOS/event_groups.o
 .debug_ranges  0x000008b8       0x30 ./amazon-freertos/FreeRTOS/list.o
 .debug_ranges  0x000008e8      0x120 ./amazon-freertos/FreeRTOS/queue.o
 .debug_ranges  0x00000a08      0x1e8 ./amazon-freertos/FreeRTOS/tasks.o
 .debug_ranges  0x00000bf0       0xc8 ./amazon-freertos/FreeRTOS/timers.o
 .debug_ranges  0x00000cb8       0x20 ./CMSIS/system_MK64F12.o

.debug_line     0x00000000     0x52af
 .debug_line    0x00000000      0x6d4 ./startup/startup_mk64f12.o
 .debug_line    0x000006d4      0x37b ./source/lin1d3_driver.o
 .debug_line    0x00000a4f      0x32a ./source/lin_driver_test_main.o
 .debug_line    0x00000d79       0x54 ./source/semihost_hardfault.o
 .debug_line    0x00000dcd      0x2eb ./drivers/freertos/fsl_uart_freertos.o
 .debug_line    0x000010b8      0x928 ./drivers/fsl_clock.o
 .debug_line    0x000019e0      0x938 ./drivers/fsl_uart.o
 .debug_line    0x00002318      0x1ee ./board/src/clock_config.o
 .debug_line    0x00002506      0x168 ./board/pin_mux.o
 .debug_line    0x0000266e      0x133 ./amazon-freertos/portable/fsl_tickless_systick.o
 .debug_line    0x000027a1      0x23f ./amazon-freertos/FreeRTOS/portable/heap_4.o
 .debug_line    0x000029e0      0x320 ./amazon-freertos/FreeRTOS/portable/port.o
 .debug_line    0x00002d00      0x40f ./amazon-freertos/FreeRTOS/event_groups.o
 .debug_line    0x0000310f      0x1b5 ./amazon-freertos/FreeRTOS/list.o
 .debug_line    0x000032c4      0xaca ./amazon-freertos/FreeRTOS/queue.o
 .debug_line    0x00003d8e      0xe71 ./amazon-freertos/FreeRTOS/tasks.o
 .debug_line    0x00004bff      0x528 ./amazon-freertos/FreeRTOS/timers.o
 .debug_line    0x00005127      0x188 ./CMSIS/system_MK64F12.o

.debug_str      0x00000000     0x6288
 .debug_str     0x00000000      0x8e8 ./startup/startup_mk64f12.o
                                0x90a (size before relaxing)
 .debug_str     0x000008e8      0xa51 ./source/lin1d3_driver.o
                                0xc0f (size before relaxing)
 .debug_str     0x00001339      0x8b5 ./source/lin_driver_test_main.o
                               0x13bd (size before relaxing)
 .debug_str     0x00001bee       0x1f ./source/semihost_hardfault.o
                                0x12c (size before relaxing)
 .debug_str     0x00001c0d      0x520 ./drivers/freertos/fsl_uart_freertos.o
                                0xb7d (size before relaxing)
 .debug_str     0x0000212d     0x1577 ./drivers/fsl_clock.o
                               0x1ce0 (size before relaxing)
 .debug_str     0x000036a4      0x75c ./drivers/fsl_uart.o
                               0x1e3c (size before relaxing)
 .debug_str     0x00003e00      0x226 ./board/src/clock_config.o
                                0xea9 (size before relaxing)
 .debug_str     0x00004026      0x164 ./board/pin_mux.o
                                0x62b (size before relaxing)
 .debug_str     0x0000418a       0x4c ./amazon-freertos/portable/fsl_tickless_systick.o
                                0x231 (size before relaxing)
 .debug_str     0x000041d6      0x20b ./amazon-freertos/FreeRTOS/portable/heap_4.o
                                0x3e4 (size before relaxing)
 .debug_str     0x000043e1      0x203 ./amazon-freertos/FreeRTOS/portable/port.o
                                0x447 (size before relaxing)
 .debug_str     0x000045e4      0x3bf ./amazon-freertos/FreeRTOS/event_groups.o
                                0x646 (size before relaxing)
 .debug_str     0x000049a3       0xa5 ./amazon-freertos/FreeRTOS/list.o
                                0x327 (size before relaxing)
 .debug_str     0x00004a48      0x5bc ./amazon-freertos/FreeRTOS/queue.o
                                0x93b (size before relaxing)
 .debug_str     0x00005004      0xc9b ./amazon-freertos/FreeRTOS/tasks.o
                               0x10e6 (size before relaxing)
 .debug_str     0x00005c9f      0x510 ./amazon-freertos/FreeRTOS/timers.o
                                0x853 (size before relaxing)
 .debug_str     0x000061af       0xd9 ./CMSIS/system_MK64F12.o
                                0x3d9 (size before relaxing)

.comment        0x00000000       0x7e
 .comment       0x00000000       0x7e ./startup/startup_mk64f12.o
                                 0x7f (size before relaxing)
 .comment       0x0000007e       0x7f ./source/lin1d3_driver.o
 .comment       0x0000007e       0x7f ./source/lin_driver_test_main.o
 .comment       0x0000007e       0x7f ./source/semihost_hardfault.o
 .comment       0x0000007e       0x7f ./drivers/freertos/fsl_uart_freertos.o
 .comment       0x0000007e       0x7f ./drivers/fsl_clock.o
 .comment       0x0000007e       0x7f ./drivers/fsl_uart.o
 .comment       0x0000007e       0x7f ./board/src/clock_config.o
 .comment       0x0000007e       0x7f ./board/pin_mux.o
 .comment       0x0000007e       0x7f ./amazon-freertos/portable/fsl_tickless_systick.o
 .comment       0x0000007e       0x7f ./amazon-freertos/FreeRTOS/portable/heap_4.o
 .comment       0x0000007e       0x7f ./amazon-freertos/FreeRTOS/portable/port.o
 .comment       0x0000007e       0x7f ./amazon-freertos/FreeRTOS/event_groups.o
 .comment       0x0000007e       0x7f ./amazon-freertos/FreeRTOS/list.o
 .comment       0x0000007e       0x7f ./amazon-freertos/FreeRTOS/queue.o
 .comment       0x0000007e       0x7f ./amazon-freertos/FreeRTOS/tasks.o
 .comment       0x0000007e       0x7f ./amazon-freertos/FreeRTOS/timers.o
 .comment       0x0000007e       0x7f ./CMSIS/system_MK64F12.o
 .comment       0x0000007e       0x7f c:/nxp/mcuxpressoide_10.2.1_795/ide/tools/bin/../lib/gcc/arm-none-eabi/7.2.1/../../../../arm-none-eabi/lib/thumb/v7e-m/fpv4-sp/hard\libcr_semihost_nf.a(_cr__main.o)
 .comment       0x0000007e       0x7f c:/nxp/mcuxpressoide_10.2.1_795/ide/tools/bin/../lib/gcc/arm-none-eabi/7.2.1/../../../../arm-none-eabi/lib/thumb/v7e-m/fpv4-sp/hard\libcr_semihost_nf.a(_cr_assert.o)
 .comment       0x0000007e       0x7f c:/nxp/mcuxpressoide_10.2.1_795/ide/tools/bin/../lib/gcc/arm-none-eabi/7.2.1/../../../../arm-none-eabi/lib/thumb/v7e-m/fpv4-sp/hard\libcr_semihost_nf.a(__ciob.o)
 .comment       0x0000007e       0x7f c:/nxp/mcuxpressoide_10.2.1_795/ide/tools/bin/../lib/gcc/arm-none-eabi/7.2.1/../../../../arm-none-eabi/lib/thumb/v7e-m/fpv4-sp/hard\libcr_c.a(memcpy.o)
 .comment       0x0000007e       0x7f c:/nxp/mcuxpressoide_10.2.1_795/ide/tools/bin/../lib/gcc/arm-none-eabi/7.2.1/../../../../arm-none-eabi/lib/thumb/v7e-m/fpv4-sp/hard\libcr_c.a(memset.o)
 .comment       0x0000007e       0x7f c:/nxp/mcuxpressoide_10.2.1_795/ide/tools/bin/../lib/gcc/arm-none-eabi/7.2.1/../../../../arm-none-eabi/lib/thumb/v7e-m/fpv4-sp/hard\libcr_c.a(_deferredlazyseek.o)
 .comment       0x0000007e       0x7f c:/nxp/mcuxpressoide_10.2.1_795/ide/tools/bin/../lib/gcc/arm-none-eabi/7.2.1/../../../../arm-none-eabi/lib/thumb/v7e-m/fpv4-sp/hard\libcr_c.a(_fflush.o)
 .comment       0x0000007e       0x7f c:/nxp/mcuxpressoide_10.2.1_795/ide/tools/bin/../lib/gcc/arm-none-eabi/7.2.1/../../../../arm-none-eabi/lib/thumb/v7e-m/fpv4-sp/hard\libcr_c.a(_writebuf.o)
 .comment       0x0000007e       0x7f c:/nxp/mcuxpressoide_10.2.1_795/ide/tools/bin/../lib/gcc/arm-none-eabi/7.2.1/../../../../arm-none-eabi/lib/thumb/v7e-m/fpv4-sp/hard\libcr_c.a(alloc.o)
 .comment       0x0000007e       0x7f c:/nxp/mcuxpressoide_10.2.1_795/ide/tools/bin/../lib/gcc/arm-none-eabi/7.2.1/../../../../arm-none-eabi/lib/thumb/v7e-m/fpv4-sp/hard\libcr_c.a(fputs.o)
 .comment       0x0000007e       0x7f c:/nxp/mcuxpressoide_10.2.1_795/ide/tools/bin/../lib/gcc/arm-none-eabi/7.2.1/../../../../arm-none-eabi/lib/thumb/v7e-m/fpv4-sp/hard\libcr_c.a(fseek.o)
 .comment       0x0000007e       0x7f c:/nxp/mcuxpressoide_10.2.1_795/ide/tools/bin/../lib/gcc/arm-none-eabi/7.2.1/../../../../arm-none-eabi/lib/thumb/v7e-m/fpv4-sp/hard\libcr_c.a(ftell.o)
 .comment       0x0000007e       0x7f c:/nxp/mcuxpressoide_10.2.1_795/ide/tools/bin/../lib/gcc/arm-none-eabi/7.2.1/../../../../arm-none-eabi/lib/thumb/v7e-m/fpv4-sp/hard\libcr_c.a(initio.o)
 .comment       0x0000007e       0x7f c:/nxp/mcuxpressoide_10.2.1_795/ide/tools/bin/../lib/gcc/arm-none-eabi/7.2.1/../../../../arm-none-eabi/lib/thumb/v7e-m/fpv4-sp/hard\libcr_c.a(printf.o)
 .comment       0x0000007e       0x7f c:/nxp/mcuxpressoide_10.2.1_795/ide/tools/bin/../lib/gcc/arm-none-eabi/7.2.1/../../../../arm-none-eabi/lib/thumb/v7e-m/fpv4-sp/hard\libcr_c.a(setvbuf.o)
 .comment       0x0000007e       0x7f c:/nxp/mcuxpressoide_10.2.1_795/ide/tools/bin/../lib/gcc/arm-none-eabi/7.2.1/../../../../arm-none-eabi/lib/thumb/v7e-m/fpv4-sp/hard\libcr_c.a(strlen.o)
 .comment       0x0000007e       0x7f c:/nxp/mcuxpressoide_10.2.1_795/ide/tools/bin/../lib/gcc/arm-none-eabi/7.2.1/../../../../arm-none-eabi/lib/thumb/v7e-m/fpv4-sp/hard\libcr_c.a(__init_alloc.o)
 .comment       0x0000007e       0x7f c:/nxp/mcuxpressoide_10.2.1_795/ide/tools/bin/../lib/gcc/arm-none-eabi/7.2.1/../../../../arm-none-eabi/lib/thumb/v7e-m/fpv4-sp/hard\libcr_c.a(_cr_sbrk.o)
 .comment       0x0000007e       0x7f c:/nxp/mcuxpressoide_10.2.1_795/ide/tools/bin/../lib/gcc/arm-none-eabi/7.2.1/../../../../arm-none-eabi/lib/thumb/v7e-m/fpv4-sp/hard\libcr_c.a(_fdopen.o)
 .comment       0x0000007e       0x7f c:/nxp/mcuxpressoide_10.2.1_795/ide/tools/bin/../lib/gcc/arm-none-eabi/7.2.1/../../../../arm-none-eabi/lib/thumb/v7e-m/fpv4-sp/hard\libcr_c.a(errno.o)
 .comment       0x0000007e       0x7f c:/nxp/mcuxpressoide_10.2.1_795/ide/tools/bin/../lib/gcc/arm-none-eabi/7.2.1/../../../../arm-none-eabi/lib/thumb/v7e-m/fpv4-sp/hard\libcr_c.a(fclose.o)
 .comment       0x0000007e       0x7f c:/nxp/mcuxpressoide_10.2.1_795/ide/tools/bin/../lib/gcc/arm-none-eabi/7.2.1/../../../../arm-none-eabi/lib/thumb/v7e-m/fpv4-sp/hard\libcr_c.a(fflush.o)
 .comment       0x0000007e       0x7f c:/nxp/mcuxpressoide_10.2.1_795/ide/tools/bin/../lib/gcc/arm-none-eabi/7.2.1/../../../../arm-none-eabi/lib/thumb/v7e-m/fpv4-sp/hard\libcr_c.a(remove.o)
 .comment       0x0000007e       0x7f c:/nxp/mcuxpressoide_10.2.1_795/ide/tools/bin/../lib/gcc/arm-none-eabi/7.2.1/../../../../arm-none-eabi/lib/thumb/v7e-m/fpv4-sp/hard\libcr_c.a(_cr_check_heap.o)
 .comment       0x0000007e       0x7f c:/nxp/mcuxpressoide_10.2.1_795/ide/tools/bin/../lib/gcc/arm-none-eabi/7.2.1/../../../../arm-none-eabi/lib/thumb/v7e-m/fpv4-sp/hard\libcr_c.a(_do_fflush.o)

.ARM.attributes
                0x00000000       0x37
 .ARM.attributes
                0x00000000       0x39 ./startup/startup_mk64f12.o
 .ARM.attributes
                0x00000039       0x39 ./source/lin1d3_driver.o
 .ARM.attributes
                0x00000072       0x39 ./source/lin_driver_test_main.o
 .ARM.attributes
                0x000000ab       0x39 ./source/semihost_hardfault.o
 .ARM.attributes
                0x000000e4       0x39 ./drivers/freertos/fsl_uart_freertos.o
 .ARM.attributes
                0x0000011d       0x39 ./drivers/fsl_clock.o
 .ARM.attributes
                0x00000156       0x39 ./drivers/fsl_uart.o
 .ARM.attributes
                0x0000018f       0x39 ./board/src/clock_config.o
 .ARM.attributes
                0x000001c8       0x39 ./board/pin_mux.o
 .ARM.attributes
                0x00000201       0x39 ./amazon-freertos/portable/fsl_tickless_systick.o
 .ARM.attributes
                0x0000023a       0x39 ./amazon-freertos/FreeRTOS/portable/heap_4.o
 .ARM.attributes
                0x00000273       0x39 ./amazon-freertos/FreeRTOS/portable/port.o
 .ARM.attributes
                0x000002ac       0x39 ./amazon-freertos/FreeRTOS/event_groups.o
 .ARM.attributes
                0x000002e5       0x39 ./amazon-freertos/FreeRTOS/list.o
 .ARM.attributes
                0x0000031e       0x39 ./amazon-freertos/FreeRTOS/queue.o
 .ARM.attributes
                0x00000357       0x39 ./amazon-freertos/FreeRTOS/tasks.o
 .ARM.attributes
                0x00000390       0x39 ./amazon-freertos/FreeRTOS/timers.o
 .ARM.attributes
                0x000003c9       0x39 ./CMSIS/system_MK64F12.o
 .ARM.attributes
                0x00000402       0x39 c:/nxp/mcuxpressoide_10.2.1_795/ide/tools/bin/../lib/gcc/arm-none-eabi/7.2.1/../../../../arm-none-eabi/lib/thumb/v7e-m/fpv4-sp/hard\libcr_semihost_nf.a(_cr__main.o)
 .ARM.attributes
                0x0000043b       0x39 c:/nxp/mcuxpressoide_10.2.1_795/ide/tools/bin/../lib/gcc/arm-none-eabi/7.2.1/../../../../arm-none-eabi/lib/thumb/v7e-m/fpv4-sp/hard\libcr_semihost_nf.a(_cr_assert.o)
 .ARM.attributes
                0x00000474       0x39 c:/nxp/mcuxpressoide_10.2.1_795/ide/tools/bin/../lib/gcc/arm-none-eabi/7.2.1/../../../../arm-none-eabi/lib/thumb/v7e-m/fpv4-sp/hard\libcr_semihost_nf.a(__ciob.o)
 .ARM.attributes
                0x000004ad       0x25 c:/nxp/mcuxpressoide_10.2.1_795/ide/tools/bin/../lib/gcc/arm-none-eabi/7.2.1/../../../../arm-none-eabi/lib/thumb/v7e-m/fpv4-sp/hard\libcr_semihost_nf.a(__sys_appexit.o)
 .ARM.attributes
                0x000004d2       0x39 c:/nxp/mcuxpressoide_10.2.1_795/ide/tools/bin/../lib/gcc/arm-none-eabi/7.2.1/../../../../arm-none-eabi/lib/thumb/v7e-m/fpv4-sp/hard\libcr_c.a(memcpy.o)
 .ARM.attributes
                0x0000050b       0x39 c:/nxp/mcuxpressoide_10.2.1_795/ide/tools/bin/../lib/gcc/arm-none-eabi/7.2.1/../../../../arm-none-eabi/lib/thumb/v7e-m/fpv4-sp/hard\libcr_c.a(memset.o)
 .ARM.attributes
                0x00000544       0x39 c:/nxp/mcuxpressoide_10.2.1_795/ide/tools/bin/../lib/gcc/arm-none-eabi/7.2.1/../../../../arm-none-eabi/lib/thumb/v7e-m/fpv4-sp/hard\libcr_c.a(_deferredlazyseek.o)
 .ARM.attributes
                0x0000057d       0x39 c:/nxp/mcuxpressoide_10.2.1_795/ide/tools/bin/../lib/gcc/arm-none-eabi/7.2.1/../../../../arm-none-eabi/lib/thumb/v7e-m/fpv4-sp/hard\libcr_c.a(_fflush.o)
 .ARM.attributes
                0x000005b6       0x39 c:/nxp/mcuxpressoide_10.2.1_795/ide/tools/bin/../lib/gcc/arm-none-eabi/7.2.1/../../../../arm-none-eabi/lib/thumb/v7e-m/fpv4-sp/hard\libcr_c.a(_writebuf.o)
 .ARM.attributes
                0x000005ef       0x39 c:/nxp/mcuxpressoide_10.2.1_795/ide/tools/bin/../lib/gcc/arm-none-eabi/7.2.1/../../../../arm-none-eabi/lib/thumb/v7e-m/fpv4-sp/hard\libcr_c.a(alloc.o)
 .ARM.attributes
                0x00000628       0x39 c:/nxp/mcuxpressoide_10.2.1_795/ide/tools/bin/../lib/gcc/arm-none-eabi/7.2.1/../../../../arm-none-eabi/lib/thumb/v7e-m/fpv4-sp/hard\libcr_c.a(fputs.o)
 .ARM.attributes
                0x00000661       0x39 c:/nxp/mcuxpressoide_10.2.1_795/ide/tools/bin/../lib/gcc/arm-none-eabi/7.2.1/../../../../arm-none-eabi/lib/thumb/v7e-m/fpv4-sp/hard\libcr_c.a(fseek.o)
 .ARM.attributes
                0x0000069a       0x39 c:/nxp/mcuxpressoide_10.2.1_795/ide/tools/bin/../lib/gcc/arm-none-eabi/7.2.1/../../../../arm-none-eabi/lib/thumb/v7e-m/fpv4-sp/hard\libcr_c.a(ftell.o)
 .ARM.attributes
                0x000006d3       0x39 c:/nxp/mcuxpressoide_10.2.1_795/ide/tools/bin/../lib/gcc/arm-none-eabi/7.2.1/../../../../arm-none-eabi/lib/thumb/v7e-m/fpv4-sp/hard\libcr_c.a(initio.o)
 .ARM.attributes
                0x0000070c       0x39 c:/nxp/mcuxpressoide_10.2.1_795/ide/tools/bin/../lib/gcc/arm-none-eabi/7.2.1/../../../../arm-none-eabi/lib/thumb/v7e-m/fpv4-sp/hard\libcr_c.a(printf.o)
 .ARM.attributes
                0x00000745       0x39 c:/nxp/mcuxpressoide_10.2.1_795/ide/tools/bin/../lib/gcc/arm-none-eabi/7.2.1/../../../../arm-none-eabi/lib/thumb/v7e-m/fpv4-sp/hard\libcr_c.a(setvbuf.o)
 .ARM.attributes
                0x0000077e       0x39 c:/nxp/mcuxpressoide_10.2.1_795/ide/tools/bin/../lib/gcc/arm-none-eabi/7.2.1/../../../../arm-none-eabi/lib/thumb/v7e-m/fpv4-sp/hard\libcr_c.a(strlen.o)
 .ARM.attributes
                0x000007b7       0x39 c:/nxp/mcuxpressoide_10.2.1_795/ide/tools/bin/../lib/gcc/arm-none-eabi/7.2.1/../../../../arm-none-eabi/lib/thumb/v7e-m/fpv4-sp/hard\libcr_c.a(__init_alloc.o)
 .ARM.attributes
                0x000007f0       0x39 c:/nxp/mcuxpressoide_10.2.1_795/ide/tools/bin/../lib/gcc/arm-none-eabi/7.2.1/../../../../arm-none-eabi/lib/thumb/v7e-m/fpv4-sp/hard\libcr_c.a(_cr_sbrk.o)
 .ARM.attributes
                0x00000829       0x39 c:/nxp/mcuxpressoide_10.2.1_795/ide/tools/bin/../lib/gcc/arm-none-eabi/7.2.1/../../../../arm-none-eabi/lib/thumb/v7e-m/fpv4-sp/hard\libcr_c.a(_fdopen.o)
 .ARM.attributes
                0x00000862       0x39 c:/nxp/mcuxpressoide_10.2.1_795/ide/tools/bin/../lib/gcc/arm-none-eabi/7.2.1/../../../../arm-none-eabi/lib/thumb/v7e-m/fpv4-sp/hard\libcr_c.a(errno.o)
 .ARM.attributes
                0x0000089b       0x39 c:/nxp/mcuxpressoide_10.2.1_795/ide/tools/bin/../lib/gcc/arm-none-eabi/7.2.1/../../../../arm-none-eabi/lib/thumb/v7e-m/fpv4-sp/hard\libcr_c.a(fclose.o)
 .ARM.attributes
                0x000008d4       0x39 c:/nxp/mcuxpressoide_10.2.1_795/ide/tools/bin/../lib/gcc/arm-none-eabi/7.2.1/../../../../arm-none-eabi/lib/thumb/v7e-m/fpv4-sp/hard\libcr_c.a(fflush.o)
 .ARM.attributes
                0x0000090d       0x39 c:/nxp/mcuxpressoide_10.2.1_795/ide/tools/bin/../lib/gcc/arm-none-eabi/7.2.1/../../../../arm-none-eabi/lib/thumb/v7e-m/fpv4-sp/hard\libcr_c.a(remove.o)
 .ARM.attributes
                0x00000946       0x39 c:/nxp/mcuxpressoide_10.2.1_795/ide/tools/bin/../lib/gcc/arm-none-eabi/7.2.1/../../../../arm-none-eabi/lib/thumb/v7e-m/fpv4-sp/hard\libcr_c.a(_cr_check_heap.o)
 .ARM.attributes
                0x0000097f       0x39 c:/nxp/mcuxpressoide_10.2.1_795/ide/tools/bin/../lib/gcc/arm-none-eabi/7.2.1/../../../../arm-none-eabi/lib/thumb/v7e-m/fpv4-sp/hard\libcr_c.a(_do_fflush.o)
 .ARM.attributes